{
  "outcome": {
    "outcome": "accepted",
    "value": {
      "receipt": {
        "submission_id": "01a096fc-a1c1-7641-b19a-2028a48d1416~01a096fc-dff1-7c73-9e61-2143c3ca8a8a",
        "job_id": "01a096fc-a1c1-7641-b19a-2028a48d1416~01a096fc-dff1-7c73-9e61-2150855ce709",
        "submission_state": "accepted",
        "job_state": "pending",
        "reason_code": null,
        "accepted_unix_millis": 1789239549937,
        "priority": 0,
        "effective_priority": 0,
        "blockers": [
          {
            "code": "resource_busy",
            "detail": "cargo_slots: requested 1, available 0, configured 2"
          }
        ],
        "queue_rank": 1,
        "reservation": null,
        "conditions": [],
        "estimate": {
          "confidence": "unknown",
          "start_in_millis": null,
          "assumptions": [
            "at least one running or earlier queued job has no declared duration"
          ]
        },
        "parent": null,
        "managed_policy_admission": null,
        "gpu_provenance": null,
        "admission": null,
        "daemon_generation": "01a096fc-a200-75e3-9be1-1664787d4622"
      },
      "snapshot": null
    }
  },
  "exit_source": "scheduler",
  "exit_code": 0
}
