{
  "outcome": {
    "outcome": "accepted",
    "value": {
      "receipt": {
        "submission_id": "01a09693-d690-7fb1-9c3f-b5d5bee04fe8~01a09693-ed8e-70b1-bd78-154eab12ed4c",
        "job_id": "01a09693-d690-7fb1-9c3f-b5d5bee04fe8~01a09693-ed8f-7b01-8c0e-dff5bfd775b1",
        "submission_state": "accepted",
        "job_state": "pending",
        "reason_code": null,
        "accepted_unix_millis": 1789232672143,
        "priority": 0,
        "effective_priority": 0,
        "blockers": [],
        "queue_rank": 1,
        "reservation": null,
        "conditions": [],
        "estimate": {
          "confidence": "estimated",
          "start_in_millis": 0,
          "assumptions": [
            "currently admissible"
          ]
        },
        "parent": null,
        "managed_policy_admission": null,
        "gpu_provenance": null,
        "admission": null,
        "daemon_generation": "01a09693-d6cd-7141-b1c8-13b6a4eb57e7"
      },
      "snapshot": null
    }
  },
  "exit_source": "scheduler",
  "exit_code": 0
}
