{
  "submission_id": "01a05f1f-858c-7880-8c15-d55875da9e6b~01a08719-2474-7e63-924b-64557dfc2f13",
  "job_id": "01a05f1f-858c-7880-8c15-d55875da9e6b~01a08719-2475-7b21-a112-c62f0c5c798a",
  "submission_state": "accepted",
  "job_state": "pending",
  "reason_code": null,
  "accepted_unix_millis": 1788972967029,
  "priority": 0,
  "effective_priority": 0,
  "blockers": [],
  "queue_rank": 1,
  "reservation": null,
  "conditions": [],
  "estimate": {
    "confidence": "estimated",
    "start_in_millis": 0,
    "assumptions": [
      "currently admissible"
    ]
  },
  "parent": null,
  "managed_policy_admission": null,
  "gpu_provenance": null,
  "admission": null,
  "daemon_generation": "01a086e8-b524-70b1-b563-4b2eb76ce274"
}
   Compiling proc-macro2 v1.0.107
   Compiling unicode-ident v1.0.24
   Compiling quote v1.0.47
   Compiling libc v0.2.189
    Checking cfg-if v1.0.4
   Compiling rustversion v1.0.23
   Compiling version_check v0.9.5
    Checking bitflags v2.13.1
   Compiling generic-array v0.14.7
   Compiling serde_core v1.0.229
   Compiling strsim v0.11.1
   Compiling find-msvc-tools v0.1.11
    Checking equivalent v1.0.2
   Compiling heck v0.5.0
   Compiling syn v3.0.4
   Compiling syn v2.0.119
    Checking errno v0.3.14
    Checking smallvec v1.15.2
   Compiling getrandom v0.4.3
   Compiling ident_case v1.0.1
    Checking typenum v1.20.1
   Compiling shlex v2.0.1
    Checking foldhash v0.1.5
   Compiling parking_lot_core v0.9.12
   Compiling fnv v1.0.7
   Compiling signal-hook v0.3.18
    Checking allocator-api2 v0.2.21
    Checking hashbrown v0.15.5
   Compiling cc v1.4.4
    Checking signal-hook-registry v1.4.8
   Compiling vcpkg v0.2.15
   Compiling darling_core v0.20.11
    Checking utf8parse v0.2.2
    Checking scopeguard v1.2.0
    Checking itoa v1.0.18
    Checking log v0.4.34
   Compiling rustix v0.38.44
   Compiling zmij v1.0.23
   Compiling pkg-config v0.3.34
    Checking mio v1.2.2
    Checking lock_api v0.4.14
   Compiling libsqlite3-sys v0.35.0
    Checking anstyle-parse v1.0.0
   Compiling instability v0.3.10
    Checking anstyle v1.0.14
    Checking anstyle-query v1.1.5
    Checking linux-raw-sys v0.4.15
   Compiling paste v1.0.15
    Checking is_terminal_polyfill v1.70.2
   Compiling serde v1.0.229
   Compiling serde_json v1.0.151
   Compiling ref-cast v1.0.27
    Checking colorchoice v1.0.5
    Checking either v1.18.0
    Checking anstream v1.0.0
    Checking itertools v0.13.0
    Checking parking_lot v0.12.5
    Checking signal-hook-mio v0.2.5
   Compiling strum_macros v0.26.4
   Compiling darling_macro v0.20.11
   Compiling darling v0.20.11
   Compiling serde_derive v1.0.229
   Compiling ref-cast-impl v1.0.27
   Compiling serde_derive_internals v0.30.0
    Checking block-buffer v0.10.4
    Checking crypto-common v0.1.7
    Checking castaway v0.2.4
    Checking clap_lex v1.1.0
    Checking unicode-segmentation v1.13.3
    Checking option-ext v0.2.0
    Checking unicode-width v0.1.14
   Compiling thiserror v2.0.20
    Checking static_assertions v1.1.0
    Checking memchr v2.8.3
    Checking ryu v1.0.23
   Compiling indoc v2.0.7
    Checking compact_str v0.8.2
    Checking unicode-truncate v1.1.0
    Checking dirs-sys v0.5.0
    Checking clap_builder v4.6.6
   Compiling schemars_derive v1.2.2
    Checking digest v0.10.7
    Checking strum v0.26.3
    Checking crossterm v0.28.1
    Checking uuid v1.26.0
   Compiling clap_derive v4.6.4
   Compiling thiserror-impl v2.0.20
    Checking lru v0.12.5
    Checking hashlink v0.10.0
    Checking fallible-streaming-iterator v0.1.9
    Checking dyn-clone v1.0.20
   Compiling rustix v1.1.4
    Checking unicode-width v0.2.0
    Checking fallible-iterator v0.3.0
    Checking cassowary v0.3.0
    Checking cpufeatures v0.2.17
    Checking sha2 v0.10.9
    Checking ratatui v0.29.0
    Checking clap v4.6.6
    Checking schemars v1.2.2
    Checking directories v6.0.0
    Checking fs2 v0.4.3
    Checking linux-raw-sys v0.12.1
    Checking once_cell v1.21.4
    Checking fastrand v2.5.0
    Checking rusqlite v0.37.0
    Checking stillyard v0.1.0-alpha.16 (/home/pythonic/Development/stillyard-mr1-native-20260909d)
    Checking tempfile v3.27.0
    Finished `dev` profile [unoptimized + debuginfo] target(s) in 12.74s
{
  "job_id": "01a05f1f-858c-7880-8c15-d55875da9e6b~01a08719-2475-7b21-a112-c62f0c5c798a",
  "submission_id": "01a05f1f-858c-7880-8c15-d55875da9e6b~01a08719-2474-7e63-924b-64557dfc2f13",
  "batch_id": null,
  "batch_member": null,
  "state": "final",
  "outcome": "succeeded",
  "reason_code": null,
  "attempt_id": "01a05f1f-858c-7880-8c15-d55875da9e6b~01a08719-2478-78e0-bf45-19b3b8d62958",
  "invocation_id": "01a05f1f-858c-7880-8c15-d55875da9e6b~01a08719-2477-7fa2-ac9a-b47a3438b8cf",
  "containment_id": "01a05f1f-858c-7880-8c15-d55875da9e6b~01a08719-2477-7fa2-ac9a-b487816e35a4",
  "root_exit_code": 0,
  "cancel_requested": false,
  "accepted_unix_millis": 1788972967029,
  "priority": 0,
  "effective_priority": null,
  "queue_rank": null,
  "reservation": null,
  "conditions": [],
  "started_unix_millis": 1788972967043,
  "finished_unix_millis": 1788972980103,
  "spec": {
    "spec_version": 4,
    "priority": 0,
    "executable": "C:\\Users\\User\\AppData\\Local\\stillyard\\Stillyard\\bin\\stillyard.exe",
    "args": [
      "bootstrap",
      "run",
      "--spec",
      "C:\\Development\\stillyard-mr1-final-linux-evidence-20260909\\wsl-check-aa1b4a9cedb94a2e917be10381b3a739\\work.json"
    ],
    "working_directory": "C:\\Development\\stillyard-mr1-final-linux-evidence-20260909\\wsl-check-aa1b4a9cedb94a2e917be10381b3a739",
    "stdin": {
      "kind": "eof"
    },
    "environment": {
      "set": {},
      "unset": []
    },
    "resources": {
      "cpu_units": null,
      "ram_mb": null,
      "cargo_slots": 1,
      "gpu_slots": null,
      "custom": {},
      "shared_fences": [],
      "exclusive_fences": [],
      "impacts": [
        "cpu_heavy"
      ]
    },
    "observed": null,
    "conditions": [],
    "retry": {
      "max_attempts": 1,
      "backoff_seconds": 0,
      "retryable": []
    },
    "postconditions": [],
    "labels": [
      {
        "key": "project",
        "value": "stillyard"
      },
      {
        "key": "gate",
        "value": "wsl-bootstrap-check"
      },
      {
        "key": "source",
        "value": "1c4b9ccef08347ecf903c23ccac0fe9857877791e56c1a98d833690633bc28fb"
      }
    ],
    "expected_duration_seconds": 180,
    "timeout_seconds": 1830,
    "quiet": null,
    "artifacts": [],
    "child_submission_policy": null
  },
  "parent": null,
  "managed_policy_admission": null,
  "blockers": [],
  "attempts": [
    {
      "attempt_id": "01a05f1f-858c-7880-8c15-d55875da9e6b~01a08719-2478-78e0-bf45-19b3b8d62958",
      "attempt_index": 1,
      "verdict": "succeeded",
      "reason_code": null,
      "created_unix_millis": 1788972967031,
      "started_unix_millis": 1788972967031,
      "deadline_unix_millis": 1788974797031,
      "finished_unix_millis": 1788972980103,
      "primary_result": {
        "schema_version": 1,
        "job_id": "01a05f1f-858c-7880-8c15-d55875da9e6b~01a08719-2475-7b21-a112-c62f0c5c798a",
        "attempt_id": "01a05f1f-858c-7880-8c15-d55875da9e6b~01a08719-2478-78e0-bf45-19b3b8d62958",
        "invocation_id": "01a05f1f-858c-7880-8c15-d55875da9e6b~01a08719-2477-7fa2-ac9a-b47a3438b8cf",
        "verdict": "succeeded",
        "root_exit_code": 0,
        "termination": "exited",
        "containment": "empty",
        "started_unix_millis": 1788972967043,
        "exited_unix_millis": 1788972980097,
        "resolved_unix_millis": 1788972980101
      },
      "admission": null,
      "invocations": [
        {
          "invocation_id": "01a05f1f-858c-7880-8c15-d55875da9e6b~01a08719-2477-7fa2-ac9a-b47a3438b8cf",
          "role": "primary",
          "role_index": 0,
          "state": "resolved",
          "root_pid": 6480,
          "root_identity": {
            "platform": "windows",
            "host_id": "sha256:c5771be90fd3fa7878770beb5691d14fd45d077de00c34493f5e8e22e04535a4",
            "boot_id": "3472a414-3353-11f1-8eac-b29d069fdb29",
            "pid": 6480,
            "creation_filetime_100ns": 134334465670406058
          },
          "root_exit_code": 0,
          "exit_classification": null,
          "executable_hash": "868d089a7ae94445457b32b43e91a5d3c54e845535ec639fc9a8e4065c89c8e4",
          "daemon_generation": "01a086e8-b524-70b1-b563-4b2eb76ce274",
          "started_unix_millis": 1788972967043,
          "finished_unix_millis": 1788972980101,
          "containment": {
            "containment_id": "01a05f1f-858c-7880-8c15-d55875da9e6b~01a08719-2477-7fa2-ac9a-b487816e35a4",
            "state": "empty",
            "strength": "windows_job_object",
            "incident_id": null,
            "incident": null,
            "resolution": null,
            "resolution_audit": null
          },
          "stdout_tail": "",
          "stderr_tail": "   Compiling proc-macro2 v1.0.107\n   Compiling unicode-ident v1.0.24\n   Compiling quote v1.0.47\n   Compiling libc v0.2.189\n    Checking cfg-if v1.0.4\n   Compiling rustversion v1.0.23\n   Compiling version_check v0.9.5\n    Checking bitflags v2.13.1\n   Compiling generic-array v0.14.7\n   Compiling serde_core v1.0.229\n   Compiling strsim v0.11.1\n   Compiling find-msvc-tools v0.1.11\n    Checking equivalent v1.0.2\n   Compiling heck v0.5.0\n   Compiling syn v3.0.4\n   Compiling syn v2.0.119\n    Checking errno v0.3.14\n    Checking smallvec v1.15.2\n   Compiling getrandom v0.4.3\n   Compiling ident_case v1.0.1\n    Checking typenum v1.20.1\n   Compiling shlex v2.0.1\n    Checking foldhash v0.1.5\n   Compiling parking_lot_core v0.9.12\n   Compiling fnv v1.0.7\n   Compiling signal-hook v0.3.18\n    Checking allocator-api2 v0.2.21\n    Checking hashbrown v0.15.5\n   Compiling cc v1.4.4\n    Checking signal-hook-registry v1.4.8\n   Compiling vcpkg v0.2.15\n   Compiling darling_core v0.20.11\n    Checking utf8parse v0.2.2\n    Checking scopeguard v1.2.0\n    Checking itoa v1.0.18\n    Checking log v0.4.34\n   Compiling rustix v0.38.44\n   Compiling zmij v1.0.23\n   Compiling pkg-config v0.3.34\n    Checking mio v1.2.2\n    Checking lock_api v0.4.14\n   Compiling libsqlite3-sys v0.35.0\n    Checking anstyle-parse v1.0.0\n   Compiling instability v0.3.10\n    Checking anstyle v1.0.14\n    Checking anstyle-query v1.1.5\n    Checking linux-raw-sys v0.4.15\n   Compiling paste v1.0.15\n    Checking is_terminal_polyfill v1.70.2\n   Compiling serde v1.0.229\n   Compiling serde_json v1.0.151\n   Compiling ref-cast v1.0.27\n    Checking colorchoice v1.0.5\n    Checking either v1.18.0\n    Checking anstream v1.0.0\n    Checking itertools v0.13.0\n    Checking parking_lot v0.12.5\n    Checking signal-hook-mio v0.2.5\n   Compiling strum_macros v0.26.4\n   Compiling darling_macro v0.20.11\n   Compiling darling v0.20.11\n   Compiling serde_derive v1.0.229\n   Compiling ref-cast-impl v1.0.27\n   Compiling serde_derive_internals v0.30.0\n    Checking block-buffer v0.10.4\n    Checking crypto-common v0.1.7\n    Checking castaway v0.2.4\n    Checking clap_lex v1.1.0\n    Checking unicode-segmentation v1.13.3\n    Checking option-ext v0.2.0\n    Checking unicode-width v0.1.14\n   Compiling thiserror v2.0.20\n    Checking static_assertions v1.1.0\n    Checking memchr v2.8.3\n    Checking ryu v1.0.23\n   Compiling indoc v2.0.7\n    Checking compact_str v0.8.2\n    Checking unicode-truncate v1.1.0\n    Checking dirs-sys v0.5.0\n    Checking clap_builder v4.6.6\n   Compiling schemars_derive v1.2.2\n    Checking digest v0.10.7\n    Checking strum v0.26.3\n    Checking crossterm v0.28.1\n    Checking uuid v1.26.0\n   Compiling clap_derive v4.6.4\n   Compiling thiserror-impl v2.0.20\n    Checking lru v0.12.5\n    Checking hashlink v0.10.0\n    Checking fallible-streaming-iterator v0.1.9\n    Checking dyn-clone v1.0.20\n   Compiling rustix v1.1.4\n    Checking unicode-width v0.2.0\n    Checking fallible-iterator v0.3.0\n    Checking cassowary v0.3.0\n    Checking cpufeatures v0.2.17\n    Checking sha2 v0.10.9\n    Checking ratatui v0.29.0\n    Checking clap v4.6.6\n    Checking schemars v1.2.2\n    Checking directories v6.0.0\n    Checking fs2 v0.4.3\n    Checking linux-raw-sys v0.12.1\n    Checking once_cell v1.21.4\n    Checking fastrand v2.5.0\n    Checking rusqlite v0.37.0\n    Checking stillyard v0.1.0-alpha.16 (/home/pythonic/Development/stillyard-mr1-native-20260909d)\n    Checking tempfile v3.27.0\n    Finished `dev` profile [unoptimized + debuginfo] target(s) in 12.74s\n"
        }
      ]
    }
  ],
  "gpu_provenance": null,
  "admission": null,
  "daemon_generation": "01a086e8-b524-70b1-b563-4b2eb76ce274"
}
