{
  "outcome": {
    "outcome": "accepted",
    "value": {
      "receipt": {
        "submission_id": "01a09703-de22-7de1-8c0b-f40cc06d0f18~01a09703-f45a-7961-ba67-ab38d38acd8f",
        "job_id": "01a09703-de22-7de1-8c0b-f40cc06d0f18~01a09703-f5bc-77c2-8d96-cd50cde51f55",
        "submission_state": "accepted",
        "job_state": "pending",
        "reason_code": null,
        "accepted_unix_millis": 1789240014268,
        "priority": 0,
        "effective_priority": 0,
        "blockers": [],
        "queue_rank": 1,
        "reservation": null,
        "conditions": [],
        "estimate": {
          "confidence": "estimated",
          "start_in_millis": 0,
          "assumptions": [
            "currently admissible"
          ]
        },
        "parent": null,
        "managed_policy_admission": null,
        "gpu_provenance": null,
        "admission": null,
        "daemon_generation": "01a09703-debc-78e0-9dde-e8ed49fbd0e6"
      },
      "snapshot": null
    }
  },
  "exit_source": "scheduler",
  "exit_code": 0
}
