{
  "outcome": {
    "outcome": "final",
    "value": {
      "receipt": {
        "submission_id": "01a089b1-9a6a-7711-a600-39e2b74e495d~01a09616-c31a-7901-a417-05642ca694bf",
        "job_id": "01a089b1-9a6a-7711-a600-39e2b74e495d~01a09616-c31d-7e10-aaac-159a867680f4",
        "submission_state": "accepted",
        "job_state": "pending",
        "reason_code": null,
        "accepted_unix_millis": 1789224469277,
        "priority": 0,
        "effective_priority": 0,
        "blockers": [],
        "queue_rank": 1,
        "reservation": null,
        "conditions": [],
        "estimate": {
          "confidence": "estimated",
          "start_in_millis": 0,
          "assumptions": [
            "currently admissible"
          ]
        },
        "parent": null,
        "managed_policy_admission": null,
        "gpu_provenance": null,
        "admission": null,
        "daemon_generation": "01a08b65-a2dd-74b3-bbb1-4f45ebe170e4"
      },
      "snapshot": {
        "job_id": "01a089b1-9a6a-7711-a600-39e2b74e495d~01a09616-c31d-7e10-aaac-159a867680f4",
        "submission_id": "01a089b1-9a6a-7711-a600-39e2b74e495d~01a09616-c31a-7901-a417-05642ca694bf",
        "batch_id": null,
        "batch_member": null,
        "state": "final",
        "outcome": "succeeded",
        "reason_code": null,
        "attempt_id": "01a089b1-9a6a-7711-a600-39e2b74e495d~01a09616-c34a-7d70-bbf5-2ff451d27fdb",
        "invocation_id": "01a089b1-9a6a-7711-a600-39e2b74e495d~01a09616-c34b-7161-92ae-50f28f780a22",
        "containment_id": "01a089b1-9a6a-7711-a600-39e2b74e495d~01a09616-c34b-7161-92ae-510c299f6194",
        "root_exit_code": 0,
        "cancel_requested": false,
        "accepted_unix_millis": 1789224469277,
        "priority": 0,
        "effective_priority": null,
        "queue_rank": null,
        "reservation": null,
        "conditions": [],
        "started_unix_millis": 1789224469655,
        "finished_unix_millis": 1789224470475,
        "spec": {
          "spec_version": 4,
          "priority": 0,
          "executable": "/home/pythonic/.cargo/bin/cargo",
          "args": [
            "fmt",
            "--all"
          ],
          "working_directory": "/home/pythonic/Development/stillyard",
          "stdin": {
            "kind": "eof"
          },
          "environment": {
            "set": {
              "CARGO_BUILD_JOBS": "4",
              "CARGO_HOME": "/home/pythonic/.cargo",
              "CARGO_TARGET_DIR": "/home/pythonic/Development/stillyard/target/scheduled-linux",
              "HOME": "/home/pythonic",
              "PATH": "/home/pythonic/.cargo/bin:/usr/bin:/bin",
              "RUSTUP_HOME": "/home/pythonic/.rustup",
              "RUSTUP_TOOLCHAIN": "stable-x86_64-unknown-linux-gnu"
            },
            "unset": []
          },
          "resources": {
            "cpu_units": null,
            "ram_mb": null,
            "cargo_slots": 1,
            "gpu_slots": null,
            "custom": {},
            "shared_fences": [],
            "exclusive_fences": [],
            "impacts": [
              "cpu_heavy"
            ]
          },
          "observed": null,
          "conditions": [],
          "retry": {
            "max_attempts": 1,
            "backoff_seconds": 0,
            "retryable": []
          },
          "postconditions": [],
          "labels": [
            {
              "key": "project",
              "value": "stillyard"
            },
            {
              "key": "gate",
              "value": "wsl-fmt-write"
            }
          ],
          "expected_duration_seconds": null,
          "timeout_seconds": 1800,
          "quiet": null,
          "artifacts": [],
          "child_submission_policy": null
        },
        "parent": null,
        "managed_policy_admission": null,
        "blockers": [],
        "attempts": [
          {
            "attempt_id": "01a089b1-9a6a-7711-a600-39e2b74e495d~01a09616-c34a-7d70-bbf5-2ff451d27fdb",
            "attempt_index": 1,
            "verdict": "succeeded",
            "reason_code": null,
            "created_unix_millis": 1789224469322,
            "started_unix_millis": 1789224469415,
            "deadline_unix_millis": 1789226269415,
            "finished_unix_millis": 1789224470475,
            "primary_result": {
              "schema_version": 1,
              "job_id": "01a089b1-9a6a-7711-a600-39e2b74e495d~01a09616-c31d-7e10-aaac-159a867680f4",
              "attempt_id": "01a089b1-9a6a-7711-a600-39e2b74e495d~01a09616-c34a-7d70-bbf5-2ff451d27fdb",
              "invocation_id": "01a089b1-9a6a-7711-a600-39e2b74e495d~01a09616-c34b-7161-92ae-50f28f780a22",
              "verdict": "succeeded",
              "root_exit_code": 0,
              "termination": "exited",
              "containment": "empty",
              "started_unix_millis": 1789224469655,
              "exited_unix_millis": 1789224470450,
              "resolved_unix_millis": 1789224470470
            },
            "admission": null,
            "invocations": [
              {
                "invocation_id": "01a089b1-9a6a-7711-a600-39e2b74e495d~01a09616-c34b-7161-92ae-50f28f780a22",
                "role": "primary",
                "role_index": 0,
                "state": "resolved",
                "root_pid": 3697458,
                "root_identity": {
                  "platform": "linux",
                  "host_id": "sha256:6b371b20a4bd0432fb767b154f956893ffc7263bc908489d1973a61f6d8cb65f",
                  "boot_id": "08af9757-cbec-4d73-8d66-bdb520bffd29",
                  "pid": 3697458,
                  "start_ticks": 27057617,
                  "pid_namespace_inode": 4026534294,
                  "uid": 1000
                },
                "root_exit_code": 0,
                "exit_classification": null,
                "executable_hash": "dda7234360b7f578ca8b0ddcb80145646fa61a67c1720a5abc7051b35c9fcb71",
                "daemon_generation": "01a08b65-a2dd-74b3-bbb1-4f45ebe170e4",
                "started_unix_millis": 1789224469655,
                "finished_unix_millis": 1789224470470,
                "containment": {
                  "containment_id": "01a089b1-9a6a-7711-a600-39e2b74e495d~01a09616-c34b-7161-92ae-510c299f6194",
                  "state": "empty",
                  "strength": "linux_cgroup_v2",
                  "incident_id": null,
                  "incident": null,
                  "resolution": null,
                  "resolution_audit": null
                },
                "stdout_tail": "",
                "stderr_tail": ""
              }
            ]
          }
        ],
        "allocations": [
          {
            "grant_id": "01a05f1f-858c-7880-8c15-d55875da9e6b~01a09616-c367-7e80-9577-928500c1adf2",
            "lease_id": "01a09616-c34b-7161-92ae-511de5d4f1e7",
            "key": {
              "machine_id": "01a08727-697d-7002-b4e5-c9ac495818f3",
              "authority_epoch": "01a086e8-b5b2-7eb2-9cbc-5c3aebad7b04",
              "domain_id": "4ca2075e-f8f9-49ba-9401-9dfd1b4bb6f3",
              "manager_store_uuid": "01a089b1-9a6a-7711-a600-39e2b74e495d",
              "lease_id": "01a09616-c34b-7161-92ae-511de5d4f1e7"
            },
            "owner": {
              "kind": "work",
              "job_id": "01a089b1-9a6a-7711-a600-39e2b74e495d~01a09616-c31d-7e10-aaac-159a867680f4",
              "attempt_id": "01a089b1-9a6a-7711-a600-39e2b74e495d~01a09616-c34a-7d70-bbf5-2ff451d27fdb"
            },
            "state": "armed",
            "claims": {
              "scalars": {
                "cargo_slots": 1,
                "cpu_units": 0,
                "gpu_slots": 0,
                "ram_mb": 0
              },
              "shared_fences": [],
              "exclusive_fences": [],
              "impacts": [
                "cpu_heavy"
              ]
            }
          }
        ],
        "gpu_provenance": null,
        "admission": null,
        "daemon_generation": "01a08b65-a2dd-74b3-bbb1-4f45ebe170e4"
      }
    }
  },
  "exit_source": "scheduler",
  "exit_code": 0
}
