{
  "outcome": {
    "outcome": "final",
    "value": {
      "receipt": {
        "submission_id": "01a0970e-0915-7a83-a785-d7ec8abea426~01a0970e-b725-70d0-af6a-12288db73ed7",
        "job_id": "01a0970e-0915-7a83-a785-d7ec8abea426~01a0970e-b725-70d0-af6a-12325607f115",
        "submission_state": "accepted",
        "job_state": "final",
        "reason_code": null,
        "accepted_unix_millis": 1789240719141,
        "priority": 0,
        "effective_priority": null,
        "blockers": [],
        "queue_rank": null,
        "reservation": null,
        "conditions": [],
        "estimate": {
          "confidence": "estimated",
          "start_in_millis": 0,
          "assumptions": [
            "currently admissible"
          ]
        },
        "parent": null,
        "managed_policy_admission": null,
        "gpu_provenance": null,
        "admission": null,
        "daemon_generation": "01a0970e-094e-7540-95f2-6cef80e2ef6d"
      },
      "snapshot": {
        "job_id": "01a0970e-0915-7a83-a785-d7ec8abea426~01a0970e-b725-70d0-af6a-12325607f115",
        "submission_id": "01a0970e-0915-7a83-a785-d7ec8abea426~01a0970e-b725-70d0-af6a-12288db73ed7",
        "batch_id": null,
        "batch_member": null,
        "state": "final",
        "outcome": "interrupted",
        "reason_code": null,
        "attempt_id": "01a0970e-0915-7a83-a785-d7ec8abea426~01a0970e-b74b-77a2-b017-6ed11419c140",
        "invocation_id": "01a0970e-0915-7a83-a785-d7ec8abea426~01a0970e-b74b-77a2-b017-6ee24543a034",
        "containment_id": "01a0970e-0915-7a83-a785-d7ec8abea426~01a0970e-b74b-77a2-b017-6efd77179791",
        "root_exit_code": null,
        "cancel_requested": false,
        "accepted_unix_millis": 1789240719141,
        "priority": 0,
        "effective_priority": null,
        "queue_rank": null,
        "reservation": null,
        "conditions": [],
        "started_unix_millis": 1789240720061,
        "finished_unix_millis": 1789240722312,
        "spec": {
          "spec_version": 4,
          "priority": 0,
          "executable": "/usr/bin/python3",
          "args": [
            "-c",
            "import pathlib,subprocess,time; p=pathlib.Path('launch-count');p.write_text(str(int(p.read_text())+1) if p.exists() else '1'); subprocess.Popen(['/usr/bin/python3','-c',\"import pathlib,time;p=pathlib.Path('heartbeat');end=time.monotonic()+60\\nwhile time.monotonic()<end:\\n p.write_text(str(time.monotonic_ns()));time.sleep(.05)\"],start_new_session=True); print('native-crash-subject-started',flush=True);time.sleep(60)"
          ],
          "working_directory": "/home/runner/work/stillyard/stillyard/native-evidence/native-crash-34bd573602c04af4920c94a66231071d",
          "stdin": {
            "kind": "eof"
          },
          "environment": {
            "set": {},
            "unset": []
          },
          "resources": {
            "cpu_units": null,
            "ram_mb": null,
            "cargo_slots": 1,
            "gpu_slots": null,
            "custom": {},
            "shared_fences": [],
            "exclusive_fences": [],
            "impacts": []
          },
          "observed": null,
          "conditions": [],
          "retry": {
            "max_attempts": 1,
            "backoff_seconds": 0,
            "retryable": []
          },
          "postconditions": [],
          "labels": [
            {
              "key": "project",
              "value": "stillyard"
            },
            {
              "key": "gate",
              "value": "native-daemon-crash"
            }
          ],
          "expected_duration_seconds": null,
          "timeout_seconds": 90,
          "quiet": null,
          "artifacts": [],
          "child_submission_policy": null
        },
        "parent": null,
        "managed_policy_admission": null,
        "blockers": [],
        "attempts": [
          {
            "attempt_id": "01a0970e-0915-7a83-a785-d7ec8abea426~01a0970e-b74b-77a2-b017-6ed11419c140",
            "attempt_index": 1,
            "verdict": "interrupted",
            "reason_code": null,
            "created_unix_millis": 1789240719178,
            "started_unix_millis": 1789240719178,
            "deadline_unix_millis": 1789240809178,
            "finished_unix_millis": 1789240722312,
            "primary_result": null,
            "admission": null,
            "invocations": [
              {
                "invocation_id": "01a0970e-0915-7a83-a785-d7ec8abea426~01a0970e-b74b-77a2-b017-6ee24543a034",
                "role": "primary",
                "role_index": 0,
                "state": "resolved",
                "root_pid": 7187,
                "root_identity": {
                  "platform": "linux",
                  "host_id": "sha256:26b1e73eb3f39e8bde671fbfab77ed395b2611ceef76971ad5ab01df9ef4151b",
                  "boot_id": "b57b5320-f46a-4e75-99bd-e6552b85e392",
                  "pid": 7187,
                  "start_ticks": 32719,
                  "pid_namespace_inode": 4026532275,
                  "uid": 1001
                },
                "root_exit_code": null,
                "exit_classification": null,
                "executable_hash": "a92f0f95e883390c7256b2e441484aac06b1002dbe1d924141a77c8d82f96223",
                "daemon_generation": "01a0970e-094e-7540-95f2-6cef80e2ef6d",
                "started_unix_millis": 1789240720061,
                "finished_unix_millis": 1789240722312,
                "containment": {
                  "containment_id": "01a0970e-0915-7a83-a785-d7ec8abea426~01a0970e-b74b-77a2-b017-6efd77179791",
                  "state": "cleared",
                  "strength": "linux_cgroup_v2",
                  "incident_id": "01a0970e-0915-7a83-a785-d7ec8abea426~01a0970e-b74b-77a2-b017-6efd77179791",
                  "incident": {
                    "incident_id": "01a0970e-0915-7a83-a785-d7ec8abea426~01a0970e-b74b-77a2-b017-6efd77179791",
                    "incident_sequence": 1,
                    "containment_id": "01a0970e-0915-7a83-a785-d7ec8abea426~01a0970e-b74b-77a2-b017-6efd77179791",
                    "job_id": "01a0970e-0915-7a83-a785-d7ec8abea426~01a0970e-b725-70d0-af6a-12325607f115",
                    "attempt_id": "01a0970e-0915-7a83-a785-d7ec8abea426~01a0970e-b74b-77a2-b017-6ed11419c140",
                    "invocation_id": "01a0970e-0915-7a83-a785-d7ec8abea426~01a0970e-b74b-77a2-b017-6ee24543a034",
                    "state": "cleared",
                    "reason_code": "daemon_restart_cleanup_unproven",
                    "detail": "daemon restarted while containment cleanup was not durably proven",
                    "opened_unix_millis": 1789240722312,
                    "last_reconciled_unix_millis": 1789240726215,
                    "last_reconciliation": "proven_empty",
                    "root_identity": {
                      "platform": "linux",
                      "host_id": "sha256:26b1e73eb3f39e8bde671fbfab77ed395b2611ceef76971ad5ab01df9ef4151b",
                      "boot_id": "b57b5320-f46a-4e75-99bd-e6552b85e392",
                      "pid": 7187,
                      "start_ticks": 32719,
                      "pid_namespace_inode": 4026532275,
                      "uid": 1001
                    },
                    "retained_claims": {
                      "cpu_units": null,
                      "ram_mb": null,
                      "cargo_slots": 1,
                      "gpu_slots": null,
                      "custom": {},
                      "shared_fences": [],
                      "exclusive_fences": [],
                      "impacts": []
                    },
                    "resolution": "proven_empty",
                    "resolved_unix_millis": 1789240726236
                  },
                  "resolution": "proven_empty",
                  "resolution_audit": {
                    "resolved_unix_millis": 1789240726236,
                    "daemon_generation": "01a0970e-c387-7400-a99e-454bf1acc59a",
                    "resolution": "proven_empty",
                    "last_reconciliation": "proven_empty",
                    "origin": "automatic",
                    "forced": null,
                    "lease_released": true
                  }
                },
                "stdout_tail": "",
                "stderr_tail": ""
              }
            ]
          }
        ],
        "allocations": [
          {
            "grant_id": "01a0970e-0915-7a83-a785-d7ec8abea426~01a0970e-b74b-77a2-b017-6f076264bfb1",
            "lease_id": "01a0970e-b74b-77a2-b017-6f076264bfb1",
            "key": {
              "machine_id": "01a0970e-092e-7bc2-8e94-a98861919122",
              "authority_epoch": "01a0970e-092e-7bc2-8e94-a97ab90bbc29",
              "domain_id": "01a0970e-092e-7bc2-8e94-a9a8d26097a0",
              "manager_store_uuid": "01a0970e-0915-7a83-a785-d7ec8abea426",
              "lease_id": "01a0970e-b74b-77a2-b017-6f076264bfb1"
            },
            "owner": {
              "kind": "work",
              "job_id": "01a0970e-0915-7a83-a785-d7ec8abea426~01a0970e-b725-70d0-af6a-12325607f115",
              "attempt_id": "01a0970e-0915-7a83-a785-d7ec8abea426~01a0970e-b74b-77a2-b017-6ed11419c140"
            },
            "state": "released",
            "claims": {
              "scalars": {
                "cargo_slots": 1,
                "cpu_units": 0,
                "gpu_slots": 0,
                "ram_mb": 0
              },
              "shared_fences": [],
              "exclusive_fences": [],
              "impacts": []
            }
          }
        ],
        "gpu_provenance": null,
        "admission": null,
        "daemon_generation": "01a0970e-c387-7400-a99e-454bf1acc59a"
      }
    }
  },
  "exit_source": "scheduler",
  "exit_code": 23
}
