{
  "outcome": {
    "outcome": "accepted",
    "value": {
      "receipt": {
        "submission_id": "01a09685-ec48-7a91-a688-905f40eb4b13~01a09686-07ed-7482-b254-942d1e4051e7",
        "job_id": "01a09685-ec48-7a91-a688-905f40eb4b13~01a09686-07ee-79a0-8d16-83234d57e104",
        "submission_state": "accepted",
        "job_state": "pending",
        "reason_code": null,
        "accepted_unix_millis": 1789231761390,
        "priority": 0,
        "effective_priority": 0,
        "blockers": [],
        "queue_rank": 1,
        "reservation": null,
        "conditions": [],
        "estimate": {
          "confidence": "estimated",
          "start_in_millis": 0,
          "assumptions": [
            "currently admissible"
          ]
        },
        "parent": null,
        "managed_policy_admission": null,
        "gpu_provenance": null,
        "admission": null,
        "daemon_generation": "01a09685-ec8d-7ff0-b484-0a10736a5d88"
      },
      "snapshot": null
    }
  },
  "exit_source": "scheduler",
  "exit_code": 0
}
