{
  "outcome": {
    "outcome": "accepted",
    "value": {
      "receipt": {
        "submission_id": "01a09685-ec48-7a91-a688-905f40eb4b13~01a09686-3915-7962-80ed-73e66da95dfb",
        "job_id": "01a09685-ec48-7a91-a688-905f40eb4b13~01a09686-3917-78b1-aeb6-2c30d5f1c90c",
        "submission_state": "accepted",
        "job_state": "pending",
        "reason_code": null,
        "accepted_unix_millis": 1789231773975,
        "priority": 0,
        "effective_priority": 0,
        "blockers": [],
        "queue_rank": 1,
        "reservation": null,
        "conditions": [],
        "estimate": {
          "confidence": "estimated",
          "start_in_millis": 0,
          "assumptions": [
            "currently admissible"
          ]
        },
        "parent": null,
        "managed_policy_admission": null,
        "gpu_provenance": null,
        "admission": null,
        "daemon_generation": "01a09685-ec8d-7ff0-b484-0a10736a5d88"
      },
      "snapshot": null
    }
  },
  "exit_source": "scheduler",
  "exit_code": 0
}
