{
  "outcome": {
    "outcome": "final",
    "value": {
      "receipt": {
        "submission_id": "01a089b1-9a6a-7711-a600-39e2b74e495d~01a08b66-49c9-7202-b3c7-c0af9ca5f52d",
        "job_id": "01a089b1-9a6a-7711-a600-39e2b74e495d~01a08b66-49cc-7583-b75b-7d7adc15c9e6",
        "submission_state": "accepted",
        "job_state": "pending",
        "reason_code": null,
        "accepted_unix_millis": 1789045131724,
        "priority": 0,
        "effective_priority": 0,
        "blockers": [],
        "queue_rank": 3,
        "reservation": null,
        "conditions": [],
        "estimate": {
          "confidence": "estimated",
          "start_in_millis": 0,
          "assumptions": [
            "currently admissible"
          ]
        },
        "parent": null,
        "managed_policy_admission": null,
        "gpu_provenance": null,
        "admission": null,
        "daemon_generation": "01a08b65-a2dd-74b3-bbb1-4f45ebe170e4"
      },
      "snapshot": {
        "job_id": "01a089b1-9a6a-7711-a600-39e2b74e495d~01a08b66-49cc-7583-b75b-7d7adc15c9e6",
        "submission_id": "01a089b1-9a6a-7711-a600-39e2b74e495d~01a08b66-49c9-7202-b3c7-c0af9ca5f52d",
        "batch_id": null,
        "batch_member": null,
        "state": "final",
        "outcome": "succeeded",
        "reason_code": null,
        "attempt_id": "01a089b1-9a6a-7711-a600-39e2b74e495d~01a08b66-49db-7a92-a81e-5ac05408e9b5",
        "invocation_id": "01a089b1-9a6a-7711-a600-39e2b74e495d~01a08b68-f7ed-72c0-8d8a-339025dffecf",
        "containment_id": "01a089b1-9a6a-7711-a600-39e2b74e495d~01a08b68-f7ed-72c0-8d8a-33a359e29757",
        "root_exit_code": 0,
        "cancel_requested": false,
        "accepted_unix_millis": 1789045131724,
        "priority": 0,
        "effective_priority": null,
        "queue_rank": null,
        "reservation": null,
        "conditions": [],
        "started_unix_millis": 1789045311640,
        "finished_unix_millis": 1789045313990,
        "spec": {
          "spec_version": 4,
          "priority": 0,
          "executable": "/usr/bin/python3",
          "args": [
            "/home/pythonic/Development/stillyard-consumers-20260910z11f/wc4/consumer.py",
            "measure",
            "--repository-root",
            "/home/pythonic/Development/stillyard-mr3-membership-20260910z11f",
            "--source-manifest",
            "/home/pythonic/Development/stillyard-consumers-20260910z11f/wc4/source.json",
            "--output",
            "/home/pythonic/Development/stillyard-consumers-20260910z11f/wc4/measurement.json"
          ],
          "working_directory": "/home/pythonic/Development/stillyard-consumers-20260910z11f/wc4",
          "stdin": {
            "kind": "eof"
          },
          "environment": {
            "set": {},
            "unset": []
          },
          "resources": {
            "cpu_units": null,
            "ram_mb": null,
            "cargo_slots": null,
            "gpu_slots": null,
            "custom": {},
            "shared_fences": [],
            "exclusive_fences": [],
            "impacts": [
              "measurement"
            ]
          },
          "observed": null,
          "conditions": [],
          "retry": {
            "max_attempts": 1,
            "backoff_seconds": 0,
            "retryable": []
          },
          "postconditions": [],
          "labels": [
            {
              "key": "project",
              "value": "stillyard"
            },
            {
              "key": "acceptance",
              "value": "W-C4"
            },
            {
              "key": "round",
              "value": "z11f-confirmation"
            }
          ],
          "expected_duration_seconds": null,
          "timeout_seconds": 180,
          "quiet": {
            "stable_seconds": 3,
            "max_sample_age_seconds": 2,
            "wait_budget_seconds": 240,
            "detectors": [
              {
                "kind": "cpu_utilization",
                "max_percent": 40
              }
            ]
          },
          "artifacts": [],
          "child_submission_policy": null
        },
        "parent": null,
        "managed_policy_admission": null,
        "blockers": [],
        "attempts": [
          {
            "attempt_id": "01a089b1-9a6a-7711-a600-39e2b74e495d~01a08b66-49db-7a92-a81e-5ac05408e9b5",
            "attempt_index": 1,
            "verdict": "succeeded",
            "reason_code": null,
            "created_unix_millis": 1789045131739,
            "started_unix_millis": 1789045311640,
            "deadline_unix_millis": 1789045491640,
            "finished_unix_millis": 1789045313990,
            "primary_result": {
              "schema_version": 1,
              "job_id": "01a089b1-9a6a-7711-a600-39e2b74e495d~01a08b66-49cc-7583-b75b-7d7adc15c9e6",
              "attempt_id": "01a089b1-9a6a-7711-a600-39e2b74e495d~01a08b66-49db-7a92-a81e-5ac05408e9b5",
              "invocation_id": "01a089b1-9a6a-7711-a600-39e2b74e495d~01a08b68-f7ed-72c0-8d8a-339025dffecf",
              "verdict": "succeeded",
              "root_exit_code": 0,
              "termination": "exited",
              "containment": "empty",
              "started_unix_millis": 1789045311640,
              "exited_unix_millis": 1789045313591,
              "resolved_unix_millis": 1789045313940
            },
            "admission": {
              "state": "released",
              "evaluated_unix_millis": 1789045311640,
              "observation_generation": "01a08b66-49d1-7652-8389-74f0dad35fe9",
              "blockers": [],
              "operands": [],
              "detectors": [
                {
                  "detector": "quiet.cpu_utilization",
                  "observed": 5,
                  "threshold": 40,
                  "satisfied": true,
                  "detail": null
                }
              ],
              "gpu_provenance": null,
              "final_sample": true,
              "deferral_count": 0
            },
            "invocations": [
              {
                "invocation_id": "01a089b1-9a6a-7711-a600-39e2b74e495d~01a08b68-f7ed-72c0-8d8a-339025dffecf",
                "role": "primary",
                "role_index": 0,
                "state": "resolved",
                "root_pid": 1962775,
                "root_identity": {
                  "platform": "linux",
                  "host_id": "sha256:6b371b20a4bd0432fb767b154f956893ffc7263bc908489d1973a61f6d8cb65f",
                  "boot_id": "08af9757-cbec-4d73-8d66-bdb520bffd29",
                  "pid": 1962775,
                  "start_ticks": 9141419,
                  "pid_namespace_inode": 4026534699,
                  "uid": 1000
                },
                "root_exit_code": 0,
                "exit_classification": null,
                "executable_hash": "52e0a13e60a981d8c4b6478be2ba5176f69da07948a056bf49cf6f077e30cb41",
                "daemon_generation": "01a08b65-a2dd-74b3-bbb1-4f45ebe170e4",
                "started_unix_millis": 1789045311640,
                "finished_unix_millis": 1789045313940,
                "containment": {
                  "containment_id": "01a089b1-9a6a-7711-a600-39e2b74e495d~01a08b68-f7ed-72c0-8d8a-33a359e29757",
                  "state": "empty",
                  "strength": "linux_cgroup_v2",
                  "incident_id": null,
                  "incident": null,
                  "resolution": null,
                  "resolution_audit": null
                },
                "stdout_tail": "{\"rounds\": 256, \"bytes_per_round\": 4190888, \"bytes_hashed\": 1072867328, \"payload_sha256\": \"3311305f344222ef61cdb73aae6cd730c9c9c6974a683f341c084a9ec0377f3c\", \"source_files_sha256\": \"9dd388044392f8b7bd991321f5dd80857e449667dc4abd12aabb0d56b3466af0\", \"wall_seconds\": 1.7504629129980458, \"cpu_seconds\": 1.737544782, \"invocation\": {\"STILLYARD_JOB_ID\": \"01a089b1-9a6a-7711-a600-39e2b74e495d~01a08b66-49cc-7583-b75b-7d7adc15c9e6\", \"STILLYARD_ATTEMPT\": \"01a089b1-9a6a-7711-a600-39e2b74e495d~01a08b66-49db-7a92-a81e-5ac05408e9b5\", \"STILLYARD_INVOCATION_ID\": \"01a089b1-9a6a-7711-a600-39e2b74e495d~01a08b68-f7ed-72c0-8d8a-339025dffecf\", \"STILLYARD_ENDPOINT\": \"/home/pythonic/.local/share/stillyard/stillyard-v6.sock\"}}\n",
                "stderr_tail": ""
              }
            ]
          }
        ],
        "allocations": [
          {
            "grant_id": "01a05f1f-858c-7880-8c15-d55875da9e6b~01a08b68-f807-7c20-bfde-4d4e43d13208",
            "lease_id": "01a08b68-f7ed-72c0-8d8a-33b134ba297e",
            "key": {
              "machine_id": "01a08727-697d-7002-b4e5-c9ac495818f3",
              "authority_epoch": "01a086e8-b5b2-7eb2-9cbc-5c3aebad7b04",
              "domain_id": "4ca2075e-f8f9-49ba-9401-9dfd1b4bb6f3",
              "manager_store_uuid": "01a089b1-9a6a-7711-a600-39e2b74e495d",
              "lease_id": "01a08b68-f7ed-72c0-8d8a-33b134ba297e"
            },
            "owner": {
              "kind": "work",
              "job_id": "01a089b1-9a6a-7711-a600-39e2b74e495d~01a08b66-49cc-7583-b75b-7d7adc15c9e6",
              "attempt_id": "01a089b1-9a6a-7711-a600-39e2b74e495d~01a08b66-49db-7a92-a81e-5ac05408e9b5"
            },
            "state": "armed",
            "claims": {
              "scalars": {
                "cargo_slots": 0,
                "cpu_units": 0,
                "gpu_slots": 0,
                "ram_mb": 0
              },
              "shared_fences": [],
              "exclusive_fences": [],
              "impacts": [
                "measurement"
              ]
            }
          }
        ],
        "gpu_provenance": null,
        "admission": {
          "state": "released",
          "evaluated_unix_millis": 1789045311640,
          "observation_generation": "01a08b66-49d1-7652-8389-74f0dad35fe9",
          "blockers": [],
          "operands": [],
          "detectors": [
            {
              "detector": "quiet.cpu_utilization",
              "observed": 5,
              "threshold": 40,
              "satisfied": true,
              "detail": null
            }
          ],
          "gpu_provenance": null,
          "final_sample": true,
          "deferral_count": 0
        },
        "daemon_generation": "01a08b65-a2dd-74b3-bbb1-4f45ebe170e4"
      }
    }
  },
  "exit_source": "scheduler",
  "exit_code": 0
}
