{
  "outcome": {
    "outcome": "accepted",
    "value": {
      "receipt": {
        "submission_id": "01a0967f-df2c-7ff0-811c-a68a68a34b0d~01a0967f-f20e-7d02-86c6-0e148688bfc6",
        "job_id": "01a0967f-df2c-7ff0-811c-a68a68a34b0d~01a0967f-f20f-7b22-b4ca-09f2cffe8603",
        "submission_state": "accepted",
        "job_state": "pending",
        "reason_code": null,
        "accepted_unix_millis": 1789231362575,
        "priority": 0,
        "effective_priority": 0,
        "blockers": [],
        "queue_rank": 1,
        "reservation": null,
        "conditions": [],
        "estimate": {
          "confidence": "estimated",
          "start_in_millis": 0,
          "assumptions": [
            "currently admissible"
          ]
        },
        "parent": null,
        "managed_policy_admission": null,
        "gpu_provenance": null,
        "admission": null,
        "daemon_generation": "01a0967f-df66-7743-98cb-72dbf82dedf2"
      },
      "snapshot": null
    }
  },
  "exit_source": "scheduler",
  "exit_code": 0
}
