 Downloading crates ...
  Downloaded tempfile v3.27.0
  Downloaded fastrand v2.5.0
  Downloaded once_cell v1.21.4
  Downloaded rustix v1.1.4
  Downloaded linux-raw-sys v0.12.1
   Compiling proc-macro2 v1.0.107
   Compiling quote v1.0.47
   Compiling unicode-ident v1.0.24
   Compiling libc v0.2.189
    Checking cfg-if v1.0.4
   Compiling version_check v0.9.5
    Checking typenum v1.20.1
   Compiling generic-array v0.14.7
   Compiling rustversion v1.0.23
   Compiling serde_core v1.0.229
    Checking bitflags v2.13.1
   Compiling syn v3.0.4
   Compiling syn v2.0.119
    Checking errno v0.3.14
    Checking crypto-common v0.1.7
    Checking block-buffer v0.10.4
   Compiling shlex v2.0.1
   Compiling signal-hook v0.3.18
   Compiling semver v1.0.28
   Compiling ident_case v1.0.1
    Checking foldhash v0.1.5
    Checking smallvec v1.15.2
    Checking allocator-api2 v0.2.21
    Checking subtle v2.6.1
   Compiling find-msvc-tools v0.1.11
    Checking equivalent v1.0.2
   Compiling heck v0.5.0
   Compiling fnv v1.0.7
   Compiling getrandom v0.4.3
   Compiling strsim v0.11.1
   Compiling parking_lot_core v0.9.12
    Checking hashbrown v0.15.5
   Compiling cc v1.4.4
    Checking digest v0.10.7
   Compiling rustc_version v0.4.1
   Compiling darling_core v0.20.11
    Checking signal-hook-registry v1.4.8
    Checking utf8parse v0.2.2
    Checking itoa v1.0.18
   Compiling rustix v0.38.44
   Compiling vcpkg v0.2.15
    Checking log v0.4.34
   Compiling zmij v1.0.23
   Compiling pkg-config v0.3.34
    Checking scopeguard v1.2.0
    Checking lock_api v0.4.14
    Checking mio v1.2.2
    Checking anstyle-parse v1.0.0
   Compiling libsqlite3-sys v0.35.0
   Compiling curve25519-dalek v4.1.3
    Checking anstyle-query v1.1.5
    Checking anstyle v1.0.14
    Checking cpufeatures v0.2.17
   Compiling ref-cast v1.0.27
   Compiling serde_json v1.0.151
    Checking is_terminal_polyfill v1.70.2
    Checking linux-raw-sys v0.4.15
    Checking either v1.18.0
   Compiling paste v1.0.15
    Checking colorchoice v1.0.5
   Compiling serde v1.0.229
   Compiling instability v0.3.10
   Compiling darling_macro v0.20.11
    Checking anstream v1.0.0
    Checking itertools v0.13.0
    Checking parking_lot v0.12.5
   Compiling darling v0.20.11
    Checking signal-hook-mio v0.2.5
   Compiling strum_macros v0.26.4
   Compiling curve25519-dalek-derive v0.1.1
   Compiling serde_derive v1.0.229
   Compiling ref-cast-impl v1.0.27
   Compiling serde_derive_internals v0.30.0
    Checking castaway v0.2.4
   Compiling thiserror v2.0.20
    Checking signature v2.2.0
   Compiling indoc v2.0.7
    Checking clap_lex v1.1.0
    Checking zeroize v1.9.0
    Checking memchr v2.8.3
    Checking static_assertions v1.1.0
    Checking unicode-width v0.1.14
    Checking unicode-segmentation v1.13.3
    Checking option-ext v0.2.0
    Checking ryu v1.0.23
    Checking unicode-truncate v1.1.0
    Checking compact_str v0.8.2
    Checking clap_builder v4.6.6
    Checking dirs-sys v0.5.0
    Checking ed25519 v2.2.3
   Compiling schemars_derive v1.2.2
    Checking strum v0.26.3
    Checking crossterm v0.28.1
    Checking sha2 v0.10.9
    Checking uuid v1.26.0
   Compiling thiserror-impl v2.0.20
   Compiling clap_derive v4.6.4
    Checking hashlink v0.10.0
    Checking lru v0.12.5
    Checking fallible-iterator v0.3.0
   Compiling rustix v1.1.4
    Checking cassowary v0.3.0
    Checking fallible-streaming-iterator v0.1.9
    Checking unicode-width v0.2.0
    Checking dyn-clone v1.0.20
    Checking schemars v1.2.2
    Checking ratatui v0.29.0
    Checking clap v4.6.6
    Checking ed25519-dalek v2.2.0
    Checking directories v6.0.0
    Checking hmac v0.12.1
    Checking fs2 v0.4.3
    Checking linux-raw-sys v0.12.1
    Checking once_cell v1.21.4
    Checking fastrand v2.5.0
    Checking rusqlite v0.37.0
    Checking tempfile v3.27.0
    Checking stillyard v0.1.0-alpha.20 (/home/runner/work/stillyard/stillyard)
    Finished `dev` profile [unoptimized + debuginfo] target(s) in 28.96s
{
  "outcome": {
    "outcome": "final",
    "value": {
      "receipt": {
        "submission_id": "01a0970e-0915-7a83-a785-d7ec8abea426~01a0970f-4705-70b3-86dd-d07dd560e15c",
        "job_id": "01a0970e-0915-7a83-a785-d7ec8abea426~01a0970f-4705-70b3-86dd-d08e817fe233",
        "submission_state": "accepted",
        "job_state": "pending",
        "reason_code": null,
        "accepted_unix_millis": 1789240755973,
        "priority": 0,
        "effective_priority": 0,
        "blockers": [],
        "queue_rank": 1,
        "reservation": null,
        "conditions": [],
        "estimate": {
          "confidence": "estimated",
          "start_in_millis": 0,
          "assumptions": [
            "currently admissible"
          ]
        },
        "parent": null,
        "managed_policy_admission": null,
        "gpu_provenance": null,
        "admission": null,
        "daemon_generation": "01a0970f-3644-7253-82b8-4c207b179274"
      },
      "snapshot": {
        "job_id": "01a0970e-0915-7a83-a785-d7ec8abea426~01a0970f-4705-70b3-86dd-d08e817fe233",
        "submission_id": "01a0970e-0915-7a83-a785-d7ec8abea426~01a0970f-4705-70b3-86dd-d07dd560e15c",
        "batch_id": null,
        "batch_member": null,
        "state": "final",
        "outcome": "succeeded",
        "reason_code": null,
        "attempt_id": "01a0970e-0915-7a83-a785-d7ec8abea426~01a0970f-4732-7870-9b23-eabe75b37893",
        "invocation_id": "01a0970e-0915-7a83-a785-d7ec8abea426~01a0970f-4732-7870-9b23-eacea3873b0a",
        "containment_id": "01a0970e-0915-7a83-a785-d7ec8abea426~01a0970f-4732-7870-9b23-eadc89468e54",
        "root_exit_code": 0,
        "cancel_requested": false,
        "accepted_unix_millis": 1789240755973,
        "priority": 0,
        "effective_priority": null,
        "queue_rank": null,
        "reservation": null,
        "conditions": [],
        "started_unix_millis": 1789240758070,
        "finished_unix_millis": 1789240787172,
        "spec": {
          "spec_version": 4,
          "priority": 0,
          "executable": "/home/runner/.cargo/bin/cargo",
          "args": [
            "check",
            "--locked",
            "--workspace",
            "--all-features",
            "--all-targets"
          ],
          "working_directory": "/home/runner/work/stillyard/stillyard",
          "stdin": {
            "kind": "eof"
          },
          "environment": {
            "set": {
              "CARGO_BUILD_JOBS": "4",
              "CARGO_HOME": "/home/runner/.cargo",
              "CARGO_TARGET_DIR": "/home/runner/work/stillyard/stillyard/target/scheduled-linux",
              "HOME": "/home/runner",
              "PATH": "/home/runner/.cargo/bin:/usr/bin:/bin",
              "RUSTUP_HOME": "/home/runner/.rustup",
              "RUSTUP_TOOLCHAIN": "stable-x86_64-unknown-linux-gnu"
            },
            "unset": []
          },
          "resources": {
            "cpu_units": null,
            "ram_mb": null,
            "cargo_slots": 1,
            "gpu_slots": null,
            "custom": {},
            "shared_fences": [],
            "exclusive_fences": [],
            "impacts": [
              "cpu_heavy"
            ]
          },
          "observed": null,
          "conditions": [],
          "retry": {
            "max_attempts": 1,
            "backoff_seconds": 0,
            "retryable": []
          },
          "postconditions": [],
          "labels": [
            {
              "key": "project",
              "value": "stillyard"
            },
            {
              "key": "gate",
              "value": "native-linux-check"
            }
          ],
          "expected_duration_seconds": null,
          "timeout_seconds": 1800,
          "quiet": null,
          "artifacts": [],
          "child_submission_policy": null
        },
        "parent": null,
        "managed_policy_admission": null,
        "blockers": [],
        "attempts": [
          {
            "attempt_id": "01a0970e-0915-7a83-a785-d7ec8abea426~01a0970f-4732-7870-9b23-eabe75b37893",
            "attempt_index": 1,
            "verdict": "succeeded",
            "reason_code": null,
            "created_unix_millis": 1789240756017,
            "started_unix_millis": 1789240756017,
            "deadline_unix_millis": 1789242556017,
            "finished_unix_millis": 1789240787172,
            "primary_result": {
              "schema_version": 1,
              "job_id": "01a0970e-0915-7a83-a785-d7ec8abea426~01a0970f-4705-70b3-86dd-d08e817fe233",
              "attempt_id": "01a0970e-0915-7a83-a785-d7ec8abea426~01a0970f-4732-7870-9b23-eabe75b37893",
              "invocation_id": "01a0970e-0915-7a83-a785-d7ec8abea426~01a0970f-4732-7870-9b23-eacea3873b0a",
              "verdict": "succeeded",
              "root_exit_code": 0,
              "termination": "exited",
              "containment": "empty",
              "started_unix_millis": 1789240758070,
              "exited_unix_millis": 1789240787088,
              "resolved_unix_millis": 1789240787155
            },
            "admission": null,
            "invocations": [
              {
                "invocation_id": "01a0970e-0915-7a83-a785-d7ec8abea426~01a0970f-4732-7870-9b23-eacea3873b0a",
                "role": "primary",
                "role_index": 0,
                "state": "resolved",
                "root_pid": 7748,
                "root_identity": {
                  "platform": "linux",
                  "host_id": "sha256:26b1e73eb3f39e8bde671fbfab77ed395b2611ceef76971ad5ab01df9ef4151b",
                  "boot_id": "b57b5320-f46a-4e75-99bd-e6552b85e392",
                  "pid": 7748,
                  "start_ticks": 36404,
                  "pid_namespace_inode": 4026532271,
                  "uid": 1001
                },
                "root_exit_code": 0,
                "exit_classification": null,
                "executable_hash": "dda7234360b7f578ca8b0ddcb80145646fa61a67c1720a5abc7051b35c9fcb71",
                "daemon_generation": "01a0970f-3644-7253-82b8-4c207b179274",
                "started_unix_millis": 1789240758070,
                "finished_unix_millis": 1789240787155,
                "containment": {
                  "containment_id": "01a0970e-0915-7a83-a785-d7ec8abea426~01a0970f-4732-7870-9b23-eadc89468e54",
                  "state": "empty",
                  "strength": "linux_cgroup_v2",
                  "incident_id": null,
                  "incident": null,
                  "resolution": null,
                  "resolution_audit": null
                },
                "stdout_tail": "",
                "stderr_tail": " Downloading crates ...\n  Downloaded tempfile v3.27.0\n  Downloaded fastrand v2.5.0\n  Downloaded once_cell v1.21.4\n  Downloaded rustix v1.1.4\n  Downloaded linux-raw-sys v0.12.1\n   Compiling proc-macro2 v1.0.107\n   Compiling quote v1.0.47\n   Compiling unicode-ident v1.0.24\n   Compiling libc v0.2.189\n    Checking cfg-if v1.0.4\n   Compiling version_check v0.9.5\n    Checking typenum v1.20.1\n   Compiling generic-array v0.14.7\n   Compiling rustversion v1.0.23\n   Compiling serde_core v1.0.229\n    Checking bitflags v2.13.1\n   Compiling syn v3.0.4\n   Compiling syn v2.0.119\n    Checking errno v0.3.14\n    Checking crypto-common v0.1.7\n    Checking block-buffer v0.10.4\n   Compiling shlex v2.0.1\n   Compiling signal-hook v0.3.18\n   Compiling semver v1.0.28\n   Compiling ident_case v1.0.1\n    Checking foldhash v0.1.5\n    Checking smallvec v1.15.2\n    Checking allocator-api2 v0.2.21\n    Checking subtle v2.6.1\n   Compiling find-msvc-tools v0.1.11\n    Checking equivalent v1.0.2\n   Compiling heck v0.5.0\n   Compiling fnv v1.0.7\n   Compiling getrandom v0.4.3\n   Compiling strsim v0.11.1\n   Compiling parking_lot_core v0.9.12\n    Checking hashbrown v0.15.5\n   Compiling cc v1.4.4\n    Checking digest v0.10.7\n   Compiling rustc_version v0.4.1\n   Compiling darling_core v0.20.11\n    Checking signal-hook-registry v1.4.8\n    Checking utf8parse v0.2.2\n    Checking itoa v1.0.18\n   Compiling rustix v0.38.44\n   Compiling vcpkg v0.2.15\n    Checking log v0.4.34\n   Compiling zmij v1.0.23\n   Compiling pkg-config v0.3.34\n    Checking scopeguard v1.2.0\n    Checking lock_api v0.4.14\n    Checking mio v1.2.2\n    Checking anstyle-parse v1.0.0\n   Compiling libsqlite3-sys v0.35.0\n   Compiling curve25519-dalek v4.1.3\n    Checking anstyle-query v1.1.5\n    Checking anstyle v1.0.14\n    Checking cpufeatures v0.2.17\n   Compiling ref-cast v1.0.27\n   Compiling serde_json v1.0.151\n    Checking is_terminal_polyfill v1.70.2\n    Checking linux-raw-sys v0.4.15\n    Checking either v1.18.0\n   Compiling paste v1.0.15\n    Checking colorchoice v1.0.5\n   Compiling serde v1.0.229\n   Compiling instability v0.3.10\n   Compiling darling_macro v0.20.11\n    Checking anstream v1.0.0\n    Checking itertools v0.13.0\n    Checking parking_lot v0.12.5\n   Compiling darling v0.20.11\n    Checking signal-hook-mio v0.2.5\n   Compiling strum_macros v0.26.4\n   Compiling curve25519-dalek-derive v0.1.1\n   Compiling serde_derive v1.0.229\n   Compiling ref-cast-impl v1.0.27\n   Compiling serde_derive_internals v0.30.0\n    Checking castaway v0.2.4\n   Compiling thiserror v2.0.20\n    Checking signature v2.2.0\n   Compiling indoc v2.0.7\n    Checking clap_lex v1.1.0\n    Checking zeroize v1.9.0\n    Checking memchr v2.8.3\n    Checking static_assertions v1.1.0\n    Checking unicode-width v0.1.14\n    Checking unicode-segmentation v1.13.3\n    Checking option-ext v0.2.0\n    Checking ryu v1.0.23\n    Checking unicode-truncate v1.1.0\n    Checking compact_str v0.8.2\n    Checking clap_builder v4.6.6\n    Checking dirs-sys v0.5.0\n    Checking ed25519 v2.2.3\n   Compiling schemars_derive v1.2.2\n    Checking strum v0.26.3\n    Checking crossterm v0.28.1\n    Checking sha2 v0.10.9\n    Checking uuid v1.26.0\n   Compiling thiserror-impl v2.0.20\n   Compiling clap_derive v4.6.4\n    Checking hashlink v0.10.0\n    Checking lru v0.12.5\n    Checking fallible-iterator v0.3.0\n   Compiling rustix v1.1.4\n    Checking cassowary v0.3.0\n    Checking fallible-streaming-iterator v0.1.9\n    Checking unicode-width v0.2.0\n    Checking dyn-clone v1.0.20\n    Checking schemars v1.2.2\n    Checking ratatui v0.29.0\n    Checking clap v4.6.6\n    Checking ed25519-dalek v2.2.0\n    Checking directories v6.0.0\n    Checking hmac v0.12.1\n    Checking fs2 v0.4.3\n    Checking linux-raw-sys v0.12.1\n    Checking once_cell v1.21.4\n    Checking fastrand v2.5.0\n    Checking rusqlite v0.37.0\n    Checking tempfile v3.27.0\n    Checking stillyard v0.1.0-alpha.20 (/home/runner/work/stillyard/stillyard)\n    Finished `dev` profile [unoptimized + debuginfo] target(s) in 28.96s\n"
              }
            ]
          }
        ],
        "allocations": [
          {
            "grant_id": "01a0970e-0915-7a83-a785-d7ec8abea426~01a0970f-4732-7870-9b23-eae60aea8ff3",
            "lease_id": "01a0970f-4732-7870-9b23-eae60aea8ff3",
            "key": {
              "machine_id": "01a0970e-092e-7bc2-8e94-a98861919122",
              "authority_epoch": "01a0970e-092e-7bc2-8e94-a97ab90bbc29",
              "domain_id": "01a0970e-092e-7bc2-8e94-a9a8d26097a0",
              "manager_store_uuid": "01a0970e-0915-7a83-a785-d7ec8abea426",
              "lease_id": "01a0970f-4732-7870-9b23-eae60aea8ff3"
            },
            "owner": {
              "kind": "work",
              "job_id": "01a0970e-0915-7a83-a785-d7ec8abea426~01a0970f-4705-70b3-86dd-d08e817fe233",
              "attempt_id": "01a0970e-0915-7a83-a785-d7ec8abea426~01a0970f-4732-7870-9b23-eabe75b37893"
            },
            "state": "released",
            "claims": {
              "scalars": {
                "cargo_slots": 1,
                "cpu_units": 0,
                "gpu_slots": 0,
                "ram_mb": 0
              },
              "shared_fences": [],
              "exclusive_fences": [],
              "impacts": [
                "cpu_heavy"
              ]
            }
          }
        ],
        "gpu_provenance": null,
        "admission": null,
        "daemon_generation": "01a0970f-3644-7253-82b8-4c207b179274"
      }
    }
  },
  "exit_source": "scheduler",
  "exit_code": 0
}
