{
  "outcome": {
    "outcome": "accepted",
    "value": {
      "receipt": {
        "submission_id": "01a089b1-9a6a-7711-a600-39e2b74e495d~01a089dd-d177-7762-b6e3-43ea67f08e05",
        "job_id": "01a089b1-9a6a-7711-a600-39e2b74e495d~01a089dd-d179-7212-8e74-2c3df93ede77",
        "submission_state": "accepted",
        "job_state": "pending",
        "reason_code": null,
        "accepted_unix_millis": 1789019410809,
        "priority": 0,
        "effective_priority": 0,
        "blockers": [],
        "queue_rank": 2,
        "reservation": null,
        "conditions": [],
        "estimate": {
          "confidence": "estimated",
          "start_in_millis": 0,
          "assumptions": [
            "currently admissible"
          ]
        },
        "parent": null,
        "managed_policy_admission": null,
        "gpu_provenance": null,
        "admission": null,
        "daemon_generation": "01a089d1-0e2f-73e1-9454-bdf184281608"
      },
      "snapshot": null
    }
  },
  "exit_source": "scheduler",
  "exit_code": 0
}
