test (ubuntu-latest)	Run cargo test --all-features	﻿2026-09-12T14:43:42.6347249Z ##[group]Run cargo test --all-features
test (ubuntu-latest)	Run cargo test --all-features	2026-09-12T14:43:42.6347618Z ^[[36;1mcargo test --all-features^[[0m
test (ubuntu-latest)	Run cargo test --all-features	2026-09-12T14:43:42.6384379Z shell: /usr/bin/bash -e {0}
test (ubuntu-latest)	Run cargo test --all-features	2026-09-12T14:43:42.6384656Z env:
test (ubuntu-latest)	Run cargo test --all-features	2026-09-12T14:43:42.6384877Z   CARGO_HOME: /home/runner/.cargo
test (ubuntu-latest)	Run cargo test --all-features	2026-09-12T14:43:42.6385154Z   CARGO_INCREMENTAL: 0
test (ubuntu-latest)	Run cargo test --all-features	2026-09-12T14:43:42.6385392Z   CARGO_TERM_COLOR: always
test (ubuntu-latest)	Run cargo test --all-features	2026-09-12T14:43:42.6385629Z ##[endgroup]
test (ubuntu-latest)	Run cargo test --all-features	2026-09-12T14:43:42.7615404Z ^[[1m^[[92m   Compiling^[[0m cfg-if v1.0.4
test (ubuntu-latest)	Run cargo test --all-features	2026-09-12T14:43:42.7616254Z ^[[1m^[[92m   Compiling^[[0m libc v0.2.189
test (ubuntu-latest)	Run cargo test --all-features	2026-09-12T14:43:42.7617238Z ^[[1m^[[92m   Compiling^[[0m typenum v1.20.1
test (ubuntu-latest)	Run cargo test --all-features	2026-09-12T14:43:42.7634298Z ^[[1m^[[92m   Compiling^[[0m strsim v0.11.1
test (ubuntu-latest)	Run cargo test --all-features	2026-09-12T14:43:42.7895281Z ^[[1m^[[92m   Compiling^[[0m bitflags v2.13.1
test (ubuntu-latest)	Run cargo test --all-features	2026-09-12T14:43:42.9659994Z ^[[1m^[[92m   Compiling^[[0m subtle v2.6.1
test (ubuntu-latest)	Run cargo test --all-features	2026-09-12T14:43:43.0659406Z ^[[1m^[[92m   Compiling^[[0m allocator-api2 v0.2.21
test (ubuntu-latest)	Run cargo test --all-features	2026-09-12T14:43:43.1019472Z ^[[1m^[[92m   Compiling^[[0m foldhash v0.1.5
test (ubuntu-latest)	Run cargo test --all-features	2026-09-12T14:43:43.3207333Z ^[[1m^[[92m   Compiling^[[0m smallvec v1.15.2
test (ubuntu-latest)	Run cargo test --all-features	2026-09-12T14:43:43.4103538Z ^[[1m^[[92m   Compiling^[[0m equivalent v1.0.2
test (ubuntu-latest)	Run cargo test --all-features	2026-09-12T14:43:43.4499655Z ^[[1m^[[92m   Compiling^[[0m darling_core v0.20.11
test (ubuntu-latest)	Run cargo test --all-features	2026-09-12T14:43:43.4756740Z ^[[1m^[[92m   Compiling^[[0m hashbrown v0.15.5
test (ubuntu-latest)	Run cargo test --all-features	2026-09-12T14:43:43.5200486Z ^[[1m^[[92m   Compiling^[[0m generic-array v0.14.7
test (ubuntu-latest)	Run cargo test --all-features	2026-09-12T14:43:43.8289583Z ^[[1m^[[92m   Compiling^[[0m errno v0.3.14
test (ubuntu-latest)	Run cargo test --all-features	2026-09-12T14:43:43.9209553Z ^[[1m^[[92m   Compiling^[[0m signal-hook-registry v1.4.8
test (ubuntu-latest)	Run cargo test --all-features	2026-09-12T14:43:44.0469687Z ^[[1m^[[92m   Compiling^[[0m serde_core v1.0.229
test (ubuntu-latest)	Run cargo test --all-features	2026-09-12T14:43:44.0709681Z ^[[1m^[[92m   Compiling^[[0m block-buffer v0.10.4
test (ubuntu-latest)	Run cargo test --all-features	2026-09-12T14:43:44.1519730Z ^[[1m^[[92m   Compiling^[[0m crypto-common v0.1.7
test (ubuntu-latest)	Run cargo test --all-features	2026-09-12T14:43:44.1629596Z ^[[1m^[[92m   Compiling^[[0m utf8parse v0.2.2
test (ubuntu-latest)	Run cargo test --all-features	2026-09-12T14:43:44.2046488Z ^[[1m^[[92m   Compiling^[[0m digest v0.10.7
test (ubuntu-latest)	Run cargo test --all-features	2026-09-12T14:43:44.2200596Z ^[[1m^[[92m   Compiling^[[0m scopeguard v1.2.0
test (ubuntu-latest)	Run cargo test --all-features	2026-09-12T14:43:44.2573912Z ^[[1m^[[92m   Compiling^[[0m log v0.4.34
test (ubuntu-latest)	Run cargo test --all-features	2026-09-12T14:43:44.3620267Z ^[[1m^[[92m   Compiling^[[0m itoa v1.0.18
test (ubuntu-latest)	Run cargo test --all-features	2026-09-12T14:43:44.3919954Z ^[[1m^[[92m   Compiling^[[0m mio v1.2.2
test (ubuntu-latest)	Run cargo test --all-features	2026-09-12T14:43:44.4969313Z ^[[1m^[[92m   Compiling^[[0m lock_api v0.4.14
test (ubuntu-latest)	Run cargo test --all-features	2026-09-12T14:43:44.6847569Z ^[[1m^[[92m   Compiling^[[0m anstyle-parse v1.0.0
test (ubuntu-latest)	Run cargo test --all-features	2026-09-12T14:43:44.8039593Z ^[[1m^[[92m   Compiling^[[0m signal-hook v0.3.18
test (ubuntu-latest)	Run cargo test --all-features	2026-09-12T14:43:44.9129480Z ^[[1m^[[92m   Compiling^[[0m parking_lot_core v0.9.12
test (ubuntu-latest)	Run cargo test --all-features	2026-09-12T14:43:45.0589810Z ^[[1m^[[92m   Compiling^[[0m getrandom v0.4.3
test (ubuntu-latest)	Run cargo test --all-features	2026-09-12T14:43:45.1179611Z ^[[1m^[[92m   Compiling^[[0m anstyle-query v1.1.5
test (ubuntu-latest)	Run cargo test --all-features	2026-09-12T14:43:45.1666071Z ^[[1m^[[92m   Compiling^[[0m is_terminal_polyfill v1.70.2
test (ubuntu-latest)	Run cargo test --all-features	2026-09-12T14:43:45.1889363Z ^[[1m^[[92m   Compiling^[[0m either v1.18.0
test (ubuntu-latest)	Run cargo test --all-features	2026-09-12T14:43:45.2089749Z ^[[1m^[[92m   Compiling^[[0m cpufeatures v0.2.17
test (ubuntu-latest)	Run cargo test --all-features	2026-09-12T14:43:45.2449602Z ^[[1m^[[92m   Compiling^[[0m anstyle v1.0.14
test (ubuntu-latest)	Run cargo test --all-features	2026-09-12T14:43:45.3769670Z ^[[1m^[[92m   Compiling^[[0m colorchoice v1.0.5
test (ubuntu-latest)	Run cargo test --all-features	2026-09-12T14:43:45.4071176Z ^[[1m^[[92m   Compiling^[[0m linux-raw-sys v0.4.15
test (ubuntu-latest)	Run cargo test --all-features	2026-09-12T14:43:45.4299756Z ^[[1m^[[92m   Compiling^[[0m anstream v1.0.0
test (ubuntu-latest)	Run cargo test --all-features	2026-09-12T14:43:45.6880040Z ^[[1m^[[92m   Compiling^[[0m rustix v0.38.44
test (ubuntu-latest)	Run cargo test --all-features	2026-09-12T14:43:45.6939719Z ^[[1m^[[92m   Compiling^[[0m itertools v0.13.0
test (ubuntu-latest)	Run cargo test --all-features	2026-09-12T14:43:46.0029744Z ^[[1m^[[92m   Compiling^[[0m darling_macro v0.20.11
test (ubuntu-latest)	Run cargo test --all-features	2026-09-12T14:43:46.2149694Z ^[[1m^[[92m   Compiling^[[0m darling v0.20.11
test (ubuntu-latest)	Run cargo test --all-features	2026-09-12T14:43:46.2479400Z ^[[1m^[[92m   Compiling^[[0m parking_lot v0.12.5
test (ubuntu-latest)	Run cargo test --all-features	2026-09-12T14:43:46.4213028Z ^[[1m^[[92m   Compiling^[[0m signal-hook-mio v0.2.5
test (ubuntu-latest)	Run cargo test --all-features	2026-09-12T14:43:46.4799708Z ^[[1m^[[92m   Compiling^[[0m zmij v1.0.23
test (ubuntu-latest)	Run cargo test --all-features	2026-09-12T14:43:46.6100284Z ^[[1m^[[92m   Compiling^[[0m castaway v0.2.4
test (ubuntu-latest)	Run cargo test --all-features	2026-09-12T14:43:46.6459683Z ^[[1m^[[92m   Compiling^[[0m clap_lex v1.1.0
test (ubuntu-latest)	Run cargo test --all-features	2026-09-12T14:43:46.6624341Z ^[[1m^[[92m   Compiling^[[0m memchr v2.8.3
test (ubuntu-latest)	Run cargo test --all-features	2026-09-12T14:43:46.7900131Z ^[[1m^[[92m   Compiling^[[0m static_assertions v1.1.0
test (ubuntu-latest)	Run cargo test --all-features	2026-09-12T14:43:46.8226323Z ^[[1m^[[92m   Compiling^[[0m zeroize v1.9.0
test (ubuntu-latest)	Run cargo test --all-features	2026-09-12T14:43:46.8282563Z ^[[1m^[[92m   Compiling^[[0m option-ext v0.2.0
test (ubuntu-latest)	Run cargo test --all-features	2026-09-12T14:43:46.8609705Z ^[[1m^[[92m   Compiling^[[0m signature v2.2.0
test (ubuntu-latest)	Run cargo test --all-features	2026-09-12T14:43:46.9289509Z ^[[1m^[[92m   Compiling^[[0m ryu v1.0.23
test (ubuntu-latest)	Run cargo test --all-features	2026-09-12T14:43:46.9540913Z ^[[1m^[[92m   Compiling^[[0m unicode-segmentation v1.13.3
test (ubuntu-latest)	Run cargo test --all-features	2026-09-12T14:43:47.0630210Z ^[[1m^[[92m   Compiling^[[0m unicode-width v0.1.14
test (ubuntu-latest)	Run cargo test --all-features	2026-09-12T14:43:47.1419634Z ^[[1m^[[92m   Compiling^[[0m serde_json v1.0.151
test (ubuntu-latest)	Run cargo test --all-features	2026-09-12T14:43:47.2269559Z ^[[1m^[[92m   Compiling^[[0m compact_str v0.8.2
test (ubuntu-latest)	Run cargo test --all-features	2026-09-12T14:43:47.3459612Z ^[[1m^[[92m   Compiling^[[0m unicode-truncate v1.1.0
test (ubuntu-latest)	Run cargo test --all-features	2026-09-12T14:43:47.4069624Z ^[[1m^[[92m   Compiling^[[0m curve25519-dalek v4.1.3
test (ubuntu-latest)	Run cargo test --all-features	2026-09-12T14:43:47.4349482Z ^[[1m^[[92m   Compiling^[[0m ed25519 v2.2.3
test (ubuntu-latest)	Run cargo test --all-features	2026-09-12T14:43:47.5470071Z ^[[1m^[[92m   Compiling^[[0m instability v0.3.10
test (ubuntu-latest)	Run cargo test --all-features	2026-09-12T14:43:47.8749935Z ^[[1m^[[92m   Compiling^[[0m dirs-sys v0.5.0
test (ubuntu-latest)	Run cargo test --all-features	2026-09-12T14:43:48.0040072Z ^[[1m^[[92m   Compiling^[[0m clap_builder v4.6.6
test (ubuntu-latest)	Run cargo test --all-features	2026-09-12T14:43:48.1219959Z ^[[1m^[[92m   Compiling^[[0m ref-cast v1.0.27
test (ubuntu-latest)	Run cargo test --all-features	2026-09-12T14:43:48.1629613Z ^[[1m^[[92m   Compiling^[[0m serde v1.0.229
test (ubuntu-latest)	Run cargo test --all-features	2026-09-12T14:43:48.4209653Z ^[[1m^[[92m   Compiling^[[0m strum v0.26.3
test (ubuntu-latest)	Run cargo test --all-features	2026-09-12T14:43:48.4699643Z ^[[1m^[[92m   Compiling^[[0m libsqlite3-sys v0.35.0
test (ubuntu-latest)	Run cargo test --all-features	2026-09-12T14:43:48.6396926Z ^[[1m^[[92m   Compiling^[[0m crossterm v0.28.1
test (ubuntu-latest)	Run cargo test --all-features	2026-09-12T14:43:48.7219532Z ^[[1m^[[92m   Compiling^[[0m uuid v1.26.0
test (ubuntu-latest)	Run cargo test --all-features	2026-09-12T14:43:48.8099545Z ^[[1m^[[92m   Compiling^[[0m sha2 v0.10.9
test (ubuntu-latest)	Run cargo test --all-features	2026-09-12T14:43:49.1649404Z ^[[1m^[[92m   Compiling^[[0m hashlink v0.10.0
test (ubuntu-latest)	Run cargo test --all-features	2026-09-12T14:43:49.1868528Z ^[[1m^[[92m   Compiling^[[0m lru v0.12.5
test (ubuntu-latest)	Run cargo test --all-features	2026-09-12T14:43:49.2970162Z ^[[1m^[[92m   Compiling^[[0m unicode-width v0.2.0
test (ubuntu-latest)	Run cargo test --all-features	2026-09-12T14:43:49.4205735Z ^[[1m^[[92m   Compiling^[[0m cassowary v0.3.0
test (ubuntu-latest)	Run cargo test --all-features	2026-09-12T14:43:49.4649463Z ^[[1m^[[92m   Compiling^[[0m fallible-iterator v0.3.0
test (ubuntu-latest)	Run cargo test --all-features	2026-09-12T14:43:49.7729668Z ^[[1m^[[92m   Compiling^[[0m dyn-clone v1.0.20
test (ubuntu-latest)	Run cargo test --all-features	2026-09-12T14:43:49.8379848Z ^[[1m^[[92m   Compiling^[[0m fallible-streaming-iterator v0.1.9
test (ubuntu-latest)	Run cargo test --all-features	2026-09-12T14:43:49.8459462Z ^[[1m^[[92m   Compiling^[[0m schemars v1.2.2
test (ubuntu-latest)	Run cargo test --all-features	2026-09-12T14:43:49.9219622Z ^[[1m^[[92m   Compiling^[[0m rusqlite v0.37.0
test (ubuntu-latest)	Run cargo test --all-features	2026-09-12T14:43:50.0279536Z ^[[1m^[[92m   Compiling^[[0m clap v4.6.6
test (ubuntu-latest)	Run cargo test --all-features	2026-09-12T14:43:50.0630482Z ^[[1m^[[92m   Compiling^[[0m ratatui v0.29.0
test (ubuntu-latest)	Run cargo test --all-features	2026-09-12T14:43:51.4767465Z ^[[1m^[[92m   Compiling^[[0m thiserror v2.0.20
test (ubuntu-latest)	Run cargo test --all-features	2026-09-12T14:43:51.5267730Z ^[[1m^[[92m   Compiling^[[0m ed25519-dalek v2.2.0
test (ubuntu-latest)	Run cargo test --all-features	2026-09-12T14:43:51.7170115Z ^[[1m^[[92m   Compiling^[[0m directories v6.0.0
test (ubuntu-latest)	Run cargo test --all-features	2026-09-12T14:43:51.7607588Z ^[[1m^[[92m   Compiling^[[0m hmac v0.12.1
test (ubuntu-latest)	Run cargo test --all-features	2026-09-12T14:43:51.8349592Z ^[[1m^[[92m   Compiling^[[0m fs2 v0.4.3
test (ubuntu-latest)	Run cargo test --all-features	2026-09-12T14:43:51.8456287Z ^[[1m^[[92m   Compiling^[[0m linux-raw-sys v0.12.1
test (ubuntu-latest)	Run cargo test --all-features	2026-09-12T14:43:51.9311832Z ^[[1m^[[92m   Compiling^[[0m fastrand v2.5.0
test (ubuntu-latest)	Run cargo test --all-features	2026-09-12T14:43:52.0999935Z ^[[1m^[[92m   Compiling^[[0m once_cell v1.21.4
test (ubuntu-latest)	Run cargo test --all-features	2026-09-12T14:43:52.1789594Z ^[[1m^[[92m   Compiling^[[0m rustix v1.1.4
test (ubuntu-latest)	Run cargo test --all-features	2026-09-12T14:43:52.2560371Z ^[[1m^[[92m   Compiling^[[0m stillyard v0.1.0-alpha.20 (/home/runner/work/stillyard/stillyard)
test (ubuntu-latest)	Run cargo test --all-features	2026-09-12T14:43:53.5626501Z ^[[1m^[[92m   Compiling^[[0m tempfile v3.27.0
test (ubuntu-latest)	Run cargo test --all-features	2026-09-12T14:44:23.1648079Z ^[[1m^[[92m    Finished^[[0m `test` profile [unoptimized + debuginfo] target(s) in 40.51s
test (ubuntu-latest)	Run cargo test --all-features	2026-09-12T14:44:23.1727813Z ^[[1m^[[92m     Running^[[0m unittests src/lib.rs (target/debug/deps/stillyard-823c9f1fb6178f0b)
test (ubuntu-latest)	Run cargo test --all-features	2026-09-12T14:44:23.1743833Z 
test (ubuntu-latest)	Run cargo test --all-features	2026-09-12T14:44:23.1744008Z running 287 tests
test (ubuntu-latest)	Run cargo test --all-features	2026-09-12T14:44:23.1757509Z test admission::scoped::tests::missing_budget_is_not_zero_and_cycles_never_expand ... ok
test (ubuntu-latest)	Run cargo test --all-features	2026-09-12T14:44:23.1758989Z test admission::scoped::tests::aliases_share_physical_capacity_but_fences_are_domain_local ... ok
test (ubuntu-latest)	Run cargo test --all-features	2026-09-12T14:44:23.1760351Z test admission::scoped::tests::hierarchy_counts_each_constraint_once_and_rejects_full_vector ... ok
test (ubuntu-latest)	Run cargo test --all-features	2026-09-12T14:44:23.1762740Z test admission::scoped::tests::scoped_reservations_convert_whole_vectors_and_accounting_rejects_overflow ... ok
test (ubuntu-latest)	Run cargo test --all-features	2026-09-12T14:44:23.1766418Z test api::tests::cursors_have_stable_cli_round_trips ... ok
test (ubuntu-latest)	Run cargo test --all-features	2026-09-12T14:44:23.1767133Z test api::tests::incident_cursor_is_store_scoped_and_stable ... ok
test (ubuntu-latest)	Run cargo test --all-features	2026-09-12T14:44:23.1767980Z test api::tests::linux_process_identity_is_typed_and_requires_complete_kernel_evidence ... ok
test (ubuntu-latest)	Run cargo test --all-features	2026-09-12T14:44:23.1772789Z test api::tests::managed_execution_value_constructors_use_safe_defaults ... ok
test (ubuntu-latest)	Run cargo test --all-features	2026-09-12T14:44:23.1773472Z test api::tests::unknown_safety_values_round_trip_without_authority ... ok
test (ubuntu-latest)	Run cargo test --all-features	2026-09-12T14:44:23.1773961Z test api::tests::scheduler_events_accept_additive_wire_evolution ... ok
test (ubuntu-latest)	Run cargo test --all-features	2026-09-12T14:44:23.1827843Z test authority::tests::exact_replay_never_rearms_a_retired_hold_and_conflict_rejects ... ok
test (ubuntu-latest)	Run cargo test --all-features	2026-09-12T14:44:23.1865314Z test authority::tests::missing_and_lost_history_never_implies_free_capacity ... ok
test (ubuntu-latest)	Run cargo test --all-features	2026-09-12T14:44:23.1913092Z test authority::tests::legacy_hold_inventory_reports_missing_cleanup_reservation_before_release ... ok
test (ubuntu-latest)	Run cargo test --all-features	2026-09-12T14:44:23.1917387Z test authority::retirement::tests::missing_or_changed_pending_retirement_audit_keeps_authority_closed ... ok
test (ubuntu-latest)	Run cargo test --all-features	2026-09-12T14:44:23.1980611Z test authority::tests::syntactically_valid_corruption_and_failed_publication_close_admission ... ok
test (ubuntu-latest)	Run cargo test --all-features	2026-09-12T14:44:23.2004924Z test authority::topology_tests::continuous_legacy_registry_gets_stable_domains_without_releasing_obligations ... ok
test (ubuntu-latest)	Run cargo test --all-features	2026-09-12T14:44:23.2034095Z test authority::topology_tests::missing_database_uuid_cannot_rebind_continuous_authority_as_empty ... ok
test (ubuntu-latest)	Run cargo test --all-features	2026-09-12T14:44:23.2062898Z test authority::topology_tests::reset_gate_survives_both_crash_sides_and_preserves_predecessor_identity ... ok
test (ubuntu-latest)	Run cargo test --all-features	2026-09-12T14:44:23.2067799Z test client::linux::tests::socket_mode_and_foreign_image_are_rejected ... ok
test (ubuntu-latest)	Run cargo test --all-features	2026-09-12T14:44:23.2220780Z test client::tests::accepted_batch_refresh_pins_the_complete_member_identity ... ok
test (ubuntu-latest)	Run cargo test --all-features	2026-09-12T14:44:23.2269380Z test client::tests::accepted_refresh_uses_stable_identity_and_keeps_the_durable_receipt ... ok
test (ubuntu-latest)	Run cargo test --all-features	2026-09-12T14:44:23.2270766Z test client::tests::doctor_complete_distinguishes_deadline_and_cancellation_before_connecting ... ok
test (ubuntu-latest)	Run cargo test --all-features	2026-09-12T14:44:23.2301110Z test client::tests::ensure_result_file_claim_is_atomic_and_reports_payload_conflict_without_overwrite ... ok
test (ubuntu-latest)	Run cargo test --all-features	2026-09-12T14:44:23.2321697Z 
test (ubuntu-latest)	Run cargo test --all-features	2026-09-12T14:44:23.2322041Z running 1 test
test (ubuntu-latest)	Run cargo test --all-features	2026-09-12T14:44:23.2614799Z test client::tests::ensure_result_file_lock_obeys_the_client_deadline ... ok
test (ubuntu-latest)	Run cargo test --all-features	2026-09-12T14:44:23.2616632Z test client::tests::ensure_unknown_is_a_typed_fail_closed_outcome_without_transport_replay ... ok
test (ubuntu-latest)	Run cargo test --all-features	2026-09-12T14:44:23.2617990Z test client::tests::every_result_file_identity_discriminant_blocks_replay ... ok
test (ubuntu-latest)	Run cargo test --all-features	2026-09-12T14:44:23.2619504Z test client::tests::explicit_and_inherited_client_endpoints_are_connect_only ... ok
test (ubuntu-latest)	Run cargo test --all-features	2026-09-12T14:44:23.2620816Z test client::tests::incomplete_managed_environment_fails_even_for_another_endpoint ... ok
test (ubuntu-latest)	Run cargo test --all-features	2026-09-12T14:44:23.2622192Z test client::tests::interrupted_passthrough_stops_at_a_quiescent_unclaimed_prefix ... ok
test (ubuntu-latest)	Run cargo test --all-features	2026-09-12T14:44:23.2623568Z test client::tests::managed_coordinates_are_scoped_to_the_inherited_endpoint ... ok
test (ubuntu-latest)	Run cargo test --all-features	2026-09-12T14:44:23.2881239Z test client::tests::only_exact_managed_not_received_receipt_authorizes_result_file_reuse ... ok
test (ubuntu-latest)	Run cargo test --all-features	2026-09-12T14:44:23.2883872Z test client::tests::recover_missing_result_file_does_not_create_it ... ok
test (ubuntu-latest)	Run cargo test --all-features	2026-09-12T14:44:23.2900564Z test client::tests::recovery_rejects_a_foreign_endpoint_without_touching_the_receipt ... ok
test (ubuntu-latest)	Run cargo test --all-features	2026-09-12T14:44:23.2901944Z test client::tests::response_errors_preserve_known_wire_rejections ... ok
test (ubuntu-latest)	Run cargo test --all-features	2026-09-12T14:44:23.2940902Z test client::tests::result_file_fresh_create_is_atomic_and_never_overwrites ... ok
test (ubuntu-latest)	Run cargo test --all-features	2026-09-12T14:44:23.2942352Z test client::tests::result_file_lock_holder_helper ... ignored, launched as a cross-process result-file lock holder
test (ubuntu-latest)	Run cargo test --all-features	2026-09-12T14:44:23.2990999Z test client::tests::stale_recovery_cannot_overwrite_a_concurrent_accepted_receipt ... ok
test (ubuntu-latest)	Run cargo test --all-features	2026-09-12T14:44:23.3010989Z test client::tests::unknown_recovery_preserves_the_last_durable_receipt ... ok
test (ubuntu-latest)	Run cargo test --all-features	2026-09-12T14:44:23.3012427Z test client::tests::unmanaged_client_selects_the_public_default_endpoint ... ok
test (ubuntu-latest)	Run cargo test --all-features	2026-09-12T14:44:23.3013596Z test client::tests::wait_aggregate_uses_the_worst_terminal_outcome ... ok
test (ubuntu-latest)	Run cargo test --all-features	2026-09-12T14:44:23.3603383Z test daemon::installation_tests::explicit_wsl_setup_preserves_store_and_obeys_daemon_lock ... ok
test (ubuntu-latest)	Run cargo test --all-features	2026-09-12T14:44:23.3605451Z test filesystem::tests::only_fixed_ntfs_is_accepted ... ok
test (ubuntu-latest)	Run cargo test --all-features	2026-09-12T14:44:23.3606750Z test host_observation::linux_cpu::tests::linux_cpu_avoids_guest_double_count_and_fences_regressions_and_hotplug ... ok
test (ubuntu-latest)	Run cargo test --all-features	2026-09-12T14:44:23.3608644Z test host_observation::linux_disk::tests::linux_disk_detects_inflight_pressure_reuse_and_counter_regression ... ok
test (ubuntu-latest)	Run cargo test --all-features	2026-09-12T14:44:23.3610297Z test host_observation::linux_memory::tests::linux_memory_does_not_fabricate_windows_commit_headroom ... ok
test (ubuntu-latest)	Run cargo test --all-features	2026-09-12T14:44:23.3611868Z test host_observation::policy::tests::debrix_process_patterns_are_case_insensitive_and_wildcard_aware ... ok
test (ubuntu-latest)	Run cargo test --all-features	2026-09-12T14:44:23.3613374Z test host_observation::policy::tests::stale_memory_and_blocked_process_fail_closed ... ok
test (ubuntu-latest)	Run cargo test --all-features	2026-09-12T14:44:23.3614810Z test host_observation::policy::tests::standalone_observed_thresholds_block_without_creating_quiet_policy ... ok
test (ubuntu-latest)	Run cargo test --all-features	2026-09-12T14:44:23.3616156Z test host_observation::policy::tests::strict_admission_uses_commit_vram_margins_and_ignores_shell_processes ... ok
test (ubuntu-latest)	Run cargo test --all-features	2026-09-12T14:44:23.3617701Z test host_observation::policy::tests::unavailable_quiet_detector_is_not_treated_as_a_clean_sample ... ok
test (ubuntu-latest)	Run cargo test --all-features	2026-09-12T14:44:23.3619359Z test host_observation::policy::tests::unresolved_nvml_compute_process_fails_closed_but_shell_processes_do_not ... ok
test (ubuntu-latest)	Run cargo test --all-features	2026-09-12T14:44:23.3620670Z test host_observation::service::tests::cadence_and_suspend_discontinuities_change_generation ... ok
test (ubuntu-latest)	Run cargo test --all-features	2026-09-12T14:44:23.3626958Z test host_observation::service::tests::doctor_coverage_names_every_strict_provider_with_fresh_provenance ... ok
test (ubuntu-latest)	Run cargo test --all-features	2026-09-12T14:44:23.3629700Z test host_observation::service::tests::doctor_fails_closed_only_when_unavailable_coverage_is_required ... ok
test (ubuntu-latest)	Run cargo test --all-features	2026-09-12T14:44:23.3635311Z test host_observation::service::tests::doctor_gpu_coverage_requires_the_exact_configured_device ... ok
test (ubuntu-latest)	Run cargo test --all-features	2026-09-12T14:44:23.4555409Z test client::linux::tests::socket_exchange_checks_owner_image_and_deadline ... ok
test (ubuntu-latest)	Run cargo test --all-features	2026-09-12T14:44:23.4556949Z test identity::linux::tests::comm_delimiters_do_not_change_the_kernel_start_field ... ok
test (ubuntu-latest)	Run cargo test --all-features	2026-09-12T14:44:23.4558084Z test identity::linux::tests::socket_peer_is_kernel_pinned_and_image_checked ... ok
test (ubuntu-latest)	Run cargo test --all-features	2026-09-12T14:44:23.5361292Z test machine::bridge::linux::tests::linux_bridge_deadline_covers_partial_frame_and_writes ... ok
test (ubuntu-latest)	Run cargo test --all-features	2026-09-12T14:44:23.5389193Z test machine::bridge::tests::bridge_preserves_multiple_correlations_and_eof_never_calls_cleanup ... ok
test (ubuntu-latest)	Run cargo test --all-features	2026-09-12T14:44:23.5418895Z test machine::bridge::tests::bridge_rejects_versions_truncation_and_oversize_before_dispatch ... ok
test (ubuntu-latest)	Run cargo test --all-features	2026-09-12T14:44:23.5442421Z test machine::manager::release::tests::delay_in_final_local_check_is_rechecked_before_os_release ... ok
test (ubuntu-latest)	Run cargo test --all-features	2026-09-12T14:44:23.5450710Z test machine::manager::release::tests::local_send_age_detects_delay_suspend_and_clock_discontinuity ... ok
test (ubuntu-latest)	Run cargo test --all-features	2026-09-12T14:44:23.5452337Z test machine::manager::release::tests::loss_of_readiness_after_commit_proves_no_release_without_replaying_consumption ... ok
test (ubuntu-latest)	Run cargo test --all-features	2026-09-12T14:44:23.5454627Z test machine::manager::release::tests::retry_cannot_rejuvenate_a_delayed_ticket_and_cancel_fences_release ... ok
test (ubuntu-latest)	Run cargo test --all-features	2026-09-12T14:44:23.5456550Z test machine::manager::release::tests::unused_after_commit_keeps_consumption_and_requires_exact_cleanup_before_sealing ... ok
test (ubuntu-latest)	Run cargo test --all-features	2026-09-12T14:44:23.5754172Z test machine::manager::tests::local_outbox_and_start_intent_survive_commit_gaps_without_relaunch ... ok
test (ubuntu-latest)	Run cargo test --all-features	2026-09-12T14:44:23.6289723Z test machine::manager::tests::lost_ticket_then_coordinator_reset_and_epoch_rotation_recover_without_launch ... ok
test (ubuntu-latest)	Run cargo test --all-features	2026-09-12T14:44:25.4550429Z test machine::manager::tests::outbox_counts_utf8_bytes_and_reserves_room_for_acknowledgement ... ok
test (ubuntu-latest)	Run cargo test --all-features	2026-09-12T14:44:25.5179504Z test machine::tests::framing_rejects_oversize_before_reading_body_and_strictly_decodes ... ok
test (ubuntu-latest)	Run cargo test --all-features	2026-09-12T14:44:25.5191732Z test machine::tests::operation_authentication_binds_session_sequence_identity_and_payload ... ok
test (ubuntu-latest)	Run cargo test --all-features	2026-09-12T14:44:25.5218849Z test machine::tests::pairing_tag_binds_both_nonces_session_role_owner_and_versions ... ok
test (ubuntu-latest)	Run cargo test --all-features	2026-09-12T14:44:25.5248760Z test machine::tests::request_rejects_version_hash_sequence_and_unknown_identity ... ok
test (ubuntu-latest)	Run cargo test --all-features	2026-09-12T14:44:25.5263362Z test model::tests::durable_id_round_trip_carries_store_identity ... ok
test (ubuntu-latest)	Run cargo test --all-features	2026-09-12T14:44:25.5264596Z test model::tests::unscoped_uuid_is_not_a_public_durable_id ... ok
test (ubuntu-latest)	Run cargo test --all-features	2026-09-12T14:44:25.5265737Z test protocol::tests::daemon_resource_accounting_is_additive_with_an_explicit_legacy_absence ... ok
test (ubuntu-latest)	Run cargo test --all-features	2026-09-12T14:44:25.5267918Z test protocol::tests::frame_round_trip ... ok
test (ubuntu-latest)	Run cargo test --all-features	2026-09-12T14:44:25.5269198Z test protocol::tests::responses_are_additive_but_requests_remain_strict ... ok
test (ubuntu-latest)	Run cargo test --all-features	2026-09-12T14:44:25.5270137Z test resources::tests::child_policy_vram_claim_names_are_canonicalized ... ok
test (ubuntu-latest)	Run cargo test --all-features	2026-09-12T14:44:25.5271005Z test resources::tests::complete_scalar_lease_never_partially_fits ... ok
test (ubuntu-latest)	Run cargo test --all-features	2026-09-12T14:44:25.5271952Z test resources::tests::different_missing_children_under_one_ancestor_do_not_alias ... ok
test (ubuntu-latest)	Run cargo test --all-features	2026-09-12T14:44:25.5273059Z test resources::tests::existing_policy_root_replacement_does_not_inherit_object_authority ... ok
test (ubuntu-latest)	Run cargo test --all-features	2026-09-12T14:44:25.5274146Z test resources::tests::granted_debit_overflow_blocks_instead_of_wrapping_capacity ... ok
test (ubuntu-latest)	Run cargo test --all-features	2026-09-12T14:44:25.5275289Z test resources::tests::impact_rules_are_symmetric_self_compatibility_is_explicit_and_ancestors_block ... ok
test (ubuntu-latest)	Run cargo test --all-features	2026-09-12T14:44:25.5276456Z test resources::tests::linux_fences_track_objects_and_reject_policy_symlink_escape ... ok
test (ubuntu-latest)	Run cargo test --all-features	2026-09-12T14:44:25.5277474Z test resources::tests::managed_wait_checks_only_components_retained_by_ancestors ... ok
test (ubuntu-latest)	Run cargo test --all-features	2026-09-12T14:44:25.5278769Z test resources::tests::missing_policy_root_retains_component_authority_after_creation ... ok
test (ubuntu-latest)	Run cargo test --all-features	2026-09-12T14:44:25.5280599Z test resources::tests::observed_headroom_is_checked_and_excludes_only_the_supplied_debit ... ok
test (ubuntu-latest)	Run cargo test --all-features	2026-09-12T14:44:25.5281608Z test resources::tests::shared_fences_overlap_but_exclusive_conflicts ... ok
test (ubuntu-latest)	Run cargo test --all-features	2026-09-12T14:44:25.5283117Z test runner::linux::cgroup::tests::linux_cgroup_real_identity_empty_seal_and_missing_path_negative ... ignored, requires nested delegation under the protected system bootstrap Job
test (ubuntu-latest)	Run cargo test --all-features	2026-09-12T14:44:25.5284797Z test runner::linux::cgroup::tests::linux_cgroup_rejects_an_ordinary_directory_as_boundary_evidence ... ok
test (ubuntu-latest)	Run cargo test --all-features	2026-09-12T14:44:25.5286487Z test runner::linux::cgroup::tests::linux_cgroup_root_exit_keeps_descendant_debit_until_recursive_kill ... ignored, requires nested delegation under the protected system bootstrap Job
test (ubuntu-latest)	Run cargo test --all-features	2026-09-12T14:44:25.5289115Z test runner::linux::journal::cross_os::linux_executor_cross_os_reset_subject ... ignored, native system Job supplies mailbox and protected Linux delegation
test (ubuntu-latest)	Run cargo test --all-features	2026-09-12T14:44:25.5291131Z test runner::linux::journal::tests::linux_executor_journal_absence_after_seal_gap_retains_uncertainty ... ignored, requires delegated cgroup under a protected system bootstrap Job
test (ubuntu-latest)	Run cargo test --all-features	2026-09-12T14:44:25.5349372Z test runner::linux::journal::tests::linux_executor_journal_never_reinitializes_missing_or_corrupt_history ... ok
test (ubuntu-latest)	Run cargo test --all-features	2026-09-12T14:44:25.5351675Z test runner::linux::journal::tests::linux_executor_journal_recovers_live_boundary_and_seals_once ... ignored, requires delegated cgroup under a protected system bootstrap Job
test (ubuntu-latest)	Run cargo test --all-features	2026-09-12T14:44:25.5365063Z test runner::linux::launch::tests::linux_attestation_client_fixture ... ignored, invoked only as the user program in the nested namespace control
test (ubuntu-latest)	Run cargo test --all-features	2026-09-12T14:44:25.5367405Z test runner::linux::launch::tests::linux_exec_barrier_bad_image_and_abandoned_release_never_run_user_code ... ignored, requires delegated cgroup under a protected system bootstrap Job
test (ubuntu-latest)	Run cargo test --all-features	2026-09-12T14:44:25.5370227Z test runner::linux::launch::tests::linux_exec_barrier_prevents_user_code_and_pins_script_bytes ... ignored, requires delegated cgroup under a protected system bootstrap Job
test (ubuntu-latest)	Run cargo test --all-features	2026-09-12T14:44:25.5372161Z test runner::linux::launch::tests::linux_exec_permission_binds_private_key_and_fresh_ready_challenge ... ok
test (ubuntu-latest)	Run cargo test --all-features	2026-09-12T14:44:25.5374211Z test runner::linux::launch::tests::linux_namespace_attestation_uses_real_peer_and_rejects_outside_proxy ... ignored, requires delegated cgroup under a protected system bootstrap Job
test (ubuntu-latest)	Run cargo test --all-features	2026-09-12T14:44:25.5377390Z test runner::linux::registry::tests::linux_registry_membership_waits_for_cleanup_and_retains_negative_proof ... ignored, requires delegated cgroup under a protected system bootstrap Job
test (ubuntu-latest)	Run cargo test --all-features	2026-09-12T14:44:25.5380100Z test runner::linux::registry::tests::linux_registry_requires_durable_seal_and_matches_reconciliation_identity ... ignored, requires delegated cgroup under a protected system bootstrap Job
test (ubuntu-latest)	Run cargo test --all-features	2026-09-12T14:44:25.5382318Z test runtime_metrics::tests::attached_wait_polling_mutant_exceeds_idle_budget ... ignored, run alone as a system Job to measure the real attached wait path
test (ubuntu-latest)	Run cargo test --all-features	2026-09-12T14:44:25.5448867Z test runtime_metrics::tests::polling_control_is_counted_and_event_notification_is_not_a_timer ... ok
test (ubuntu-latest)	Run cargo test --all-features	2026-09-12T14:44:25.5452807Z test spec::tests::child_policy_unknown_fields_are_rejected_during_decode ... ok
test (ubuntu-latest)	Run cargo test --all-features	2026-09-12T14:44:25.5479213Z test spec::tests::daemon_environment_presets_are_not_accepted ... ok
test (ubuntu-latest)	Run cargo test --all-features	2026-09-12T14:44:25.5508922Z test spec::tests::host_deferral_bound_applies_only_to_jobs_that_request_quiet ... ok
test (ubuntu-latest)	Run cargo test --all-features	2026-09-12T14:44:25.5528785Z test spec::tests::lifecycle_history_has_a_finite_snapshot_bound ... ok
test (ubuntu-latest)	Run cargo test --all-features	2026-09-12T14:44:25.5558824Z test spec::tests::retry_verdicts_must_be_unique ... ok
test (ubuntu-latest)	Run cargo test --all-features	2026-09-12T14:44:25.5698663Z test spec::tests::schema_is_stable_within_one_build ... ok
test (ubuntu-latest)	Run cargo test --all-features	2026-09-12T14:44:25.5706929Z test spec::tests::supported_claim_and_impact_validate ... ok
test (ubuntu-latest)	Run cargo test --all-features	2026-09-12T14:44:25.5707725Z test spec::tests::unknown_job_field_rejects ... ok
test (ubuntu-latest)	Run cargo test --all-features	2026-09-12T14:44:25.5708967Z test spec::tests::version_four_rejects_duplicate_label_keys_and_invalid_policy_shapes ... ok
test (ubuntu-latest)	Run cargo test --all-features	2026-09-12T14:44:25.5710598Z test store::attached::invocation::tests::waiting_ticket_reply_survives_outbox_compaction_without_replaying_unknown_operation ... ok
test (ubuntu-latest)	Run cargo test --all-features	2026-09-12T14:44:25.6085767Z test store::attached::observation::tests::attached_observation_preserves_counts_and_fences_stale_sessions ... ok
test (ubuntu-latest)	Run cargo test --all-features	2026-09-12T14:44:25.6411472Z test store::attached::tests::attached_admission_persists_candidates_and_holds_lease_until_release_ack ... FAILED
test (ubuntu-latest)	Run cargo test --all-features	2026-09-12T14:44:25.6413913Z test store::attached::tests::crash::linux_attached_runtime_crash_commit_boundaries ... ignored, requires protected nested cgroup delegation and prebuilt Linux stub
test (ubuntu-latest)	Run cargo test --all-features	2026-09-12T14:44:25.6416246Z test store::attached::tests::crash::linux_attached_runtime_crash_subject ... ignored, only the protected crash matrix controller launches this child
test (ubuntu-latest)	Run cargo test --all-features	2026-09-12T14:44:25.6418557Z test store::attached::tests::linux_attached_runtime_cancel_seals_live_descendant ... ignored, requires protected nested cgroup delegation
test (ubuntu-latest)	Run cargo test --all-features	2026-09-12T14:44:25.6420647Z test store::attached::tests::linux_attached_runtime_consumes_ticket_and_seals_live_descendant ... ignored, requires protected nested cgroup delegation
test (ubuntu-latest)	Run cargo test --all-features	2026-09-12T14:44:25.6423464Z test store::attached::tests::linux_attached_runtime_timeout_seals_live_descendant ... ignored, requires protected nested cgroup delegation
test (ubuntu-latest)	Run cargo test --all-features	2026-09-12T14:44:25.6426707Z test store::attached::tests::linux_attached_runtime_waiting_ticket_does_not_release_user_code ... ignored, requires protected nested cgroup delegation
test (ubuntu-latest)	Run cargo test --all-features	2026-09-12T14:44:25.7176875Z test store::machine_allocation::inventory_tests::expired_candidate_history_does_not_exhaust_ready_budget_but_armed_still_counts ... ok
test (ubuntu-latest)	Run cargo test --all-features	2026-09-12T14:44:26.3379687Z test store::machine_allocation::inventory_tests::inventory_pages_cover_large_unicode_records_without_exceeding_wire_bytes ... ok
test (ubuntu-latest)	Run cargo test --all-features	2026-09-12T14:44:39.5239319Z test identity::attestation::tests::linux_attestation_rejects_forgery_replay_changed_image_and_generation ... ok
test (ubuntu-latest)	Run cargo test --all-features	2026-09-12T14:44:39.5267402Z test store::observation::command_preview_tests::preview_is_bounded_single_line_and_identifies_the_command ... ok
test (ubuntu-latest)	Run cargo test --all-features	2026-09-12T14:44:39.5279495Z test store::process_records::tests::typed_linux_identity_never_uses_filetime_and_cannot_be_replaced ... ok
test (ubuntu-latest)	Run cargo test --all-features	2026-09-12T14:44:39.5777591Z test store::tests::admission_safety::cancel_that_wins_during_contaminated_cleanup_cannot_replan_or_release_code ... ok
test (ubuntu-latest)	Run cargo test --all-features	2026-09-12T14:44:39.6323658Z test store::tests::admission_safety::clean_deferral_exhaustion_uses_the_job_retry_policy ... ok
test (ubuntu-latest)	Run cargo test --all-features	2026-09-12T14:44:39.6809441Z test store::tests::admission_safety::condition_release_rechecks_observed_evidence_before_resume ... ok
test (ubuntu-latest)	Run cargo test --all-features	2026-09-12T14:44:40.1767605Z test store::tests::admission_safety::condition_scan_time_ages_host_evidence_before_observed_grant ... ok
test (ubuntu-latest)	Run cargo test --all-features	2026-09-12T14:44:40.5142436Z test store::tests::admission_safety::condition_scan_time_ages_host_evidence_before_probe_grant ... ok
test (ubuntu-latest)	Run cargo test --all-features	2026-09-12T14:44:40.5623565Z test store::tests::admission_safety::direct_observed_admission_remains_released_without_a_final_barrier ... ok
test (ubuntu-latest)	Run cargo test --all-features	2026-09-12T14:44:40.6126108Z test store::tests::admission_safety::final_observed_ram_check_excludes_only_its_own_granted_lease ... ok
test (ubuntu-latest)	Run cargo test --all-features	2026-09-12T14:44:40.6605728Z test store::tests::admission_safety::incompatible_impact_consumes_the_admission_wall_clock_and_fails_finitely ... ok
test (ubuntu-latest)	Run cargo test --all-features	2026-09-12T14:44:40.7184389Z test store::tests::admission_safety::missing_observation_pauses_quiet_budget_and_rebuilds_stability ... ok
test (ubuntu-latest)	Run cargo test --all-features	2026-09-12T14:44:41.8182514Z test store::tests::admission_safety::observed_condition_runtime_timeout_starts_at_release ... ok
test (ubuntu-latest)	Run cargo test --all-features	2026-09-12T14:44:41.8712619Z test store::tests::admission_safety::quiet_only_deferral_exhaustion_still_uses_the_job_retry_policy ... ok
test (ubuntu-latest)	Run cargo test --all-features	2026-09-12T14:44:41.9242052Z test store::tests::admission_safety::quiet_stability_resets_on_sample_gap_and_observation_generation_change ... ok
test (ubuntu-latest)	Run cargo test --all-features	2026-09-12T14:44:42.2187847Z test store::tests::admission_safety::quiet_wait_holds_no_lease_and_final_recheck_reuses_the_attempt_without_running_code ... ok
test (ubuntu-latest)	Run cargo test --all-features	2026-09-12T14:44:42.2753599Z test store::tests::admission_safety::restart_preserves_admitting_attempt_budget_resets_stability_and_allows_cancel ... ok
test (ubuntu-latest)	Run cargo test --all-features	2026-09-12T14:44:42.3145232Z test store::tests::admission_safety::restart_refuses_gpu_placement_change_for_a_retained_job ... ok
test (ubuntu-latest)	Run cargo test --all-features	2026-09-12T14:44:42.3550165Z test store::tests::admission_safety::restart_refuses_host_policy_that_invalidates_a_retained_job ... ok
test (ubuntu-latest)	Run cargo test --all-features	2026-09-12T14:44:42.4095426Z test store::tests::admission_safety::sidecar_gpu_and_vram_claims_fail_closed_then_preserve_grant_provenance ... ok
test (ubuntu-latest)	Run cargo test --all-features	2026-09-12T14:44:42.4520864Z test store::tests::admission_safety::stale_memory_and_low_commit_headroom_never_create_a_lease_or_invocation ... ok
test (ubuntu-latest)	Run cargo test --all-features	2026-09-12T14:44:42.4971750Z test store::tests::admission_safety::starting_strict_job_keeps_sampler_demand_until_release ... ok
test (ubuntu-latest)	Run cargo test --all-features	2026-09-12T14:44:42.5506622Z test store::tests::admission_safety::static_contention_pauses_quiet_budget_and_rebuilds_stability ... ok
test (ubuntu-latest)	Run cargo test --all-features	2026-09-12T14:44:42.5985828Z test store::tests::admission_safety::uncertain_pre_release_cleanup_is_final_and_retains_the_lease ... ok
test (ubuntu-latest)	Run cargo test --all-features	2026-09-12T14:44:42.7006343Z test store::tests::admission_safety::uncertain_pre_release_cleanup_preserves_condition_deadline_outcome ... ok
test (ubuntu-latest)	Run cargo test --all-features	2026-09-12T14:44:42.7527851Z test store::tests::admission_safety::uncertain_pre_release_cleanup_preserves_explicit_cancellation ... ok
test (ubuntu-latest)	Run cargo test --all-features	2026-09-12T14:44:42.8088782Z test store::tests::attempt_lifecycle::expired_blocked_retry_does_not_spin_and_backoff_cancel_is_terminal ... ok
test (ubuntu-latest)	Run cargo test --all-features	2026-09-12T14:44:42.8589347Z test store::tests::attempt_lifecycle::impact_rules_block_admission_and_ancestor_waits_symmetrically ... ok
test (ubuntu-latest)	Run cargo test --all-features	2026-09-12T14:44:42.9133586Z test store::tests::attempt_lifecycle::plain_cancel_covers_queued_active_and_backoff_without_successors ... ok
test (ubuntu-latest)	Run cargo test --all-features	2026-09-12T14:44:42.9658723Z test store::tests::attempt_lifecycle::postcondition_release_requires_immutable_empty_primary_result_and_granted_lease ... ok
test (ubuntu-latest)	Run cargo test --all-features	2026-09-12T14:44:43.0283028Z test store::tests::attempt_lifecycle::postcondition_retry_keeps_one_job_and_exposes_ordered_attempts ... ok
test (ubuntu-latest)	Run cargo test --all-features	2026-09-12T14:44:43.0780562Z test store::tests::attempt_lifecycle::receipt_preserves_accepting_generation_across_daemon_restart ... ok
test (ubuntu-latest)	Run cargo test --all-features	2026-09-12T14:44:43.1172909Z test store::tests::attempt_lifecycle::root_exit_is_visible_before_containment_resolution ... ok
test (ubuntu-latest)	Run cargo test --all-features	2026-09-12T14:44:43.1199898Z test store::tests::attempt_lifecycle::snapshot_diagnostic_budget_keeps_newest_utf8_suffixes ... ok
test (ubuntu-latest)	Run cargo test --all-features	2026-09-12T14:44:43.1753796Z test store::tests::attempt_lifecycle::worker_start_failure_preserves_an_active_cancel_and_suppresses_retry ... ok
test (ubuntu-latest)	Run cargo test --all-features	2026-09-12T14:44:43.5154761Z test store::tests::conditions::already_stale_refresh_blocks_once_then_yields_instead_of_replanning ... ok
test (ubuntu-latest)	Run cargo test --all-features	2026-09-12T14:44:43.5625570Z test store::tests::conditions::cancel_waits_for_live_probe_boundary_before_publishing_final ... ok
test (ubuntu-latest)	Run cargo test --all-features	2026-09-12T14:44:43.6116683Z test store::tests::conditions::condition_release_is_publicly_released_while_running_and_after_success ... ok
test (ubuntu-latest)	Run cargo test --all-features	2026-09-12T14:44:43.9539783Z test store::tests::conditions::deadline_crossing_during_scan_wins_over_impossible_dependency ... ok
test (ubuntu-latest)	Run cargo test --all-features	2026-09-12T14:44:44.0033229Z test store::tests::conditions::deadline_is_enforced_before_retry_backoff_and_dependency_filters ... ok
test (ubuntu-latest)	Run cargo test --all-features	2026-09-12T14:44:44.0509529Z test store::tests::conditions::deadline_that_wins_during_a_probe_remains_terminal_after_probe_cleanup ... ok
test (ubuntu-latest)	Run cargo test --all-features	2026-09-12T14:44:44.1435426Z test store::tests::conditions::due_deadline_wins_over_cancel_before_and_during_probe_cleanup ... ok
test (ubuntu-latest)	Run cargo test --all-features	2026-09-12T14:44:44.1847211Z test store::tests::conditions::eta_is_unknown_for_external_predicates_and_lower_bound_for_not_before ... ok
test (ubuntu-latest)	Run cargo test --all-features	2026-09-12T14:44:44.2225370Z test store::tests::conditions::expired_monotonic_evidence_does_not_create_a_zero_delay_retry_spin ... ok
test (ubuntu-latest)	Run cargo test --all-features	2026-09-12T14:44:44.2732481Z test store::tests::conditions::failed_deadline_latch_survives_refresh_until_probe_cleanup ... ok
test (ubuntu-latest)	Run cargo test --all-features	2026-09-12T14:44:44.3269401Z test store::tests::conditions::first_pre_release_deferral_replans_the_same_attempt_and_preserves_budget ... ok
test (ubuntu-latest)	Run cargo test --all-features	2026-09-12T14:44:44.3650727Z test store::tests::conditions::freshness_that_expires_during_a_long_pass_yields_before_rescan ... ok
test (ubuntu-latest)	Run cargo test --all-features	2026-09-12T14:44:44.4327975Z test store::tests::conditions::monotonic_expiry_forces_rescan_despite_a_future_wall_freshness_and_history_is_bounded ... ok
test (ubuntu-latest)	Run cargo test --all-features	2026-09-12T14:44:44.4697928Z test store::tests::conditions::monotonic_expiry_yields_despite_a_future_wall_deadline ... ok
test (ubuntu-latest)	Run cargo test --all-features	2026-09-12T14:44:44.5112191Z test store::tests::conditions::path_absent_waits_for_authoritative_absence ... ok
test (ubuntu-latest)	Run cargo test --all-features	2026-09-12T14:44:44.5539315Z test store::tests::conditions::path_transition_is_anchored_at_acceptance_and_rescanned_before_lease ... ok
test (ubuntu-latest)	Run cargo test --all-features	2026-09-12T14:44:44.7007143Z test store::tests::conditions::post_commit_cancel_and_deadline_are_ordered_before_primary_resume ... ok
test (ubuntu-latest)	Run cargo test --all-features	2026-09-12T14:44:44.7635309Z test store::tests::conditions::post_commit_freshness_expiry_replans_the_never_resumed_attempt ... ok
test (ubuntu-latest)	Run cargo test --all-features	2026-09-12T14:44:44.8152117Z test store::tests::conditions::postcondition_does_not_inherit_primary_conditions_after_release ... ok
test (ubuntu-latest)	Run cargo test --all-features	2026-09-12T14:44:44.8643478Z test store::tests::conditions::postcondition_start_failure_preserves_primary_start_and_ignores_condition_deadline ... ok
test (ubuntu-latest)	Run cargo test --all-features	2026-09-12T14:44:44.9599719Z test store::tests::conditions::pre_release_cancellation_is_never_projected_as_released ... ok
test (ubuntu-latest)	Run cargo test --all-features	2026-09-12T14:44:45.0089419Z test store::tests::conditions::pre_release_path_change_replans_same_attempt_then_exhausts_as_readiness_unstable ... ok
test (ubuntu-latest)	Run cargo test --all-features	2026-09-12T14:44:45.0475013Z test store::tests::conditions::prepared_probe_start_failure_atomically_releases_its_lease_and_requeues ... ok
test (ubuntu-latest)	Run cargo test --all-features	2026-09-12T14:44:47.2429668Z test store::tests::conditions::probe_history_is_pruned_after_its_pinning_events_leave_the_ring ... ok
test (ubuntu-latest)	Run cargo test --all-features	2026-09-12T14:44:47.2887156Z test store::tests::conditions::probe_uses_its_own_lease_and_releases_it_before_primary_work ... ok
test (ubuntu-latest)	Run cargo test --all-features	2026-09-12T14:44:47.3375165Z test store::tests::conditions::relative_deadline_is_durable_and_does_not_create_an_attempt ... ok
test (ubuntu-latest)	Run cargo test --all-features	2026-09-12T14:44:47.5431819Z test store::tests::conditions::restart_finalizes_cancel_and_deadline_after_probe_becomes_uncertain ... ok
test (ubuntu-latest)	Run cargo test --all-features	2026-09-12T14:44:47.5947736Z test store::tests::conditions::restart_invalidates_generation_local_path_evidence_and_rescans ... ok
test (ubuntu-latest)	Run cargo test --all-features	2026-09-12T14:44:47.9424836Z test store::tests::conditions::restart_preserves_the_durable_pre_resume_terminal_latch ... ok
test (ubuntu-latest)	Run cargo test --all-features	2026-09-12T14:44:48.0089457Z test store::tests::conditions::restart_repairs_the_legacy_split_probe_settlement_window ... ok
test (ubuntu-latest)	Run cargo test --all-features	2026-09-12T14:44:48.0624597Z test store::tests::conditions::restart_retains_only_the_unresolved_probe_claims_and_blocks_reprobe_until_clearance ... ok
test (ubuntu-latest)	Run cargo test --all-features	2026-09-12T14:44:48.1239739Z test store::tests::conditions::terminal_intent_waits_for_every_live_probe_and_cancel_never_starts_another ... ok
test (ubuntu-latest)	Run cargo test --all-features	2026-09-12T14:44:48.1676014Z test store::tests::conditions::worker_start_failure_keeps_condition_deadline_precedence ... ok
test (ubuntu-latest)	Run cargo test --all-features	2026-09-12T14:44:48.2198795Z test store::tests::containment_safety::attempt_wide_predicate_waits_for_every_containment ... ok
test (ubuntu-latest)	Run cargo test --all-features	2026-09-12T14:44:48.2605059Z test store::tests::containment_safety::clearance_is_idempotent_and_audited_through_status ... ok
test (ubuntu-latest)	Run cargo test --all-features	2026-09-12T14:44:48.3055142Z test store::tests::containment_safety::creating_and_started_records_capture_exact_identity ... ok
test (ubuntu-latest)	Run cargo test --all-features	2026-09-12T14:44:48.5499276Z test store::tests::containment_safety::doctor_default_page_is_bounded_below_protocol_limit ... ok
test (ubuntu-latest)	Run cargo test --all-features	2026-09-12T14:44:48.6135500Z test store::tests::containment_safety::doctor_incidents_are_frozen_across_pages ... ok
test (ubuntu-latest)	Run cargo test --all-features	2026-09-12T14:44:48.6695331Z test store::tests::containment_safety::doctor_rejects_cursor_from_previous_daemon_generation ... ok
test (ubuntu-latest)	Run cargo test --all-features	2026-09-12T14:44:48.7149684Z test store::tests::containment_safety::doctor_rejects_foreign_unknown_tampered_and_expired_cursors ... ok
test (ubuntu-latest)	Run cargo test --all-features	2026-09-12T14:44:48.7486784Z test store::tests::containment_safety::doctor_reports_loaded_config_evidence ... ok
test (ubuntu-latest)	Run cargo test --all-features	2026-09-12T14:44:49.7588605Z test store::tests::containment_safety::doctor_snapshot_stress_resists_parallel_incident_turnover ... ok
test (ubuntu-latest)	Run cargo test --all-features	2026-09-12T14:44:49.8109107Z test store::tests::containment_safety::force_commit_rejects_a_changed_authorization_set ... ok
test (ubuntu-latest)	Run cargo test --all-features	2026-09-12T14:44:49.8468900Z test store::tests::containment_safety::missing_host_capability_blocks_before_lease_grant ... ok
test (ubuntu-latest)	Run cargo test --all-features	2026-09-12T14:44:49.8915573Z test store::tests::containment_safety::typed_linux_root_roundtrips_all_containment_views_without_filetime_aliasing ... ok
test (ubuntu-latest)	Run cargo test --all-features	2026-09-12T14:44:49.9347629Z test store::tests::containment_safety::unbound_pending_store_binds_without_reset ... ok
test (ubuntu-latest)	Run cargo test --all-features	2026-09-12T14:44:50.0025561Z test store::tests::containment_safety::unbound_store_with_containment_is_replaced ... ok
test (ubuntu-latest)	Run cargo test --all-features	2026-09-12T14:44:50.0481036Z test store::tests::input_submission::batch_is_atomic_and_dependencies_use_final_outcomes ... ok
test (ubuntu-latest)	Run cargo test --all-features	2026-09-12T14:44:50.0791948Z test store::tests::input_submission::child_policy_resolution_failure_is_a_durable_typed_rejection ... ok
test (ubuntu-latest)	Run cargo test --all-features	2026-09-12T14:44:50.1501040Z test store::tests::input_submission::complete_leases_serialize_conflicts_but_allow_orthogonal_work ... ok
test (ubuntu-latest)	Run cargo test --all-features	2026-09-12T14:44:50.1852871Z test store::tests::input_submission::corrupt_staged_input_rejects_before_received ... ok
test (ubuntu-latest)	Run cargo test --all-features	2026-09-12T14:44:50.2428687Z test store::tests::input_submission::daemon_status_reports_exact_durable_reservations ... ok
test (ubuntu-latest)	Run cargo test --all-features	2026-09-12T14:44:50.2770898Z test store::tests::input_submission::dependency_outside_fifo_prefix_is_unknown ... ok
test (ubuntu-latest)	Run cargo test --all-features	2026-09-12T14:44:50.3103210Z test store::tests::input_submission::explicit_environment_is_preserved_at_acceptance ... ok
test (ubuntu-latest)	Run cargo test --all-features	2026-09-12T14:44:50.3689621Z test store::tests::input_submission::missing_path_fence_identity_survives_later_creation ... ok
test (ubuntu-latest)	Run cargo test --all-features	2026-09-12T14:44:50.4004165Z test store::tests::input_submission::partial_batch_input_map_is_atomic ... ok
test (ubuntu-latest)	Run cargo test --all-features	2026-09-12T14:44:50.4397819Z test store::tests::input_submission::receipt_reports_rank_blocker_and_honest_estimate ... ok
test (ubuntu-latest)	Run cargo test --all-features	2026-09-12T14:44:50.4755468Z test store::tests::input_submission::received_batch_revalidates_staged_inputs_before_acceptance ... ok
test (ubuntu-latest)	Run cargo test --all-features	2026-09-12T14:44:50.5138728Z test store::tests::input_submission::restart_collects_partial_upload_without_submission ... ok
test (ubuntu-latest)	Run cargo test --all-features	2026-09-12T14:44:50.5641642Z test store::tests::input_submission::reverse_order_skip_closure_reaches_terminal_state ... ok
test (ubuntu-latest)	Run cargo test --all-features	2026-09-12T14:44:50.6035554Z test store::tests::input_submission::sqlite_failure_rolls_back_every_batch_member ... ok
test (ubuntu-latest)	Run cargo test --all-features	2026-09-12T14:44:50.6589829Z test store::tests::input_submission::staged_stdin_is_pre_received_immutable_and_idempotent ... ok
test (ubuntu-latest)	Run cargo test --all-features	2026-09-12T14:44:50.7216174Z test store::tests::managed_submission::child_policy_negative_axes_are_durable_contextual_and_create_no_work ... ok
test (ubuntu-latest)	Run cargo test --all-features	2026-09-12T14:44:50.7741448Z test store::tests::managed_submission::delegated_policy_is_intersected_across_the_full_ancestor_chain ... ok
test (ubuntu-latest)	Run cargo test --all-features	2026-09-12T14:44:50.8209249Z test store::tests::managed_submission::managed_acceptance_rechecks_parent_and_disabled_primary_proves_only_absence ... ok
test (ubuntu-latest)	Run cargo test --all-features	2026-09-12T14:44:50.8603221Z test store::tests::managed_submission::managed_batch_wait_rejects_atomically_when_one_member_conflicts ... ok
test (ubuntu-latest)	Run cargo test --all-features	2026-09-12T14:44:50.9034589Z test store::tests::managed_submission::managed_batch_with_one_forbidden_priority_is_atomically_rejected ... ok
test (ubuntu-latest)	Run cargo test --all-features	2026-09-12T14:44:50.9512799Z test store::tests::managed_submission::managed_combined_wait_rejects_ancestor_scalar_but_detached_submit_survives ... ok
test (ubuntu-latest)	Run cargo test --all-features	2026-09-12T14:44:51.0002666Z test store::tests::managed_submission::managed_exact_replay_is_idempotent_and_commits_parentage ... ok
test (ubuntu-latest)	Run cargo test --all-features	2026-09-12T14:44:51.0417540Z test store::tests::managed_submission::managed_not_received_is_provable_only_for_the_live_current_parent ... ok
test (ubuntu-latest)	Run cargo test --all-features	2026-09-12T14:44:51.0819551Z test store::tests::managed_submission::managed_policy_applies_claim_impact_and_fence_limits_to_probes ... ok
test (ubuntu-latest)	Run cargo test --all-features	2026-09-12T14:44:51.1339125Z test store::tests::managed_submission::managed_wait_allows_orthogonal_child_and_checks_the_full_ancestor_chain ... ok
test (ubuntu-latest)	Run cargo test --all-features	2026-09-12T14:44:51.1759779Z test store::tests::managed_submission::managed_wait_rejects_a_claim_that_exceeds_host_capacity ... ok
test (ubuntu-latest)	Run cargo test --all-features	2026-09-12T14:44:51.2277520Z test store::tests::managed_submission::managed_wait_walks_unfinished_predecessors_and_rejects_self_or_foreign_targets ... ok
test (ubuntu-latest)	Run cargo test --all-features	2026-09-12T14:44:51.2734908Z test store::tests::managed_submission::neutral_only_parent_does_not_inherit_priority_and_rejects_escalation_durably ... ok
test (ubuntu-latest)	Run cargo test --all-features	2026-09-12T14:44:51.3184194Z test store::tests::managed_submission::non_primary_transport_identity_does_not_confer_child_authority ... ok
test (ubuntu-latest)	Run cargo test --all-features	2026-09-12T14:44:51.3621928Z test store::tests::managed_submission::policy_invalid_batch_names_the_member_and_is_atomic ... ok
test (ubuntu-latest)	Run cargo test --all-features	2026-09-12T14:44:51.4059377Z test store::tests::managed_submission::received_wait_intent_survives_resume_and_cannot_accept_an_unsafe_child ... ok
test (ubuntu-latest)	Run cargo test --all-features	2026-09-12T14:44:51.4601609Z test store::tests::managed_submission::restart_rejects_managed_received_work_from_the_previous_daemon_generation ... ok
test (ubuntu-latest)	Run cargo test --all-features	2026-09-12T14:44:51.5040524Z test store::tests::managed_submission::vram_policy_claims_compare_and_persist_in_canonical_form ... ok
test (ubuntu-latest)	Run cargo test --all-features	2026-09-12T14:44:52.2899518Z test store::machine_events::tests::event_retention_bounds_rows_and_bytes_without_touching_grant_history ... ok
test (ubuntu-latest)	Run cargo test --all-features	2026-09-12T14:44:52.3368941Z test store::tests::observation::invocation_event_identity_is_atomic_and_required ... ok
test (ubuntu-latest)	Run cargo test --all-features	2026-09-12T14:44:52.3987383Z test store::tests::observation::lifecycle_and_cancellation_transitions_emit_named_events ... ok
test (ubuntu-latest)	Run cargo test --all-features	2026-09-12T14:44:52.4565605Z test store::tests::observation::list_cursor_is_stable_and_store_scoped ... ok
test (ubuntu-latest)	Run cargo test --all-features	2026-09-12T14:44:52.5019003Z test store::tests::observation::list_events_and_cursor_are_one_public_observation_path ... ok
test (ubuntu-latest)	Run cargo test --all-features	2026-09-12T14:44:52.6182268Z test store::tests::priority_reservations::blocked_and_impossible_high_priority_jobs_do_not_head_of_line_block ... ok
test (ubuntu-latest)	Run cargo test --all-features	2026-09-12T14:44:52.8076157Z test store::tests::priority_reservations::effective_priority_ages_monotonically_and_orders_by_original_acceptance ... ok
test (ubuntu-latest)	Run cargo test --all-features	2026-09-12T14:44:52.8508971Z test store::tests::priority_reservations::priority_is_bounded_neutral_immutable_and_hashed_per_batch_member ... ok
test (ubuntu-latest)	Run cargo test --all-features	2026-09-12T14:44:52.9510390Z test store::tests::priority_reservations::reservation_deadline_survives_restart_expiry_yields_and_cancellation_cleans_up ... ok
test (ubuntu-latest)	Run cargo test --all-features	2026-09-12T14:44:53.0349762Z test store::tests::priority_reservations::reservations_are_full_vector_bounded_observable_and_protect_only_claimed_scalars ... ok
test (ubuntu-latest)	Run cargo test --all-features	2026-09-12T14:44:53.2674812Z test store::tests::priority_reservations::reservations_sum_to_capacity_and_non_scalar_changes_release_them ... ok
test (ubuntu-latest)	Run cargo test --all-features	2026-09-12T14:44:53.4365280Z test store::tests::priority_reservations::restart_capacity_shrink_keeps_only_the_scheduler_ordered_reservation_prefix ... ok
test (ubuntu-latest)	Run cargo test --all-features	2026-09-12T14:44:53.4981248Z test store::tests::priority_reservations::retry_and_restart_preserve_acceptance_and_aging_history ... ok
test (ubuntu-latest)	Run cargo test --all-features	2026-09-12T14:44:53.5732292Z test store::tests::store_recovery::corrupt_or_empty_database_is_replaced_with_current_schema ... ok
test (ubuntu-latest)	Run cargo test --all-features	2026-09-12T14:44:53.6544010Z test store::tests::store_recovery::corruption_discovered_during_recovery_resets_once ... ok
test (ubuntu-latest)	Run cargo test --all-features	2026-09-12T14:44:53.7001876Z test store::tests::store_recovery::current_schema_reopens_without_changing_store_identity ... ok
test (ubuntu-latest)	Run cargo test --all-features	2026-09-12T14:44:53.8111068Z test store::tests::store_recovery::damaged_schema_and_identity_each_reset_the_whole_database ... ok
test (ubuntu-latest)	Run cargo test --all-features	2026-09-12T14:44:53.8540651Z test store::tests::store_recovery::diagnostic_tail_io_failure_cannot_block_invocation_resolution ... ok
test (ubuntu-latest)	Run cargo test --all-features	2026-09-12T14:44:53.8916785Z test store::tests::store_recovery::duplicate_key_returns_one_job ... ok
test (ubuntu-latest)	Run cargo test --all-features	2026-09-12T14:44:53.9608362Z test store::tests::store_recovery::foreign_store_id_rejects_even_if_entity_uuid_collides ... ok
test (ubuntu-latest)	Run cargo test --all-features	2026-09-12T14:44:54.0089279Z test store::tests::store_recovery::logs_publish_only_flushed_committed_prefix ... ok
test (ubuntu-latest)	Run cargo test --all-features	2026-09-12T14:44:54.0113319Z test store::tests::store_recovery::only_corruption_errors_authorize_destructive_reset ... ok
test (ubuntu-latest)	Run cargo test --all-features	2026-09-12T14:44:54.0545614Z test store::tests::store_recovery::recovery_never_creates_work_and_distinguishes_conflict ... ok
test (ubuntu-latest)	Run cargo test --all-features	2026-09-12T14:44:54.0939776Z test store::tests::store_recovery::rejected_idempotency_decision_replays_as_rejected ... ok
test (ubuntu-latest)	Run cargo test --all-features	2026-09-12T14:44:54.1553297Z test store::tests::store_recovery::restart_after_empty_proof_before_primary_result_is_fail_closed ... ok
test (ubuntu-latest)	Run cargo test --all-features	2026-09-12T14:44:54.2244145Z test store::tests::store_recovery::restart_after_resolved_postcondition_releases_empty_attempt_lease ... ok
test (ubuntu-latest)	Run cargo test --all-features	2026-09-12T14:44:54.2399589Z test store::tests::observation::event_ring_reports_gap_and_resynchronizes ... ok
test (ubuntu-latest)	Run cargo test --all-features	2026-09-12T14:44:54.2885656Z test store::tests::store_recovery::restart_before_root_retains_boundary_until_reconciled ... ok
test (ubuntu-latest)	Run cargo test --all-features	2026-09-12T14:44:54.3076241Z test store::tests::store_recovery::restart_during_prepared_postcondition_retains_attempt_lease ... ok
test (ubuntu-latest)	Run cargo test --all-features	2026-09-12T14:44:54.3475826Z test store::tests::store_recovery::same_key_different_payload_conflicts ... ok
test (ubuntu-latest)	Run cargo test --all-features	2026-09-12T14:44:54.3564934Z test store::tests::store_recovery::restart_interrupts_active_job_without_requeueing_it ... ok
test (ubuntu-latest)	Run cargo test --all-features	2026-09-12T14:44:54.4156218Z test store::tests::store_recovery::startup_resumes_durable_received_submission ... ok
test (ubuntu-latest)	Run cargo test --all-features	2026-09-12T14:44:54.4322435Z test store::tests::store_recovery::schema_epoch_mismatch_resets_database_and_preserves_other_files ... ok
test (ubuntu-latest)	Run cargo test --all-features	2026-09-12T14:44:54.4647367Z test store::tests::store_recovery::uncertain_settlement_retains_lease_and_is_terminal ... ok
test (ubuntu-latest)	Run cargo test --all-features	2026-09-12T14:44:54.5070810Z test store::tests::tree::depth_cut_before_a_connector_keeps_an_inclusive_child_continuation ... ok
test (ubuntu-latest)	Run cargo test --all-features	2026-09-12T14:44:54.5566392Z test store::tests::tree::filtered_tree_retains_only_connecting_ancestors_and_selector_bound_expansion ... ok
test (ubuntu-latest)	Run cargo test --all-features	2026-09-12T14:44:56.2299584Z test store::tests::tree::managed_ancestry_accepts_sixty_four_jobs_and_rejects_the_sixty_fifth ... ok
test (ubuntu-latest)	Run cargo test --all-features	2026-09-12T14:44:56.3191648Z test store::tests::tree::orphan_is_explicit_and_a_parent_cycle_fails_closed ... ok
test (ubuntu-latest)	Run cargo test --all-features	2026-09-12T14:44:56.3643884Z test store::tests::tree::root_cursor_survives_logs_but_fails_closed_when_attention_order_changes ... ok
test (ubuntu-latest)	Run cargo test --all-features	2026-09-12T14:44:56.9556186Z test store::tests::tree::encoded_budget_truncates_with_a_root_continuation_and_makes_progress ... ok
test (ubuntu-latest)	Run cargo test --all-features	2026-09-12T14:44:56.9926192Z test store::tests::tree::schema_rejects_a_noncanonical_tree_order_trigger ... ok
test (ubuntu-latest)	Run cargo test --all-features	2026-09-12T14:44:57.0920090Z test store::tests::tree::schema_requires_tree_query_indexes ... ok
test (ubuntu-latest)	Run cargo test --all-features	2026-09-12T14:44:57.1491377Z test store::tests::tree::tree_depth_cursor_and_for_job_preserve_the_complete_ancestor_path ... ok
test (ubuntu-latest)	Run cargo test --all-features	2026-09-12T14:44:57.1969601Z test store::tests::tree::tree_observation_includes_future_descendants_and_wrong_store_gap_snapshot ... ok
test (ubuntu-latest)	Run cargo test --all-features	2026-09-12T14:44:57.9645940Z test store::tests::tree::row_sixteen_thousand_three_hundred_eighty_five_fails_before_classification ... ok
test (ubuntu-latest)	Run cargo test --all-features	2026-09-12T14:45:03.9373027Z test authority::retirement::tests::pairing_budget_reserves_every_admitted_retirement_after_hold_and_session_growth ... ok
test (ubuntu-latest)	Run cargo test --all-features	2026-09-12T14:45:23.1867727Z test authority::tests::saturated_registry_still_journals_large_release_and_detects_missing_blob has been running for over 60 seconds
test (ubuntu-latest)	Run cargo test --all-features	2026-09-12T14:45:57.0992071Z test authority::tests::saturated_registry_still_journals_large_release_and_detects_missing_blob ... ok
test (ubuntu-latest)	Run cargo test --all-features	2026-09-12T14:45:57.0992859Z 
test (ubuntu-latest)	Run cargo test --all-features	2026-09-12T14:45:57.0992996Z failures:
test (ubuntu-latest)	Run cargo test --all-features	2026-09-12T14:45:57.0993165Z 
test (ubuntu-latest)	Run cargo test --all-features	2026-09-12T14:45:57.0993927Z ---- store::attached::tests::attached_admission_persists_candidates_and_holds_lease_until_release_ack stdout ----
test (ubuntu-latest)	Run cargo test --all-features	2026-09-12T14:45:57.0994714Z 
test (ubuntu-latest)	Run cargo test --all-features	2026-09-12T14:45:57.0995781Z thread 'store::attached::tests::attached_admission_persists_candidates_and_holds_lease_until_release_ack' (4892) panicked at src/store/attached.rs:671:14:
test (ubuntu-latest)	Run cargo test --all-features	2026-09-12T14:45:57.0996989Z called `Result::unwrap()` on an `Err` value: Custom { kind: Other, error: "attached installation belongs to another owner" }
test (ubuntu-latest)	Run cargo test --all-features	2026-09-12T14:45:57.0997810Z note: run with `RUST_BACKTRACE=1` environment variable to display a backtrace
test (ubuntu-latest)	Run cargo test --all-features	2026-09-12T14:45:57.0998589Z 
test (ubuntu-latest)	Run cargo test --all-features	2026-09-12T14:45:57.0998603Z 
test (ubuntu-latest)	Run cargo test --all-features	2026-09-12T14:45:57.0998763Z failures:
test (ubuntu-latest)	Run cargo test --all-features	2026-09-12T14:45:57.0999283Z     store::attached::tests::attached_admission_persists_candidates_and_holds_lease_until_release_ack
test (ubuntu-latest)	Run cargo test --all-features	2026-09-12T14:45:57.0999773Z 
test (ubuntu-latest)	Run cargo test --all-features	2026-09-12T14:45:57.1000137Z test result: FAILED. 267 passed; 1 failed; 19 ignored; 0 measured; 0 filtered out; finished in 93.92s
test (ubuntu-latest)	Run cargo test --all-features	2026-09-12T14:45:57.1000619Z 
test (ubuntu-latest)	Run cargo test --all-features	2026-09-12T14:45:57.1019380Z ^[[1m^[[91merror^[[0m: test failed, to rerun pass `--lib`
test (ubuntu-latest)	Run cargo test --all-features	2026-09-12T14:45:57.1053980Z ##[error]Process completed with exit code 101.
