test (windows-latest)	Run cargo test --all-features	﻿2026-09-12T15:08:59.1477035Z ##[group]Run cargo test --all-features
test (windows-latest)	Run cargo test --all-features	2026-09-12T15:08:59.1477469Z ^[[36;1mcargo test --all-features^[[0m
test (windows-latest)	Run cargo test --all-features	2026-09-12T15:08:59.1546254Z shell: C:\Program Files\PowerShell\7\pwsh.EXE -command ". '{0}'"
test (windows-latest)	Run cargo test --all-features	2026-09-12T15:08:59.1546612Z env:
test (windows-latest)	Run cargo test --all-features	2026-09-12T15:08:59.1546820Z   CARGO_HOME: C:\Users\runneradmin\.cargo
test (windows-latest)	Run cargo test --all-features	2026-09-12T15:08:59.1547089Z   CARGO_INCREMENTAL: 0
test (windows-latest)	Run cargo test --all-features	2026-09-12T15:08:59.1547302Z   CARGO_TERM_COLOR: always
test (windows-latest)	Run cargo test --all-features	2026-09-12T15:08:59.1547525Z ##[endgroup]
test (windows-latest)	Run cargo test --all-features	2026-09-12T15:08:59.6652190Z ^[[1m^[[92m   Compiling^[[0m windows-link v0.2.1
test (windows-latest)	Run cargo test --all-features	2026-09-12T15:08:59.6652881Z ^[[1m^[[92m   Compiling^[[0m cfg-if v1.0.4
test (windows-latest)	Run cargo test --all-features	2026-09-12T15:08:59.6660203Z ^[[1m^[[92m   Compiling^[[0m strsim v0.11.1
test (windows-latest)	Run cargo test --all-features	2026-09-12T15:08:59.6663767Z ^[[1m^[[92m   Compiling^[[0m typenum v1.20.1
test (windows-latest)	Run cargo test --all-features	2026-09-12T15:08:59.7439161Z ^[[1m^[[92m   Compiling^[[0m windows-sys v0.61.2
test (windows-latest)	Run cargo test --all-features	2026-09-12T15:08:59.7446056Z ^[[1m^[[92m   Compiling^[[0m allocator-api2 v0.2.21
test (windows-latest)	Run cargo test --all-features	2026-09-12T15:09:00.2404413Z ^[[1m^[[92m   Compiling^[[0m foldhash v0.1.5
test (windows-latest)	Run cargo test --all-features	2026-09-12T15:09:00.4169415Z ^[[1m^[[92m   Compiling^[[0m equivalent v1.0.2
test (windows-latest)	Run cargo test --all-features	2026-09-12T15:09:00.5009899Z ^[[1m^[[92m   Compiling^[[0m smallvec v1.15.2
test (windows-latest)	Run cargo test --all-features	2026-09-12T15:09:00.5208862Z ^[[1m^[[92m   Compiling^[[0m hashbrown v0.15.5
test (windows-latest)	Run cargo test --all-features	2026-09-12T15:09:00.7686191Z ^[[1m^[[92m   Compiling^[[0m darling_core v0.20.11
test (windows-latest)	Run cargo test --all-features	2026-09-12T15:09:00.9111076Z ^[[1m^[[92m   Compiling^[[0m generic-array v0.14.7
test (windows-latest)	Run cargo test --all-features	2026-09-12T15:09:01.3384095Z ^[[1m^[[92m   Compiling^[[0m serde_core v1.0.229
test (windows-latest)	Run cargo test --all-features	2026-09-12T15:09:01.7781939Z ^[[1m^[[92m   Compiling^[[0m winapi v0.3.9
test (windows-latest)	Run cargo test --all-features	2026-09-12T15:09:04.8220926Z ^[[1m^[[92m   Compiling^[[0m itoa v1.0.18
test (windows-latest)	Run cargo test --all-features	2026-09-12T15:09:04.9402642Z ^[[1m^[[92m   Compiling^[[0m once_cell_polyfill v1.70.2
test (windows-latest)	Run cargo test --all-features	2026-09-12T15:09:05.0364864Z ^[[1m^[[92m   Compiling^[[0m utf8parse v0.2.2
test (windows-latest)	Run cargo test --all-features	2026-09-12T15:09:05.0410703Z ^[[1m^[[92m   Compiling^[[0m scopeguard v1.2.0
test (windows-latest)	Run cargo test --all-features	2026-09-12T15:09:05.0717714Z ^[[1m^[[92m   Compiling^[[0m anstyle v1.0.14
test (windows-latest)	Run cargo test --all-features	2026-09-12T15:09:05.1227863Z ^[[1m^[[92m   Compiling^[[0m anstyle-parse v1.0.0
test (windows-latest)	Run cargo test --all-features	2026-09-12T15:09:05.1304784Z ^[[1m^[[92m   Compiling^[[0m lock_api v0.4.14
test (windows-latest)	Run cargo test --all-features	2026-09-12T15:09:05.3421139Z ^[[1m^[[92m   Compiling^[[0m darling_macro v0.20.11
test (windows-latest)	Run cargo test --all-features	2026-09-12T15:09:05.3678131Z ^[[1m^[[92m   Compiling^[[0m crypto-common v0.1.7
test (windows-latest)	Run cargo test --all-features	2026-09-12T15:09:05.4422989Z ^[[1m^[[92m   Compiling^[[0m block-buffer v0.10.4
test (windows-latest)	Run cargo test --all-features	2026-09-12T15:09:05.4786807Z ^[[1m^[[92m   Compiling^[[0m getrandom v0.4.3
test (windows-latest)	Run cargo test --all-features	2026-09-12T15:09:05.5742846Z ^[[1m^[[92m   Compiling^[[0m parking_lot_core v0.9.12
test (windows-latest)	Run cargo test --all-features	2026-09-12T15:09:05.6613425Z ^[[1m^[[92m   Compiling^[[0m either v1.18.0
test (windows-latest)	Run cargo test --all-features	2026-09-12T15:09:05.8155775Z ^[[1m^[[92m   Compiling^[[0m bitflags v2.13.1
test (windows-latest)	Run cargo test --all-features	2026-09-12T15:09:05.9636896Z ^[[1m^[[92m   Compiling^[[0m colorchoice v1.0.5
test (windows-latest)	Run cargo test --all-features	2026-09-12T15:09:06.0417248Z ^[[1m^[[92m   Compiling^[[0m is_terminal_polyfill v1.70.2
test (windows-latest)	Run cargo test --all-features	2026-09-12T15:09:06.0773123Z ^[[1m^[[92m   Compiling^[[0m subtle v2.6.1
test (windows-latest)	Run cargo test --all-features	2026-09-12T15:09:06.1179960Z ^[[1m^[[92m   Compiling^[[0m itertools v0.13.0
test (windows-latest)	Run cargo test --all-features	2026-09-12T15:09:06.1330897Z ^[[1m^[[92m   Compiling^[[0m parking_lot v0.12.5
test (windows-latest)	Run cargo test --all-features	2026-09-12T15:09:06.2389348Z ^[[1m^[[92m   Compiling^[[0m digest v0.10.7
test (windows-latest)	Run cargo test --all-features	2026-09-12T15:09:06.5093048Z ^[[1m^[[92m   Compiling^[[0m darling v0.20.11
test (windows-latest)	Run cargo test --all-features	2026-09-12T15:09:06.5816117Z ^[[1m^[[92m   Compiling^[[0m zmij v1.0.23
test (windows-latest)	Run cargo test --all-features	2026-09-12T15:09:06.9849641Z ^[[1m^[[92m   Compiling^[[0m crossterm_winapi v0.9.1
test (windows-latest)	Run cargo test --all-features	2026-09-12T15:09:07.0764761Z ^[[1m^[[92m   Compiling^[[0m castaway v0.2.4
test (windows-latest)	Run cargo test --all-features	2026-09-12T15:09:07.1757972Z ^[[1m^[[92m   Compiling^[[0m clap_lex v1.1.0
test (windows-latest)	Run cargo test --all-features	2026-09-12T15:09:07.4855841Z ^[[1m^[[92m   Compiling^[[0m memchr v2.8.3
test (windows-latest)	Run cargo test --all-features	2026-09-12T15:09:07.5485236Z ^[[1m^[[92m   Compiling^[[0m option-ext v0.2.0
test (windows-latest)	Run cargo test --all-features	2026-09-12T15:09:07.6224811Z ^[[1m^[[92m   Compiling^[[0m ryu v1.0.23
test (windows-latest)	Run cargo test --all-features	2026-09-12T15:09:07.8634440Z ^[[1m^[[92m   Compiling^[[0m anstyle-query v1.1.5
test (windows-latest)	Run cargo test --all-features	2026-09-12T15:09:08.0667873Z ^[[1m^[[92m   Compiling^[[0m anstyle-wincon v3.0.11
test (windows-latest)	Run cargo test --all-features	2026-09-12T15:09:08.2230471Z ^[[1m^[[92m   Compiling^[[0m static_assertions v1.1.0
test (windows-latest)	Run cargo test --all-features	2026-09-12T15:09:08.2849077Z ^[[1m^[[92m   Compiling^[[0m anstream v1.0.0
test (windows-latest)	Run cargo test --all-features	2026-09-12T15:09:08.4392443Z ^[[1m^[[92m   Compiling^[[0m unicode-width v0.1.14
test (windows-latest)	Run cargo test --all-features	2026-09-12T15:09:08.7659192Z ^[[1m^[[92m   Compiling^[[0m unicode-segmentation v1.13.3
test (windows-latest)	Run cargo test --all-features	2026-09-12T15:09:08.8225093Z ^[[1m^[[92m   Compiling^[[0m clap_builder v4.6.6
test (windows-latest)	Run cargo test --all-features	2026-09-12T15:09:08.8498251Z ^[[1m^[[92m   Compiling^[[0m compact_str v0.8.2
test (windows-latest)	Run cargo test --all-features	2026-09-12T15:09:09.1470269Z ^[[1m^[[92m   Compiling^[[0m serde_json v1.0.151
test (windows-latest)	Run cargo test --all-features	2026-09-12T15:09:09.4490259Z ^[[1m^[[92m   Compiling^[[0m unicode-truncate v1.1.0
test (windows-latest)	Run cargo test --all-features	2026-09-12T15:09:09.6000438Z ^[[1m^[[92m   Compiling^[[0m dirs-sys v0.5.0
test (windows-latest)	Run cargo test --all-features	2026-09-12T15:09:09.7714079Z ^[[1m^[[92m   Compiling^[[0m instability v0.3.10
test (windows-latest)	Run cargo test --all-features	2026-09-12T15:09:09.9040539Z ^[[1m^[[92m   Compiling^[[0m crossterm v0.28.1
test (windows-latest)	Run cargo test --all-features	2026-09-12T15:09:10.5870279Z ^[[1m^[[92m   Compiling^[[0m ref-cast v1.0.27
test (windows-latest)	Run cargo test --all-features	2026-09-12T15:09:10.6692559Z ^[[1m^[[92m   Compiling^[[0m serde v1.0.229
test (windows-latest)	Run cargo test --all-features	2026-09-12T15:09:11.4282940Z ^[[1m^[[92m   Compiling^[[0m strum v0.26.3
test (windows-latest)	Run cargo test --all-features	2026-09-12T15:09:11.5363506Z ^[[1m^[[92m   Compiling^[[0m libsqlite3-sys v0.35.0
test (windows-latest)	Run cargo test --all-features	2026-09-12T15:09:11.5985826Z ^[[1m^[[92m   Compiling^[[0m uuid v1.26.0
test (windows-latest)	Run cargo test --all-features	2026-09-12T15:09:11.8390225Z ^[[1m^[[92m   Compiling^[[0m lru v0.12.5
test (windows-latest)	Run cargo test --all-features	2026-09-12T15:09:11.8488074Z ^[[1m^[[92m   Compiling^[[0m hashlink v0.10.0
test (windows-latest)	Run cargo test --all-features	2026-09-12T15:09:12.0212465Z ^[[1m^[[92m   Compiling^[[0m cpufeatures v0.2.17
test (windows-latest)	Run cargo test --all-features	2026-09-12T15:09:12.0812533Z ^[[1m^[[92m   Compiling^[[0m fallible-iterator v0.3.0
test (windows-latest)	Run cargo test --all-features	2026-09-12T15:09:12.2770170Z ^[[1m^[[92m   Compiling^[[0m cassowary v0.3.0
test (windows-latest)	Run cargo test --all-features	2026-09-12T15:09:12.4422450Z ^[[1m^[[92m   Compiling^[[0m fallible-streaming-iterator v0.1.9
test (windows-latest)	Run cargo test --all-features	2026-09-12T15:09:12.5374948Z ^[[1m^[[92m   Compiling^[[0m dyn-clone v1.0.20
test (windows-latest)	Run cargo test --all-features	2026-09-12T15:09:12.6009752Z ^[[1m^[[92m   Compiling^[[0m unicode-width v0.2.0
test (windows-latest)	Run cargo test --all-features	2026-09-12T15:09:12.6840138Z ^[[1m^[[92m   Compiling^[[0m schemars v1.2.2
test (windows-latest)	Run cargo test --all-features	2026-09-12T15:09:12.9203303Z ^[[1m^[[92m   Compiling^[[0m ratatui v0.29.0
test (windows-latest)	Run cargo test --all-features	2026-09-12T15:09:13.3850241Z ^[[1m^[[92m   Compiling^[[0m rusqlite v0.37.0
test (windows-latest)	Run cargo test --all-features	2026-09-12T15:09:16.0961241Z ^[[1m^[[92m   Compiling^[[0m sha2 v0.10.9
test (windows-latest)	Run cargo test --all-features	2026-09-12T15:09:16.1955968Z ^[[1m^[[92m   Compiling^[[0m thiserror v2.0.20
test (windows-latest)	Run cargo test --all-features	2026-09-12T15:09:16.2980454Z ^[[1m^[[92m   Compiling^[[0m clap v4.6.6
test (windows-latest)	Run cargo test --all-features	2026-09-12T15:09:16.3802201Z ^[[1m^[[92m   Compiling^[[0m directories v6.0.0
test (windows-latest)	Run cargo test --all-features	2026-09-12T15:09:16.6125832Z ^[[1m^[[92m   Compiling^[[0m hmac v0.12.1
test (windows-latest)	Run cargo test --all-features	2026-09-12T15:09:16.7485854Z ^[[1m^[[92m   Compiling^[[0m fs2 v0.4.3
test (windows-latest)	Run cargo test --all-features	2026-09-12T15:09:16.7546647Z ^[[1m^[[92m   Compiling^[[0m libloading v0.8.9
test (windows-latest)	Run cargo test --all-features	2026-09-12T15:09:17.0205457Z ^[[1m^[[92m   Compiling^[[0m once_cell v1.21.4
test (windows-latest)	Run cargo test --all-features	2026-09-12T15:09:17.0309990Z ^[[1m^[[92m   Compiling^[[0m fastrand v2.5.0
test (windows-latest)	Run cargo test --all-features	2026-09-12T15:09:17.0814755Z ^[[1m^[[92m   Compiling^[[0m stillyard v0.1.0-alpha.20 (D:\a\stillyard\stillyard)
test (windows-latest)	Run cargo test --all-features	2026-09-12T15:09:17.3008153Z ^[[1m^[[92m   Compiling^[[0m tempfile v3.27.0
test (windows-latest)	Run cargo test --all-features	2026-09-12T15:10:18.5113266Z ^[[1m^[[92m    Finished^[[0m `test` profile [unoptimized + debuginfo] target(s) in 1m 19s
test (windows-latest)	Run cargo test --all-features	2026-09-12T15:10:18.5237674Z ^[[1m^[[92m     Running^[[0m unittests src\lib.rs (target\debug\deps\stillyard-7ae8bffc447c6658.exe)
test (windows-latest)	Run cargo test --all-features	2026-09-12T15:10:18.5400645Z 
test (windows-latest)	Run cargo test --all-features	2026-09-12T15:10:18.5400961Z running 304 tests
test (windows-latest)	Run cargo test --all-features	2026-09-12T15:10:18.5444873Z test admission::scoped::tests::missing_budget_is_not_zero_and_cycles_never_expand ... ok
test (windows-latest)	Run cargo test --all-features	2026-09-12T15:10:18.5445988Z test admission::scoped::tests::aliases_share_physical_capacity_but_fences_are_domain_local ... ok
test (windows-latest)	Run cargo test --all-features	2026-09-12T15:10:18.5449255Z test admission::scoped::tests::hierarchy_counts_each_constraint_once_and_rejects_full_vector ... ok
test (windows-latest)	Run cargo test --all-features	2026-09-12T15:10:18.5450387Z test admission::scoped::tests::scoped_reservations_convert_whole_vectors_and_accounting_rejects_overflow ... ok
test (windows-latest)	Run cargo test --all-features	2026-09-12T15:10:18.5451233Z test api::tests::cursors_have_stable_cli_round_trips ... ok
test (windows-latest)	Run cargo test --all-features	2026-09-12T15:10:18.5451919Z test api::tests::incident_cursor_is_store_scoped_and_stable ... ok
test (windows-latest)	Run cargo test --all-features	2026-09-12T15:10:18.5452673Z test api::tests::managed_execution_value_constructors_use_safe_defaults ... ok
test (windows-latest)	Run cargo test --all-features	2026-09-12T15:10:18.5454609Z test api::tests::linux_process_identity_is_typed_and_requires_complete_kernel_evidence ... ok
test (windows-latest)	Run cargo test --all-features	2026-09-12T15:10:18.5456335Z test api::tests::scheduler_events_accept_additive_wire_evolution ... ok
test (windows-latest)	Run cargo test --all-features	2026-09-12T15:10:18.5457967Z test api::tests::unknown_safety_values_round_trip_without_authority ... ok
test (windows-latest)	Run cargo test --all-features	2026-09-12T15:10:18.7121712Z test authority::tests::legacy_hold_inventory_reports_missing_cleanup_reservation_before_release ... ok
test (windows-latest)	Run cargo test --all-features	2026-09-12T15:10:18.7321937Z test authority::tests::exact_replay_never_rearms_a_retired_hold_and_conflict_rejects ... ok
test (windows-latest)	Run cargo test --all-features	2026-09-12T15:10:18.8448455Z test authority::tests::missing_and_lost_history_never_implies_free_capacity ... ok
test (windows-latest)	Run cargo test --all-features	2026-09-12T15:10:18.8729937Z test authority::retirement::tests::missing_or_changed_pending_retirement_audit_keeps_authority_closed ... ok
test (windows-latest)	Run cargo test --all-features	2026-09-12T15:10:18.9286506Z test authority::tests::syntactically_valid_corruption_and_failed_publication_close_admission ... ok
test (windows-latest)	Run cargo test --all-features	2026-09-12T15:10:19.0475000Z test authority::topology_tests::continuous_legacy_registry_gets_stable_domains_without_releasing_obligations ... ok
test (windows-latest)	Run cargo test --all-features	2026-09-12T15:10:19.0654459Z test authority::topology_tests::missing_database_uuid_cannot_rebind_continuous_authority_as_empty ... ok
test (windows-latest)	Run cargo test --all-features	2026-09-12T15:10:19.1626362Z test authority::topology_tests::reset_gate_survives_both_crash_sides_and_preserves_predecessor_identity ... ok
test (windows-latest)	Run cargo test --all-features	2026-09-12T15:10:19.1629769Z test client::tests::accepted_batch_refresh_pins_the_complete_member_identity ... ok
test (windows-latest)	Run cargo test --all-features	2026-09-12T15:10:19.2037258Z test client::tests::accepted_refresh_uses_stable_identity_and_keeps_the_durable_receipt ... ok
test (windows-latest)	Run cargo test --all-features	2026-09-12T15:10:19.2040735Z test client::tests::doctor_complete_distinguishes_deadline_and_cancellation_before_connecting ... ok
test (windows-latest)	Run cargo test --all-features	2026-09-12T15:10:19.2484489Z test client::tests::ensure_result_file_claim_is_atomic_and_reports_payload_conflict_without_overwrite ... ok
test (windows-latest)	Run cargo test --all-features	2026-09-12T15:10:19.2593263Z 
test (windows-latest)	Run cargo test --all-features	2026-09-12T15:10:19.2593608Z running 1 test
test (windows-latest)	Run cargo test --all-features	2026-09-12T15:10:19.2985288Z test client::tests::ensure_result_file_lock_obeys_the_client_deadline ... ok
test (windows-latest)	Run cargo test --all-features	2026-09-12T15:10:19.3030768Z test client::tests::ensure_unknown_is_a_typed_fail_closed_outcome_without_transport_replay ... ok
test (windows-latest)	Run cargo test --all-features	2026-09-12T15:10:19.3035302Z test client::tests::every_result_file_identity_discriminant_blocks_replay ... ok
test (windows-latest)	Run cargo test --all-features	2026-09-12T15:10:19.3038100Z test client::tests::explicit_and_inherited_client_endpoints_are_connect_only ... ok
test (windows-latest)	Run cargo test --all-features	2026-09-12T15:10:19.3042063Z test client::tests::explicit_windows_endpoints_are_local_single_component_pipe_names ... ok
test (windows-latest)	Run cargo test --all-features	2026-09-12T15:10:19.3045752Z test client::tests::incomplete_managed_environment_fails_even_for_another_endpoint ... ok
test (windows-latest)	Run cargo test --all-features	2026-09-12T15:10:19.3049867Z test client::tests::interrupted_passthrough_stops_at_a_quiescent_unclaimed_prefix ... ok
test (windows-latest)	Run cargo test --all-features	2026-09-12T15:10:19.3053953Z test client::tests::managed_coordinates_are_scoped_to_the_inherited_endpoint ... ok
test (windows-latest)	Run cargo test --all-features	2026-09-12T15:10:19.5959009Z test client::tests::only_exact_managed_not_received_receipt_authorizes_result_file_reuse ... ok
test (windows-latest)	Run cargo test --all-features	2026-09-12T15:10:19.5976924Z test client::tests::recover_missing_result_file_does_not_create_it ... ok
test (windows-latest)	Run cargo test --all-features	2026-09-12T15:10:19.6167738Z test client::tests::recovery_accepts_a_case_variant_of_the_same_windows_endpoint ... ok
test (windows-latest)	Run cargo test --all-features	2026-09-12T15:10:19.6345485Z test client::tests::recovery_rejects_a_foreign_endpoint_without_touching_the_receipt ... ok
test (windows-latest)	Run cargo test --all-features	2026-09-12T15:10:19.6349265Z test client::tests::response_errors_preserve_known_wire_rejections ... ok
test (windows-latest)	Run cargo test --all-features	2026-09-12T15:10:19.6965896Z test client::tests::result_file_fresh_create_is_atomic_and_never_overwrites ... ok
test (windows-latest)	Run cargo test --all-features	2026-09-12T15:10:19.6967689Z test client::tests::result_file_lock_holder_helper ... ignored, launched as a cross-process result-file lock holder
test (windows-latest)	Run cargo test --all-features	2026-09-12T15:10:19.7503956Z test client::tests::stale_recovery_cannot_overwrite_a_concurrent_accepted_receipt ... ok
test (windows-latest)	Run cargo test --all-features	2026-09-12T15:10:19.7753294Z test client::tests::unknown_recovery_preserves_the_last_durable_receipt ... ok
test (windows-latest)	Run cargo test --all-features	2026-09-12T15:10:19.7794204Z test client::tests::unmanaged_client_selects_the_public_default_endpoint ... ok
test (windows-latest)	Run cargo test --all-features	2026-09-12T15:10:19.7798636Z test client::tests::wait_aggregate_uses_the_worst_terminal_outcome ... ok
test (windows-latest)	Run cargo test --all-features	2026-09-12T15:10:19.7802885Z test daemon::tests::boot_change_is_proof_only_for_a_prior_generation ... ok
test (windows-latest)	Run cargo test --all-features	2026-09-12T15:10:20.4254783Z test client::tests::busy_native_pipe_waits_once_until_deadline_without_polling ... ok
test (windows-latest)	Run cargo test --all-features	2026-09-12T15:10:20.4270064Z test daemon::tests::endpoint_lease_is_exclusive_and_released_with_its_handle ... ok
test (windows-latest)	Run cargo test --all-features	2026-09-12T15:10:20.4272817Z test daemon::tests::explicit_instance_tuple_accepts_only_both_coordinates_or_neither ... ok
test (windows-latest)	Run cargo test --all-features	2026-09-12T15:10:20.4277495Z test daemon::tests::first_pipe_instance_is_exclusive_and_released_with_its_handle ... ok
test (windows-latest)	Run cargo test --all-features	2026-09-12T15:10:20.4281118Z test daemon::tests::force_authorization_fails_closed_for_roots_and_missing_handles ... ok
test (windows-latest)	Run cargo test --all-features	2026-09-12T15:10:20.4283572Z test daemon::tests::missing_handle_never_downgrades_a_possible_managed_peer_to_unmanaged ... ok
test (windows-latest)	Run cargo test --all-features	2026-09-12T15:10:20.4286274Z test daemon::tests::nested_membership_selects_the_unique_immediate_containment ... ok
test (windows-latest)	Run cargo test --all-features	2026-09-12T15:10:20.4289007Z test daemon::tests::peer_inside_disabled_primary_is_authenticated_not_downgraded_to_unmanaged ... ok
test (windows-latest)	Run cargo test --all-features	2026-09-12T15:10:20.4291201Z test daemon::tests::peer_inside_root_exited_or_uncertain_containment_is_rejected ... ok
test (windows-latest)	Run cargo test --all-features	2026-09-12T15:10:20.4294365Z test daemon::tests::peer_membership_derives_one_enabled_parent_and_rejects_ambiguity ... ok
test (windows-latest)	Run cargo test --all-features	2026-09-12T15:10:20.4297859Z test daemon::tests::prior_generation_requires_absent_daemon_and_exact_root_evidence ... ok
test (windows-latest)	Run cargo test --all-features	2026-09-12T15:10:20.4852743Z test daemon::tests::commit_at_wait_boundary_wakes_from_durable_event ... ok
test (windows-latest)	Run cargo test --all-features	2026-09-12T15:10:20.6034492Z test daemon::tests::singleton_lock_is_acquired_before_destructive_store_open ... ok
test (windows-latest)	Run cargo test --all-features	2026-09-12T15:10:20.6036942Z test filesystem::tests::only_fixed_ntfs_is_accepted ... ok
test (windows-latest)	Run cargo test --all-features	2026-09-12T15:10:20.6043490Z test host_observation::policy::tests::debrix_process_patterns_are_case_insensitive_and_wildcard_aware ... ok
test (windows-latest)	Run cargo test --all-features	2026-09-12T15:10:20.6046269Z test host_observation::policy::tests::stale_memory_and_blocked_process_fail_closed ... ok
test (windows-latest)	Run cargo test --all-features	2026-09-12T15:10:20.6050585Z test host_observation::policy::tests::standalone_observed_thresholds_block_without_creating_quiet_policy ... ok
test (windows-latest)	Run cargo test --all-features	2026-09-12T15:10:20.6054359Z test host_observation::policy::tests::strict_admission_uses_commit_vram_margins_and_ignores_shell_processes ... ok
test (windows-latest)	Run cargo test --all-features	2026-09-12T15:10:20.6056737Z test host_observation::policy::tests::unavailable_quiet_detector_is_not_treated_as_a_clean_sample ... ok
test (windows-latest)	Run cargo test --all-features	2026-09-12T15:10:20.6061994Z test host_observation::policy::tests::unresolved_nvml_compute_process_fails_closed_but_shell_processes_do_not ... ok
test (windows-latest)	Run cargo test --all-features	2026-09-12T15:10:20.6064595Z test host_observation::service::tests::cadence_and_suspend_discontinuities_change_generation ... ok
test (windows-latest)	Run cargo test --all-features	2026-09-12T15:10:20.6138486Z test host_observation::service::tests::doctor_coverage_names_every_strict_provider_with_fresh_provenance ... ok
test (windows-latest)	Run cargo test --all-features	2026-09-12T15:10:20.6142680Z test host_observation::service::tests::doctor_fails_closed_only_when_unavailable_coverage_is_required ... ok
test (windows-latest)	Run cargo test --all-features	2026-09-12T15:10:20.6147341Z test host_observation::service::tests::doctor_gpu_coverage_requires_the_exact_configured_device ... ok
test (windows-latest)	Run cargo test --all-features	2026-09-12T15:10:20.6154686Z test host_observation::windows_disk::tests::first_disk_delta_is_warming_up_or_honestly_unavailable ... ok
test (windows-latest)	Run cargo test --all-features	2026-09-12T15:10:20.6159268Z test host_observation::windows_memory::tests::live_windows_memory_contains_physical_and_commit_headroom ... ok
test (windows-latest)	Run cargo test --all-features	2026-09-12T15:10:20.6197336Z test host_observation::windows_process::tests::live_process_inventory_contains_the_test_process ... ok
test (windows-latest)	Run cargo test --all-features	2026-09-12T15:10:20.6200799Z test host_observation::windows_utilization::tests::first_cpu_delta_is_warming_up ... ok
test (windows-latest)	Run cargo test --all-features	2026-09-12T15:10:20.6298702Z test identity::tests::exact_process_probe_distinguishes_match_reuse_and_exit ... ok
test (windows-latest)	Run cargo test --all-features	2026-09-12T15:10:20.6304174Z test machine::bridge::tests::bridge_preserves_multiple_correlations_and_eof_never_calls_cleanup ... ok
test (windows-latest)	Run cargo test --all-features	2026-09-12T15:10:20.6308216Z test machine::bridge::tests::bridge_rejects_versions_truncation_and_oversize_before_dispatch ... ok
test (windows-latest)	Run cargo test --all-features	2026-09-12T15:10:20.6317268Z test machine::manager::release::tests::delay_in_final_local_check_is_rechecked_before_os_release ... ok
test (windows-latest)	Run cargo test --all-features	2026-09-12T15:10:20.6319636Z test machine::manager::release::tests::local_send_age_detects_delay_suspend_and_clock_discontinuity ... ok
test (windows-latest)	Run cargo test --all-features	2026-09-12T15:10:20.6325322Z test machine::manager::release::tests::loss_of_readiness_after_commit_proves_no_release_without_replaying_consumption ... ok
test (windows-latest)	Run cargo test --all-features	2026-09-12T15:10:20.6331076Z test machine::manager::release::tests::retry_cannot_rejuvenate_a_delayed_ticket_and_cancel_fences_release ... ok
test (windows-latest)	Run cargo test --all-features	2026-09-12T15:10:20.6371839Z test machine::manager::release::tests::unused_after_commit_keeps_consumption_and_requires_exact_cleanup_before_sealing ... ok
test (windows-latest)	Run cargo test --all-features	2026-09-12T15:10:21.3492925Z test daemon::tests::wait_snapshot_includes_daemon_reconciliation_evidence ... ok
test (windows-latest)	Run cargo test --all-features	2026-09-12T15:10:21.5726243Z test machine::manager::tests::local_outbox_and_start_intent_survive_commit_gaps_without_relaunch ... ok
test (windows-latest)	Run cargo test --all-features	2026-09-12T15:10:22.0563805Z test machine::manager::tests::lost_ticket_then_coordinator_reset_and_epoch_rotation_recover_without_launch ... ok
test (windows-latest)	Run cargo test --all-features	2026-09-12T15:10:22.1284098Z test machine::tests::framing_rejects_oversize_before_reading_body_and_strictly_decodes ... ok
test (windows-latest)	Run cargo test --all-features	2026-09-12T15:10:22.1298076Z test machine::tests::operation_authentication_binds_session_sequence_identity_and_payload ... ok
test (windows-latest)	Run cargo test --all-features	2026-09-12T15:10:22.1313409Z test machine::tests::pairing_tag_binds_both_nonces_session_role_owner_and_versions ... ok
test (windows-latest)	Run cargo test --all-features	2026-09-12T15:10:22.1316842Z test machine::tests::request_rejects_version_hash_sequence_and_unknown_identity ... ok
test (windows-latest)	Run cargo test --all-features	2026-09-12T15:10:22.1319594Z test model::tests::durable_id_round_trip_carries_store_identity ... ok
test (windows-latest)	Run cargo test --all-features	2026-09-12T15:10:22.1323192Z test model::tests::unscoped_uuid_is_not_a_public_durable_id ... ok
test (windows-latest)	Run cargo test --all-features	2026-09-12T15:10:22.1329236Z test protocol::tests::daemon_resource_accounting_is_additive_with_an_explicit_legacy_absence ... ok
test (windows-latest)	Run cargo test --all-features	2026-09-12T15:10:22.1332377Z test protocol::tests::frame_round_trip ... ok
test (windows-latest)	Run cargo test --all-features	2026-09-12T15:10:22.1337020Z test protocol::tests::responses_are_additive_but_requests_remain_strict ... ok
test (windows-latest)	Run cargo test --all-features	2026-09-12T15:10:22.1341601Z test resources::tests::child_policy_vram_claim_names_are_canonicalized ... ok
test (windows-latest)	Run cargo test --all-features	2026-09-12T15:10:22.1345828Z test resources::tests::complete_scalar_lease_never_partially_fits ... ok
test (windows-latest)	Run cargo test --all-features	2026-09-12T15:10:22.1387869Z test resources::tests::different_missing_children_under_one_ancestor_do_not_alias ... ok
test (windows-latest)	Run cargo test --all-features	2026-09-12T15:10:22.1431845Z test resources::tests::existing_policy_root_replacement_does_not_inherit_object_authority ... ok
test (windows-latest)	Run cargo test --all-features	2026-09-12T15:10:22.1436894Z test resources::tests::granted_debit_overflow_blocks_instead_of_wrapping_capacity ... ok
test (windows-latest)	Run cargo test --all-features	2026-09-12T15:10:22.1442812Z test resources::tests::impact_rules_are_symmetric_self_compatibility_is_explicit_and_ancestors_block ... ok
test (windows-latest)	Run cargo test --all-features	2026-09-12T15:10:22.1447309Z test resources::tests::managed_wait_checks_only_components_retained_by_ancestors ... ok
test (windows-latest)	Run cargo test --all-features	2026-09-12T15:10:22.1477748Z test resources::tests::missing_policy_root_retains_component_authority_after_creation ... ok
test (windows-latest)	Run cargo test --all-features	2026-09-12T15:10:22.1481629Z test resources::tests::observed_headroom_is_checked_and_excludes_only_the_supplied_debit ... ok
test (windows-latest)	Run cargo test --all-features	2026-09-12T15:10:22.1487335Z test resources::tests::shared_fences_overlap_but_exclusive_conflicts ... ok
test (windows-latest)	Run cargo test --all-features	2026-09-12T15:10:23.4375526Z test machine::manager::tests::outbox_counts_utf8_bytes_and_reserves_room_for_acknowledgement ... ok
test (windows-latest)	Run cargo test --all-features	2026-09-12T15:10:24.2230168Z test runner::windows::tests::cancel_before_postcondition_release_never_runs_validator_code ... ok
test (windows-latest)	Run cargo test --all-features	2026-09-12T15:10:25.5226182Z test runner::windows::tests::attempt_timeout_covers_postconditions ... ok
test (windows-latest)	Run cargo test --all-features	2026-09-12T15:10:25.8973379Z stillyard runner for 01a0962b-702c-7bb3-8fe7-d1bc35e4d277~01a0962b-71d4-7913-aebf-bec7a00173af failed: forced pre-start failure
test (windows-latest)	Run cargo test --all-features	2026-09-12T15:10:25.9365029Z stillyard runner for 01a0962b-750a-7663-b591-42837f82ab43~01a0962b-75f8-75b3-bfb0-a5fef3adb5be failed: The operation completed successfully. (os error 0)
test (windows-latest)	Run cargo test --all-features	2026-09-12T15:10:26.0001629Z test runner::windows::tests::clean_prestart_failure_keeps_condition_deadline_precedence ... ok
test (windows-latest)	Run cargo test --all-features	2026-09-12T15:10:26.0102225Z test runner::windows::tests::condition_resume_failure_clears_never_started_timestamps ... ok
test (windows-latest)	Run cargo test --all-features	2026-09-12T15:10:26.0104675Z test runner::windows::tests::containment_registry_is_instance_owned_and_transfer_does_not_leak_ownership ... ok
test (windows-latest)	Run cargo test --all-features	2026-09-12T15:10:26.0106200Z test runner::windows::tests::descendant_sleeper ... ignored, launched only as a descendant containment probe
test (windows-latest)	Run cargo test --all-features	2026-09-12T15:10:26.0110050Z test runner::windows::tests::empty_owned_boundary_is_proven_and_notifies_reconciliation ... ok
test (windows-latest)	Run cargo test --all-features	2026-09-12T15:10:26.5887208Z test runner::windows::tests::environment_block_has_exact_path_and_no_daemon_ambient_user_environment ... ok
test (windows-latest)	Run cargo test --all-features	2026-09-12T15:10:26.8362443Z test runner::windows::tests::contained_process_publishes_output_after_success ... ok
test (windows-latest)	Run cargo test --all-features	2026-09-12T15:10:27.3331503Z stillyard runner for 01a0962b-7a61-7a41-a61a-82765947f864~01a0962b-7be1-7c41-b504-d1f01c28a0e6 failed: created image C:\Windows\System32\cmd.exe differs from requested executable C:\Windows\System32\cmd.exe
test (windows-latest)	Run cargo test --all-features	2026-09-12T15:10:27.3669400Z test runner::windows::tests::image_mismatch_with_unproven_cleanup_transfers_boundary_to_reconciler ... ok
test (windows-latest)	Run cargo test --all-features	2026-09-12T15:10:27.8708352Z test runner::windows::tests::plain_cancel_during_postcondition_remains_canceled ... ok
test (windows-latest)	Run cargo test --all-features	2026-09-12T15:10:28.3093796Z stillyard runner for 01a0962b-7971-77e2-a512-6070d2fea6f3~01a0962b-7b4e-7bd1-9a0c-145bbc3537ff failed: stopped suspended root did not exit within cleanup bound
test (windows-latest)	Run cargo test --all-features	2026-09-12T15:10:28.3688284Z test runner::windows::tests::first_terminal_cleanup_wait_failure_keeps_condition_deadline_outcome ... ok
test (windows-latest)	Run cargo test --all-features	2026-09-12T15:10:28.4203709Z test runner::windows::tests::plain_cancel_terminates_a_running_containment_and_suppresses_retry ... ok
test (windows-latest)	Run cargo test --all-features	2026-09-12T15:10:29.0642805Z stillyard runner for 01a0962b-8053-7c42-be13-0f0e17980e81~01a0962b-8247-7ea0-a4cf-ccf22d2cf4b6 failed: forced pre-start failure
test (windows-latest)	Run cargo test --all-features	2026-09-12T15:10:29.1883314Z test runner::windows::tests::post_create_pre_resume_failure_proves_empty_and_is_start_failed ... ok
test (windows-latest)	Run cargo test --all-features	2026-09-12T15:10:29.1884665Z test runner::windows::tests::postcondition_tree_helper ... ignored, launched only as a managed postcondition tree probe
test (windows-latest)	Run cargo test --all-features	2026-09-12T15:11:13.8352123Z test authority::retirement::tests::pairing_budget_reserves_every_admitted_retirement_after_hold_and_session_growth ... ok
test (windows-latest)	Run cargo test --all-features	2026-09-12T15:11:15.4942927Z stillyard runner for 01a0962c-31dd-70c2-b76d-4359f28da302~01a0962c-32ed-7bd0-b17f-041b72b335c8 failed: The system cannot find the file specified. (os error 2)
test (windows-latest)	Run cargo test --all-features	2026-09-12T15:11:15.5260219Z test runner::windows::tests::quiet_resume_failure_after_durable_authorization_is_start_failed ... ok
test (windows-latest)	Run cargo test --all-features	2026-09-12T15:11:15.5262754Z test runner::windows::tests::released_user_code_runner_failure_is_interrupted_not_failed ... ok
test (windows-latest)	Run cargo test --all-features	2026-09-12T15:11:15.5265464Z test runner::windows::tests::retired_registration_is_negative_until_durable_state_catches_up ... ok
test (windows-latest)	Run cargo test --all-features	2026-09-12T15:11:15.5266697Z test runner::windows::tests::spawn_descendant_helper ... ignored, launched only as a managed root by timeout_kills_descendant_not_only_root
test (windows-latest)	Run cargo test --all-features	2026-09-12T15:11:16.9534069Z stillyard runner for 01a0962c-3884-7b02-ac9d-7906170134ff~01a0962c-39e5-7380-ac6d-359a48c215ac failed: staged stdin hash changed before launch
test (windows-latest)	Run cargo test --all-features	2026-09-12T15:11:17.0117313Z test runner::windows::tests::staged_stdin_changed_after_acceptance_fails_before_user_code ... ok
test (windows-latest)	Run cargo test --all-features	2026-09-12T15:11:17.7877406Z test runner::windows::tests::primary_tree_is_empty_before_postcondition_receives_immutable_result ... ok
test (windows-latest)	Run cargo test --all-features	2026-09-12T15:11:17.7954941Z test runner::windows::tests::stdin_echo_helper ... ignored, launched only as a managed staged-stdin probe
test (windows-latest)	Run cargo test --all-features	2026-09-12T15:11:18.7449767Z test authority::tests::saturated_registry_still_journals_large_release_and_detects_missing_blob has been running for over 60 seconds
test (windows-latest)	Run cargo test --all-features	2026-09-12T15:11:18.7451743Z test runner::windows::tests::staged_stdin_handle_reaches_the_contained_process ... ok
test (windows-latest)	Run cargo test --all-features	2026-09-12T15:11:21.0253877Z test runner::windows::tests::timeout_kills_containment_and_releases_lease ... ok
test (windows-latest)	Run cargo test --all-features	2026-09-12T15:11:21.0256335Z test runner::windows::tests::windows_quoting_handles_spaces_quotes_and_trailing_slashes ... ok
test (windows-latest)	Run cargo test --all-features	2026-09-12T15:11:21.0722984Z test runtime_metrics::tests::polling_control_is_counted_and_event_notification_is_not_a_timer ... ok
test (windows-latest)	Run cargo test --all-features	2026-09-12T15:11:21.0729118Z test spec::tests::child_policy_unknown_fields_are_rejected_during_decode ... ok
test (windows-latest)	Run cargo test --all-features	2026-09-12T15:11:21.0733921Z test spec::tests::daemon_environment_presets_are_not_accepted ... ok
test (windows-latest)	Run cargo test --all-features	2026-09-12T15:11:21.0739537Z test spec::tests::host_deferral_bound_applies_only_to_jobs_that_request_quiet ... ok
test (windows-latest)	Run cargo test --all-features	2026-09-12T15:11:21.0743748Z test spec::tests::lifecycle_history_has_a_finite_snapshot_bound ... ok
test (windows-latest)	Run cargo test --all-features	2026-09-12T15:11:21.0747213Z test spec::tests::retry_verdicts_must_be_unique ... ok
test (windows-latest)	Run cargo test --all-features	2026-09-12T15:11:21.1004247Z test spec::tests::schema_is_stable_within_one_build ... ok
test (windows-latest)	Run cargo test --all-features	2026-09-12T15:11:21.1007469Z test spec::tests::supported_claim_and_impact_validate ... ok
test (windows-latest)	Run cargo test --all-features	2026-09-12T15:11:21.1010223Z test spec::tests::unknown_job_field_rejects ... ok
test (windows-latest)	Run cargo test --all-features	2026-09-12T15:11:21.1013812Z test spec::tests::version_four_rejects_duplicate_label_keys_and_invalid_policy_shapes ... ok
test (windows-latest)	Run cargo test --all-features	2026-09-12T15:11:21.1829401Z test store::attached::tests::attached_admission_persists_candidates_and_holds_lease_until_release_ack ... ok
test (windows-latest)	Run cargo test --all-features	2026-09-12T15:11:21.2486733Z test store::machine_allocation::inventory_tests::expired_candidate_history_does_not_exhaust_ready_budget_but_armed_still_counts ... ok
test (windows-latest)	Run cargo test --all-features	2026-09-12T15:11:21.8039440Z test store::machine_allocation::inventory_tests::inventory_pages_cover_large_unicode_records_without_exceeding_wire_bytes ... ok
test (windows-latest)	Run cargo test --all-features	2026-09-12T15:11:23.9392017Z test runner::windows::tests::timeout_kills_descendant_not_only_root ... ok
test (windows-latest)	Run cargo test --all-features	2026-09-12T15:11:23.9396820Z test store::observation::command_preview_tests::preview_is_bounded_single_line_and_identifies_the_command ... ok
test (windows-latest)	Run cargo test --all-features	2026-09-12T15:11:23.9408133Z test store::process_records::tests::typed_linux_identity_never_uses_filetime_and_cannot_be_replaced ... ok
test (windows-latest)	Run cargo test --all-features	2026-09-12T15:11:24.1426471Z test store::tests::admission_safety::cancel_that_wins_during_contaminated_cleanup_cannot_replan_or_release_code ... ok
test (windows-latest)	Run cargo test --all-features	2026-09-12T15:11:24.3663694Z test store::tests::admission_safety::clean_deferral_exhaustion_uses_the_job_retry_policy ... ok
test (windows-latest)	Run cargo test --all-features	2026-09-12T15:11:24.5472126Z test store::tests::admission_safety::condition_release_rechecks_observed_evidence_before_resume ... ok
test (windows-latest)	Run cargo test --all-features	2026-09-12T15:11:25.1615951Z test store::tests::admission_safety::condition_scan_time_ages_host_evidence_before_observed_grant ... ok
test (windows-latest)	Run cargo test --all-features	2026-09-12T15:11:25.6585568Z test store::tests::admission_safety::condition_scan_time_ages_host_evidence_before_probe_grant ... ok
test (windows-latest)	Run cargo test --all-features	2026-09-12T15:11:25.8241881Z test store::tests::admission_safety::direct_observed_admission_remains_released_without_a_final_barrier ... ok
test (windows-latest)	Run cargo test --all-features	2026-09-12T15:11:25.9776430Z test store::tests::admission_safety::final_observed_ram_check_excludes_only_its_own_granted_lease ... ok
test (windows-latest)	Run cargo test --all-features	2026-09-12T15:11:26.1633872Z test store::tests::admission_safety::incompatible_impact_consumes_the_admission_wall_clock_and_fails_finitely ... ok
test (windows-latest)	Run cargo test --all-features	2026-09-12T15:11:26.3290991Z test store::tests::admission_safety::missing_observation_pauses_quiet_budget_and_rebuilds_stability ... ok
test (windows-latest)	Run cargo test --all-features	2026-09-12T15:11:27.5548367Z test store::tests::admission_safety::observed_condition_runtime_timeout_starts_at_release ... ok
test (windows-latest)	Run cargo test --all-features	2026-09-12T15:11:27.7382445Z test store::tests::admission_safety::quiet_only_deferral_exhaustion_still_uses_the_job_retry_policy ... ok
test (windows-latest)	Run cargo test --all-features	2026-09-12T15:11:27.9659491Z test store::tests::admission_safety::quiet_stability_resets_on_sample_gap_and_observation_generation_change ... ok
test (windows-latest)	Run cargo test --all-features	2026-09-12T15:11:28.4222183Z test runner::windows::tests::postcondition_retry_runs_a_second_attempt_under_the_same_job has been running for over 60 seconds
test (windows-latest)	Run cargo test --all-features	2026-09-12T15:11:28.4249306Z test store::tests::admission_safety::quiet_wait_holds_no_lease_and_final_recheck_reuses_the_attempt_without_running_code ... ok
test (windows-latest)	Run cargo test --all-features	2026-09-12T15:11:28.6287774Z test store::tests::admission_safety::restart_preserves_admitting_attempt_budget_resets_stability_and_allows_cancel ... ok
test (windows-latest)	Run cargo test --all-features	2026-09-12T15:11:28.7756593Z test store::tests::admission_safety::restart_refuses_gpu_placement_change_for_a_retained_job ... ok
test (windows-latest)	Run cargo test --all-features	2026-09-12T15:11:28.9207857Z test store::tests::admission_safety::restart_refuses_host_policy_that_invalidates_a_retained_job ... ok
test (windows-latest)	Run cargo test --all-features	2026-09-12T15:11:29.1034170Z test store::tests::admission_safety::sidecar_gpu_and_vram_claims_fail_closed_then_preserve_grant_provenance ... ok
test (windows-latest)	Run cargo test --all-features	2026-09-12T15:11:29.2639954Z test store::tests::admission_safety::stale_memory_and_low_commit_headroom_never_create_a_lease_or_invocation ... ok
test (windows-latest)	Run cargo test --all-features	2026-09-12T15:11:29.4416932Z test store::tests::admission_safety::starting_strict_job_keeps_sampler_demand_until_release ... ok
test (windows-latest)	Run cargo test --all-features	2026-09-12T15:11:29.6389953Z test store::tests::admission_safety::static_contention_pauses_quiet_budget_and_rebuilds_stability ... ok
test (windows-latest)	Run cargo test --all-features	2026-09-12T15:11:29.7957848Z test store::tests::admission_safety::uncertain_pre_release_cleanup_is_final_and_retains_the_lease ... ok
test (windows-latest)	Run cargo test --all-features	2026-09-12T15:11:30.1353865Z test store::tests::admission_safety::uncertain_pre_release_cleanup_preserves_condition_deadline_outcome ... ok
test (windows-latest)	Run cargo test --all-features	2026-09-12T15:11:30.3271279Z test store::tests::admission_safety::uncertain_pre_release_cleanup_preserves_explicit_cancellation ... ok
test (windows-latest)	Run cargo test --all-features	2026-09-12T15:11:30.5091836Z test store::tests::attempt_lifecycle::expired_blocked_retry_does_not_spin_and_backoff_cancel_is_terminal ... ok
test (windows-latest)	Run cargo test --all-features	2026-09-12T15:11:30.6572830Z test store::tests::attempt_lifecycle::impact_rules_block_admission_and_ancestor_waits_symmetrically ... ok
test (windows-latest)	Run cargo test --all-features	2026-09-12T15:11:30.8728745Z test store::tests::attempt_lifecycle::plain_cancel_covers_queued_active_and_backoff_without_successors ... ok
test (windows-latest)	Run cargo test --all-features	2026-09-12T15:11:31.0642995Z test store::tests::attempt_lifecycle::postcondition_release_requires_immutable_empty_primary_result_and_granted_lease ... ok
test (windows-latest)	Run cargo test --all-features	2026-09-12T15:11:31.2862472Z test store::tests::attempt_lifecycle::postcondition_retry_keeps_one_job_and_exposes_ordered_attempts ... ok
test (windows-latest)	Run cargo test --all-features	2026-09-12T15:11:31.4574242Z test store::tests::attempt_lifecycle::receipt_preserves_accepting_generation_across_daemon_restart ... ok
test (windows-latest)	Run cargo test --all-features	2026-09-12T15:11:31.6175121Z test store::tests::attempt_lifecycle::root_exit_is_visible_before_containment_resolution ... ok
test (windows-latest)	Run cargo test --all-features	2026-09-12T15:11:31.6179571Z test store::tests::attempt_lifecycle::snapshot_diagnostic_budget_keeps_newest_utf8_suffixes ... ok
test (windows-latest)	Run cargo test --all-features	2026-09-12T15:11:31.7759851Z test store::tests::attempt_lifecycle::worker_start_failure_preserves_an_active_cancel_and_suppresses_retry ... ok
test (windows-latest)	Run cargo test --all-features	2026-09-12T15:11:32.2232862Z test store::tests::conditions::already_stale_refresh_blocks_once_then_yields_instead_of_replanning ... ok
test (windows-latest)	Run cargo test --all-features	2026-09-12T15:11:32.3963983Z test store::tests::conditions::cancel_waits_for_live_probe_boundary_before_publishing_final ... ok
test (windows-latest)	Run cargo test --all-features	2026-09-12T15:11:32.6057021Z test store::tests::conditions::condition_release_is_publicly_released_while_running_and_after_success ... ok
test (windows-latest)	Run cargo test --all-features	2026-09-12T15:11:33.1262900Z test store::tests::conditions::deadline_crossing_during_scan_wins_over_impossible_dependency ... ok
test (windows-latest)	Run cargo test --all-features	2026-09-12T15:11:33.3046194Z test store::tests::conditions::deadline_is_enforced_before_retry_backoff_and_dependency_filters ... ok
test (windows-latest)	Run cargo test --all-features	2026-09-12T15:11:33.4936621Z test store::tests::conditions::deadline_that_wins_during_a_probe_remains_terminal_after_probe_cleanup ... ok
test (windows-latest)	Run cargo test --all-features	2026-09-12T15:11:33.9243151Z test store::tests::conditions::due_deadline_wins_over_cancel_before_and_during_probe_cleanup ... ok
test (windows-latest)	Run cargo test --all-features	2026-09-12T15:11:34.0955125Z test store::tests::conditions::eta_is_unknown_for_external_predicates_and_lower_bound_for_not_before ... ok
test (windows-latest)	Run cargo test --all-features	2026-09-12T15:11:34.2773422Z test store::tests::conditions::expired_monotonic_evidence_does_not_create_a_zero_delay_retry_spin ... ok
test (windows-latest)	Run cargo test --all-features	2026-09-12T15:11:34.5211261Z test store::tests::conditions::failed_deadline_latch_survives_refresh_until_probe_cleanup ... ok
test (windows-latest)	Run cargo test --all-features	2026-09-12T15:11:34.7112065Z test store::tests::conditions::first_pre_release_deferral_replans_the_same_attempt_and_preserves_budget ... ok
test (windows-latest)	Run cargo test --all-features	2026-09-12T15:11:34.8535346Z test store::tests::conditions::freshness_that_expires_during_a_long_pass_yields_before_rescan ... ok
test (windows-latest)	Run cargo test --all-features	2026-09-12T15:11:35.1432096Z test store::tests::conditions::monotonic_expiry_forces_rescan_despite_a_future_wall_freshness_and_history_is_bounded ... ok
test (windows-latest)	Run cargo test --all-features	2026-09-12T15:11:35.2955470Z test store::tests::conditions::monotonic_expiry_yields_despite_a_future_wall_deadline ... ok
test (windows-latest)	Run cargo test --all-features	2026-09-12T15:11:35.4540423Z test store::tests::conditions::path_absent_waits_for_authoritative_absence ... ok
test (windows-latest)	Run cargo test --all-features	2026-09-12T15:11:35.6267039Z test store::tests::conditions::path_transition_is_anchored_at_acceptance_and_rescanned_before_lease ... ok
test (windows-latest)	Run cargo test --all-features	2026-09-12T15:11:36.1391600Z test store::tests::conditions::post_commit_cancel_and_deadline_are_ordered_before_primary_resume ... ok
test (windows-latest)	Run cargo test --all-features	2026-09-12T15:11:36.3076732Z test store::tests::conditions::post_commit_freshness_expiry_replans_the_never_resumed_attempt ... ok
test (windows-latest)	Run cargo test --all-features	2026-09-12T15:11:36.5137961Z test store::tests::conditions::postcondition_does_not_inherit_primary_conditions_after_release ... ok
test (windows-latest)	Run cargo test --all-features	2026-09-12T15:11:36.6888399Z test store::tests::conditions::postcondition_start_failure_preserves_primary_start_and_ignores_condition_deadline ... ok
test (windows-latest)	Run cargo test --all-features	2026-09-12T15:11:37.0313893Z test store::tests::conditions::pre_release_cancellation_is_never_projected_as_released ... ok
test (windows-latest)	Run cargo test --all-features	2026-09-12T15:11:37.2054707Z test store::tests::conditions::pre_release_path_change_replans_same_attempt_then_exhausts_as_readiness_unstable ... ok
test (windows-latest)	Run cargo test --all-features	2026-09-12T15:11:37.4094790Z test store::tests::conditions::prepared_probe_start_failure_atomically_releases_its_lease_and_requeues ... ok
test (windows-latest)	Run cargo test --all-features	2026-09-12T15:11:37.9312684Z test store::machine_events::tests::event_retention_bounds_rows_and_bytes_without_touching_grant_history ... ok
test (windows-latest)	Run cargo test --all-features	2026-09-12T15:11:38.5756389Z test store::tests::conditions::probe_uses_its_own_lease_and_releases_it_before_primary_work ... ok
test (windows-latest)	Run cargo test --all-features	2026-09-12T15:11:39.1921280Z test store::tests::conditions::relative_deadline_is_durable_and_does_not_create_an_attempt ... ok
test (windows-latest)	Run cargo test --all-features	2026-09-12T15:11:41.2418992Z test store::tests::conditions::restart_finalizes_cancel_and_deadline_after_probe_becomes_uncertain ... ok
test (windows-latest)	Run cargo test --all-features	2026-09-12T15:11:41.7448368Z test store::tests::conditions::restart_invalidates_generation_local_path_evidence_and_rescans ... ok
test (windows-latest)	Run cargo test --all-features	2026-09-12T15:11:43.3735680Z test store::tests::conditions::probe_history_is_pruned_after_its_pinning_events_leave_the_ring ... ok
test (windows-latest)	Run cargo test --all-features	2026-09-12T15:11:43.7054611Z test store::tests::conditions::restart_preserves_the_durable_pre_resume_terminal_latch ... ok
test (windows-latest)	Run cargo test --all-features	2026-09-12T15:11:44.2035253Z test store::tests::conditions::restart_repairs_the_legacy_split_probe_settlement_window ... ok
test (windows-latest)	Run cargo test --all-features	2026-09-12T15:11:44.3238288Z test store::tests::conditions::restart_retains_only_the_unresolved_probe_claims_and_blocks_reprobe_until_clearance ... ok
test (windows-latest)	Run cargo test --all-features	2026-09-12T15:11:44.7030695Z test store::tests::conditions::terminal_intent_waits_for_every_live_probe_and_cancel_never_starts_another ... ok
test (windows-latest)	Run cargo test --all-features	2026-09-12T15:11:44.7688655Z test store::tests::conditions::worker_start_failure_keeps_condition_deadline_precedence ... ok
test (windows-latest)	Run cargo test --all-features	2026-09-12T15:11:45.3068785Z test store::tests::containment_safety::attempt_wide_predicate_waits_for_every_containment ... ok
test (windows-latest)	Run cargo test --all-features	2026-09-12T15:11:45.3627887Z test store::tests::containment_safety::clearance_is_idempotent_and_audited_through_status ... ok
test (windows-latest)	Run cargo test --all-features	2026-09-12T15:11:45.8270194Z test store::tests::containment_safety::creating_and_started_records_capture_exact_identity ... ok
test (windows-latest)	Run cargo test --all-features	2026-09-12T15:11:46.0683828Z test store::tests::containment_safety::doctor_default_page_is_bounded_below_protocol_limit ... ok
test (windows-latest)	Run cargo test --all-features	2026-09-12T15:11:46.1603556Z test store::tests::containment_safety::doctor_incidents_are_frozen_across_pages ... ok
test (windows-latest)	Run cargo test --all-features	2026-09-12T15:11:46.7261969Z test store::tests::containment_safety::doctor_rejects_cursor_from_previous_daemon_generation ... ok
test (windows-latest)	Run cargo test --all-features	2026-09-12T15:11:46.7298014Z test store::tests::containment_safety::doctor_rejects_foreign_unknown_tampered_and_expired_cursors ... ok
test (windows-latest)	Run cargo test --all-features	2026-09-12T15:11:47.1739813Z test store::tests::containment_safety::doctor_reports_loaded_config_evidence ... ok
test (windows-latest)	Run cargo test --all-features	2026-09-12T15:11:47.7467183Z test store::tests::containment_safety::force_commit_rejects_a_changed_authorization_set ... ok
test (windows-latest)	Run cargo test --all-features	2026-09-12T15:11:48.5432314Z test store::tests::containment_safety::foreign_host_binding_resets_the_whole_store ... ok
test (windows-latest)	Run cargo test --all-features	2026-09-12T15:11:48.8665881Z test runner::windows::tests::postcondition_retry_runs_a_second_attempt_under_the_same_job ... ok
test (windows-latest)	Run cargo test --all-features	2026-09-12T15:11:48.9024823Z test store::tests::containment_safety::typed_linux_root_roundtrips_all_containment_views_without_filetime_aliasing ... ok
test (windows-latest)	Run cargo test --all-features	2026-09-12T15:11:48.9970653Z test store::tests::containment_safety::missing_host_capability_blocks_before_lease_grant ... ok
test (windows-latest)	Run cargo test --all-features	2026-09-12T15:11:49.7618229Z test store::tests::containment_safety::unbound_pending_store_binds_without_reset ... ok
test (windows-latest)	Run cargo test --all-features	2026-09-12T15:11:50.2448052Z test store::tests::containment_safety::unbound_store_with_containment_is_replaced ... ok
test (windows-latest)	Run cargo test --all-features	2026-09-12T15:11:50.5170271Z test store::tests::input_submission::batch_is_atomic_and_dependencies_use_final_outcomes ... ok
test (windows-latest)	Run cargo test --all-features	2026-09-12T15:11:50.9001102Z test store::tests::input_submission::child_policy_resolution_failure_is_a_durable_typed_rejection ... ok
test (windows-latest)	Run cargo test --all-features	2026-09-12T15:11:51.2494875Z test store::tests::input_submission::complete_leases_serialize_conflicts_but_allow_orthogonal_work ... ok
test (windows-latest)	Run cargo test --all-features	2026-09-12T15:11:51.4867460Z test store::tests::input_submission::corrupt_staged_input_rejects_before_received ... ok
test (windows-latest)	Run cargo test --all-features	2026-09-12T15:11:51.8450393Z test store::tests::input_submission::daemon_status_reports_exact_durable_reservations ... ok
test (windows-latest)	Run cargo test --all-features	2026-09-12T15:11:52.1322821Z test store::tests::input_submission::dependency_outside_fifo_prefix_is_unknown ... ok
test (windows-latest)	Run cargo test --all-features	2026-09-12T15:11:52.6500942Z test store::tests::input_submission::explicit_environment_is_preserved_at_acceptance ... ok
test (windows-latest)	Run cargo test --all-features	2026-09-12T15:11:52.9704705Z test store::tests::input_submission::missing_path_fence_identity_survives_later_creation ... ok
test (windows-latest)	Run cargo test --all-features	2026-09-12T15:11:53.3838993Z test store::tests::input_submission::partial_batch_input_map_is_atomic ... ok
test (windows-latest)	Run cargo test --all-features	2026-09-12T15:11:53.4261066Z test store::tests::containment_safety::doctor_snapshot_stress_resists_parallel_incident_turnover ... ok
test (windows-latest)	Run cargo test --all-features	2026-09-12T15:11:53.6865981Z test store::tests::input_submission::receipt_reports_rank_blocker_and_honest_estimate ... ok
test (windows-latest)	Run cargo test --all-features	2026-09-12T15:11:54.0654404Z test store::tests::input_submission::received_batch_revalidates_staged_inputs_before_acceptance ... ok
test (windows-latest)	Run cargo test --all-features	2026-09-12T15:11:54.1583536Z test store::tests::input_submission::restart_collects_partial_upload_without_submission ... ok
test (windows-latest)	Run cargo test --all-features	2026-09-12T15:11:54.3802558Z test store::tests::input_submission::reverse_order_skip_closure_reaches_terminal_state ... ok
test (windows-latest)	Run cargo test --all-features	2026-09-12T15:11:54.8373157Z test store::tests::input_submission::sqlite_failure_rolls_back_every_batch_member ... ok
test (windows-latest)	Run cargo test --all-features	2026-09-12T15:11:55.0035574Z test store::tests::input_submission::staged_stdin_is_pre_received_immutable_and_idempotent ... ok
test (windows-latest)	Run cargo test --all-features	2026-09-12T15:11:55.5374515Z test store::tests::managed_submission::child_policy_negative_axes_are_durable_contextual_and_create_no_work ... ok
test (windows-latest)	Run cargo test --all-features	2026-09-12T15:11:55.7345261Z test store::tests::managed_submission::delegated_policy_is_intersected_across_the_full_ancestor_chain ... ok
test (windows-latest)	Run cargo test --all-features	2026-09-12T15:11:55.9846797Z test store::tests::managed_submission::managed_acceptance_rechecks_parent_and_disabled_primary_proves_only_absence ... ok
test (windows-latest)	Run cargo test --all-features	2026-09-12T15:11:56.4115389Z test store::tests::managed_submission::managed_batch_wait_rejects_atomically_when_one_member_conflicts ... ok
test (windows-latest)	Run cargo test --all-features	2026-09-12T15:11:56.5039241Z test store::tests::managed_submission::managed_batch_with_one_forbidden_priority_is_atomically_rejected ... ok
test (windows-latest)	Run cargo test --all-features	2026-09-12T15:11:56.7740438Z test store::tests::managed_submission::managed_combined_wait_rejects_ancestor_scalar_but_detached_submit_survives ... ok
test (windows-latest)	Run cargo test --all-features	2026-09-12T15:11:57.1096050Z test store::tests::managed_submission::managed_exact_replay_is_idempotent_and_commits_parentage ... ok
test (windows-latest)	Run cargo test --all-features	2026-09-12T15:11:57.1869719Z test store::tests::managed_submission::managed_not_received_is_provable_only_for_the_live_current_parent ... ok
test (windows-latest)	Run cargo test --all-features	2026-09-12T15:11:57.5152503Z test store::tests::managed_submission::managed_policy_applies_claim_impact_and_fence_limits_to_probes ... ok
test (windows-latest)	Run cargo test --all-features	2026-09-12T15:11:57.9242837Z test store::tests::managed_submission::managed_wait_allows_orthogonal_child_and_checks_the_full_ancestor_chain ... ok
test (windows-latest)	Run cargo test --all-features	2026-09-12T15:11:57.9330249Z test store::tests::managed_submission::managed_wait_rejects_a_claim_that_exceeds_host_capacity ... ok
test (windows-latest)	Run cargo test --all-features	2026-09-12T15:11:58.2889770Z test store::tests::managed_submission::managed_wait_walks_unfinished_predecessors_and_rejects_self_or_foreign_targets ... ok
test (windows-latest)	Run cargo test --all-features	2026-09-12T15:11:58.7504346Z test store::tests::managed_submission::neutral_only_parent_does_not_inherit_priority_and_rejects_escalation_durably ... ok
test (windows-latest)	Run cargo test --all-features	2026-09-12T15:11:58.8166182Z test store::tests::managed_submission::non_primary_transport_identity_does_not_confer_child_authority ... ok
test (windows-latest)	Run cargo test --all-features	2026-09-12T15:11:59.0686703Z test store::tests::managed_submission::policy_invalid_batch_names_the_member_and_is_atomic ... ok
test (windows-latest)	Run cargo test --all-features	2026-09-12T15:11:59.4997210Z test store::tests::managed_submission::received_wait_intent_survives_resume_and_cannot_accept_an_unsafe_child ... ok
test (windows-latest)	Run cargo test --all-features	2026-09-12T15:11:59.8206236Z test store::tests::managed_submission::restart_rejects_managed_received_work_from_the_previous_daemon_generation ... ok
test (windows-latest)	Run cargo test --all-features	2026-09-12T15:11:59.8245425Z test store::tests::managed_submission::vram_policy_claims_compare_and_persist_in_canonical_form ... ok
test (windows-latest)	Run cargo test --all-features	2026-09-12T15:12:00.5274515Z test store::tests::observation::lifecycle_and_cancellation_transitions_emit_named_events ... ok
test (windows-latest)	Run cargo test --all-features	2026-09-12T15:12:00.5301272Z test store::tests::observation::invocation_event_identity_is_atomic_and_required ... ok
test (windows-latest)	Run cargo test --all-features	2026-09-12T15:12:01.0729354Z test store::tests::observation::list_events_and_cursor_are_one_public_observation_path ... ok
test (windows-latest)	Run cargo test --all-features	2026-09-12T15:12:01.0761115Z test store::tests::observation::list_cursor_is_stable_and_store_scoped ... ok
test (windows-latest)	Run cargo test --all-features	2026-09-12T15:12:01.5394409Z test store::tests::observation::event_ring_reports_gap_and_resynchronizes ... ok
test (windows-latest)	Run cargo test --all-features	2026-09-12T15:12:02.1123238Z test store::tests::priority_reservations::priority_is_bounded_neutral_immutable_and_hashed_per_batch_member ... ok
test (windows-latest)	Run cargo test --all-features	2026-09-12T15:12:02.4373267Z test store::tests::priority_reservations::blocked_and_impossible_high_priority_jobs_do_not_head_of_line_block ... ok
test (windows-latest)	Run cargo test --all-features	2026-09-12T15:12:03.4594892Z test store::tests::priority_reservations::reservation_deadline_survives_restart_expiry_yields_and_cancellation_cleans_up ... ok
test (windows-latest)	Run cargo test --all-features	2026-09-12T15:12:03.4635381Z test store::tests::priority_reservations::effective_priority_ages_monotonically_and_orders_by_original_acceptance ... ok
test (windows-latest)	Run cargo test --all-features	2026-09-12T15:12:03.4654214Z test store::tests::priority_reservations::reservations_are_full_vector_bounded_observable_and_protect_only_claimed_scalars ... ok
test (windows-latest)	Run cargo test --all-features	2026-09-12T15:12:04.4704649Z test store::tests::priority_reservations::retry_and_restart_preserve_acceptance_and_aging_history ... ok
test (windows-latest)	Run cargo test --all-features	2026-09-12T15:12:05.5051011Z test store::tests::priority_reservations::restart_capacity_shrink_keeps_only_the_scheduler_ordered_reservation_prefix ... ok
test (windows-latest)	Run cargo test --all-features	2026-09-12T15:12:05.5938628Z test store::tests::store_recovery::corrupt_or_empty_database_is_replaced_with_current_schema ... ok
test (windows-latest)	Run cargo test --all-features	2026-09-12T15:12:06.1409746Z test store::tests::priority_reservations::reservations_sum_to_capacity_and_non_scalar_changes_release_them ... ok
test (windows-latest)	Run cargo test --all-features	2026-09-12T15:12:06.3098730Z test store::tests::store_recovery::current_schema_reopens_without_changing_store_identity ... ok
test (windows-latest)	Run cargo test --all-features	2026-09-12T15:12:06.8122739Z test store::tests::store_recovery::corruption_discovered_during_recovery_resets_once ... ok
test (windows-latest)	Run cargo test --all-features	2026-09-12T15:12:07.0833575Z test store::tests::store_recovery::diagnostic_tail_io_failure_cannot_block_invocation_resolution ... ok
test (windows-latest)	Run cargo test --all-features	2026-09-12T15:12:07.5295547Z test store::tests::store_recovery::duplicate_key_returns_one_job ... ok
test (windows-latest)	Run cargo test --all-features	2026-09-12T15:12:08.0965984Z test store::tests::store_recovery::damaged_schema_and_identity_each_reset_the_whole_database ... ok
test (windows-latest)	Run cargo test --all-features	2026-09-12T15:12:08.0968523Z test store::tests::store_recovery::only_corruption_errors_authorize_destructive_reset ... ok
test (windows-latest)	Run cargo test --all-features	2026-09-12T15:12:08.2703852Z test store::tests::store_recovery::logs_publish_only_flushed_committed_prefix ... ok
test (windows-latest)	Run cargo test --all-features	2026-09-12T15:12:08.3919746Z test store::tests::store_recovery::foreign_store_id_rejects_even_if_entity_uuid_collides ... ok
test (windows-latest)	Run cargo test --all-features	2026-09-12T15:12:08.6688723Z test store::tests::store_recovery::recovery_never_creates_work_and_distinguishes_conflict ... ok
test (windows-latest)	Run cargo test --all-features	2026-09-12T15:12:08.8863807Z test store::tests::store_recovery::rejected_idempotency_decision_replays_as_rejected ... ok
test (windows-latest)	Run cargo test --all-features	2026-09-12T15:12:09.4253429Z test store::tests::store_recovery::restart_after_empty_proof_before_primary_result_is_fail_closed ... ok
test (windows-latest)	Run cargo test --all-features	2026-09-12T15:12:09.8519276Z test store::tests::store_recovery::restart_after_resolved_postcondition_releases_empty_attempt_lease ... ok
test (windows-latest)	Run cargo test --all-features	2026-09-12T15:12:09.8550823Z test store::tests::store_recovery::restart_before_root_retains_boundary_until_reconciled ... ok
test (windows-latest)	Run cargo test --all-features	2026-09-12T15:12:10.5204195Z test store::tests::store_recovery::restart_during_prepared_postcondition_retains_attempt_lease ... ok
test (windows-latest)	Run cargo test --all-features	2026-09-12T15:12:10.9602846Z test store::tests::store_recovery::restart_interrupts_active_job_without_requeueing_it ... ok
test (windows-latest)	Run cargo test --all-features	2026-09-12T15:12:10.9634353Z test store::tests::store_recovery::restart_never_uses_pid_only_root_disappearance_as_proof ... ok
test (windows-latest)	Run cargo test --all-features	2026-09-12T15:12:11.1886767Z test store::tests::store_recovery::same_key_different_payload_conflicts ... ok
test (windows-latest)	Run cargo test --all-features	2026-09-12T15:12:11.7867452Z test store::tests::store_recovery::startup_resumes_durable_received_submission ... ok
test (windows-latest)	Run cargo test --all-features	2026-09-12T15:12:11.9165905Z test store::tests::store_recovery::uncertain_settlement_retains_lease_and_is_terminal ... ok
test (windows-latest)	Run cargo test --all-features	2026-09-12T15:12:12.2485952Z test store::tests::store_recovery::schema_epoch_mismatch_resets_database_and_preserves_other_files ... ok
test (windows-latest)	Run cargo test --all-features	2026-09-12T15:12:12.8073875Z test store::tests::tree::depth_cut_before_a_connector_keeps_an_inclusive_child_continuation ... ok
test (windows-latest)	Run cargo test --all-features	2026-09-12T15:12:13.1153242Z test store::tests::tree::filtered_tree_retains_only_connecting_ancestors_and_selector_bound_expansion ... ok
test (windows-latest)	Run cargo test --all-features	2026-09-12T15:12:14.2013412Z test store::tests::tree::orphan_is_explicit_and_a_parent_cycle_fails_closed ... ok
test (windows-latest)	Run cargo test --all-features	2026-09-12T15:12:14.7627434Z test store::tests::tree::root_cursor_survives_logs_but_fails_closed_when_attention_order_changes ... ok
test (windows-latest)	Run cargo test --all-features	2026-09-12T15:12:15.5445893Z test store::tests::tree::encoded_budget_truncates_with_a_root_continuation_and_makes_progress ... ok
test (windows-latest)	Run cargo test --all-features	2026-09-12T15:12:15.9691767Z test store::tests::tree::schema_rejects_a_noncanonical_tree_order_trigger ... ok
test (windows-latest)	Run cargo test --all-features	2026-09-12T15:12:17.2267102Z test store::tests::tree::row_sixteen_thousand_three_hundred_eighty_five_fails_before_classification ... ok
test (windows-latest)	Run cargo test --all-features	2026-09-12T15:12:17.7497200Z test store::tests::tree::schema_requires_tree_query_indexes ... ok
test (windows-latest)	Run cargo test --all-features	2026-09-12T15:12:18.0828734Z test store::tests::tree::tree_depth_cursor_and_for_job_preserve_the_complete_ancestor_path ... ok
test (windows-latest)	Run cargo test --all-features	2026-09-12T15:12:18.2845264Z test store::tests::tree::tree_observation_includes_future_descendants_and_wrong_store_gap_snapshot ... ok
test (windows-latest)	Run cargo test --all-features	2026-09-12T15:12:18.3173590Z test store::tests::tree::managed_ancestry_accepts_sixty_four_jobs_and_rejects_the_sixty_fifth ... ok
test (windows-latest)	Run cargo test --all-features	2026-09-12T15:12:19.1058589Z test authority::tests::saturated_registry_still_journals_large_release_and_detects_missing_blob ... ok
test (windows-latest)	Run cargo test --all-features	2026-09-12T15:12:19.1059050Z 
test (windows-latest)	Run cargo test --all-features	2026-09-12T15:12:19.1059316Z test result: ok. 299 passed; 0 failed; 5 ignored; 0 measured; 0 filtered out; finished in 120.57s
test (windows-latest)	Run cargo test --all-features	2026-09-12T15:12:19.1060021Z 
test (windows-latest)	Run cargo test --all-features	2026-09-12T15:12:19.1129498Z ^[[1m^[[92m     Running^[[0m unittests src\main.rs (target\debug\deps\stillyard-4227530b64f8472d.exe)
test (windows-latest)	Run cargo test --all-features	2026-09-12T15:12:19.1284651Z 
test (windows-latest)	Run cargo test --all-features	2026-09-12T15:12:19.1284939Z running 35 tests
test (windows-latest)	Run cargo test --all-features	2026-09-12T15:12:19.1340434Z test tests::cli_and_tui_have_no_private_store_read_path ... ok
test (windows-latest)	Run cargo test --all-features	2026-09-12T15:12:19.1343401Z test tests::ensure_requires_an_explicit_endpoint ... ok
test (windows-latest)	Run cargo test --all-features	2026-09-12T15:12:19.1346772Z test tests::managed_execution_exit_namespace_keeps_success_scheduler_owned ... ok
test (windows-latest)	Run cargo test --all-features	2026-09-12T15:12:19.1348138Z test tests::context_cli_is_an_explicit_json_query ... ok
test (windows-latest)	Run cargo test --all-features	2026-09-12T15:12:19.1363309Z test tests::doctor_cli_exposes_json_paging_and_explicit_force ... ok
test (windows-latest)	Run cargo test --all-features	2026-09-12T15:12:19.1367182Z test tests::structured_rejections_have_the_rejection_exit_code ... ok
test (windows-latest)	Run cargo test --all-features	2026-09-12T15:12:19.1371492Z test tests::isolated_instance_coordinates_are_global_and_daemon_store_is_explicit ... ok
test (windows-latest)	Run cargo test --all-features	2026-09-12T15:12:19.1372415Z test tui::tests::civil_day_conversion_round_trips ... ok
test (windows-latest)	Run cargo test --all-features	2026-09-12T15:12:19.1376493Z test tui::tests::clock_renders_local_time_and_elides_todays_date ... ok
test (windows-latest)	Run cargo test --all-features	2026-09-12T15:12:19.1380393Z test tests::recover_wait_and_wait_passthrough_have_agent_sized_defaults ... ok
test (windows-latest)	Run cargo test --all-features	2026-09-12T15:12:19.1381249Z test tui::tests::claims_render_as_chips ... ok
test (windows-latest)	Run cargo test --all-features	2026-09-12T15:12:19.1381936Z test tui::tests::commands_split_into_executable_and_arguments ... ok
test (windows-latest)	Run cargo test --all-features	2026-09-12T15:12:19.1385657Z test tui::tests::completed_family_scroll_keeps_children_beside_selected_parent ... ok
test (windows-latest)	Run cargo test --all-features	2026-09-12T15:12:19.1386869Z test tui::tests::durations_and_sizes_use_operator_units ... ok
test (windows-latest)	Run cargo test --all-features	2026-09-12T15:12:19.1387946Z test tests::observation_cli_keeps_the_public_spellings ... ok
test (windows-latest)	Run cargo test --all-features	2026-09-12T15:12:19.1388786Z test tui::tests::edges_join_on_one_line_and_the_right_edge_yields_when_cramped ... ok
test (windows-latest)	Run cargo test --all-features	2026-09-12T15:12:19.1391509Z test tui::tests::queue_columns_shed_detail_on_narrow_terminals ... ok
test (windows-latest)	Run cargo test --all-features	2026-09-12T15:12:19.1419923Z test tui::tests::project_filter_cycles_through_known_projects_and_keeps_a_visible_selection ... ok
test (windows-latest)	Run cargo test --all-features	2026-09-12T15:12:19.1421434Z test tui::tests::queue_groups_running_then_queued_then_finished_newest_first ... ok
test (windows-latest)	Run cargo test --all-features	2026-09-12T15:12:19.1424106Z test tui::tests::retry_gap_reseats_the_log_window_behind_new_committed_output ... ok
test (windows-latest)	Run cargo test --all-features	2026-09-12T15:12:19.1427398Z test tui::tests::scrolling_clamps_to_content_and_follow_pins_logs_to_the_tail ... ok
test (windows-latest)	Run cargo test --all-features	2026-09-12T15:12:19.1434570Z test tui::tests::selection_walks_the_display_order_and_skips_group_rows ... ok
test (windows-latest)	Run cargo test --all-features	2026-09-12T15:12:19.1438525Z test tui::tests::states_map_to_glyphs_and_semantic_colours ... ok
test (windows-latest)	Run cargo test --all-features	2026-09-12T15:12:19.1443012Z test tui::tests::terminal_rendering_drops_ansi_and_marks_other_controls ... ok
test (windows-latest)	Run cargo test --all-features	2026-09-12T15:12:19.1447578Z test tui::tests::text_fits_columns_with_an_ellipsis ... ok
test (windows-latest)	Run cargo test --all-features	2026-09-12T15:12:19.1459232Z test tui::tests::tree_guides_close_last_siblings_and_carry_ancestor_rails ... ok
test (windows-latest)	Run cargo test --all-features	2026-09-12T15:12:19.1463607Z test tui::tests::wrapping_counts_lines_exactly_and_indents_continuations ... ok
test (windows-latest)	Run cargo test --all-features	2026-09-12T15:12:19.1491270Z test tui::tree::tests::all_branches_stay_expanded_and_explicit_collapse_has_outcome_summary ... ok
test (windows-latest)	Run cargo test --all-features	2026-09-12T15:12:19.1511342Z test tui::tree::tests::continuation_pages_are_linearized_depth_first ... ok
test (windows-latest)	Run cargo test --all-features	2026-09-12T15:12:19.1534849Z test tui::tree::tests::sibling_branch_continuations_keep_left_to_right_depth_first_priority ... ok
test (windows-latest)	Run cargo test --all-features	2026-09-12T15:12:19.1546178Z test tui::tree::tests::stale_root_cursor_discards_partial_tree_and_restarts_at_page_one ... ok
test (windows-latest)	Run cargo test --all-features	2026-09-12T15:12:19.1549946Z test tui::tree::tests::user_expansion_overrides_survive_refresh ... ok
test (windows-latest)	Run cargo test --all-features	2026-09-12T15:12:19.1564733Z test tui::tests::mouse_targets_panes_rows_gutter_and_log_tabs ... ok
test (windows-latest)	Run cargo test --all-features	2026-09-12T15:12:19.1636025Z test tui::tests::expanded_finished_family_is_visibly_a_tree ... ok
test (windows-latest)	Run cargo test --all-features	2026-09-12T15:12:19.2115914Z test tui::tests::screen_renders_groups_selection_detail_and_scrollbars_at_every_size ... ok
test (windows-latest)	Run cargo test --all-features	2026-09-12T15:12:19.2116663Z 
test (windows-latest)	Run cargo test --all-features	2026-09-12T15:12:19.2117131Z test result: ok. 35 passed; 0 failed; 0 ignored; 0 measured; 0 filtered out; finished in 0.08s
test (windows-latest)	Run cargo test --all-features	2026-09-12T15:12:19.2118107Z 
test (windows-latest)	Run cargo test --all-features	2026-09-12T15:12:19.2154723Z ^[[1m^[[92m     Running^[[0m tests\isolated_daemon.rs (target\debug\deps\isolated_daemon-7e1522689ce3df03.exe)
test (windows-latest)	Run cargo test --all-features	2026-09-12T15:12:19.2308293Z 
test (windows-latest)	Run cargo test --all-features	2026-09-12T15:12:19.2308682Z running 27 tests
test (windows-latest)	Run cargo test --all-features	2026-09-12T15:12:19.2560169Z 
test (windows-latest)	Run cargo test --all-features	2026-09-12T15:12:19.2561056Z running 1 test
test (windows-latest)	Run cargo test --all-features	2026-09-12T15:12:19.2573672Z test no_autostart_helper ... ok
test (windows-latest)	Run cargo test --all-features	2026-09-12T15:12:19.2574205Z 
test (windows-latest)	Run cargo test --all-features	2026-09-12T15:12:19.2574500Z test result: ok. 1 passed; 0 failed; 0 ignored; 0 measured; 26 filtered out; finished in 0.00s
test (windows-latest)	Run cargo test --all-features	2026-09-12T15:12:19.2574909Z 
test (windows-latest)	Run cargo test --all-features	2026-09-12T15:12:19.6170415Z 
test (windows-latest)	Run cargo test --all-features	2026-09-12T15:12:19.6171845Z running 1 test
test (windows-latest)	Run cargo test --all-features	2026-09-12T15:12:19.6181115Z test no_autostart_helper ... ok
test (windows-latest)	Run cargo test --all-features	2026-09-12T15:12:19.6181673Z 
test (windows-latest)	Run cargo test --all-features	2026-09-12T15:12:19.6182319Z test result: ok. 1 passed; 0 failed; 0 ignored; 0 measured; 26 filtered out; finished in 0.00s
test (windows-latest)	Run cargo test --all-features	2026-09-12T15:12:19.6183598Z 
test (windows-latest)	Run cargo test --all-features	2026-09-12T15:12:19.6215385Z test absent_custom_endpoints_never_auto_start ... ok
test (windows-latest)	Run cargo test --all-features	2026-09-12T15:12:20.9744047Z test daemon_instance_tuple_accepts_mixed_sources_and_rejects_singletons ... ok
test (windows-latest)	Run cargo test --all-features	2026-09-12T15:12:21.2243639Z test doctor_complete_crosses_transport_pages_and_restart_rejects_old_cursor ... ok
test (windows-latest)	Run cargo test --all-features	2026-09-12T15:12:21.9716942Z test ensure_concurrent_callers_converge_and_conflict_is_typed ... ok
test (windows-latest)	Run cargo test --all-features	2026-09-12T15:12:22.0029546Z test external_nvml_generation_change_never_releases_the_suspended_child ... FAILED
test (windows-latest)	Run cargo test --all-features	2026-09-12T15:12:22.0030934Z test isolated_client_helper ... ignored, launched as a scoped managed-environment client helper
test (windows-latest)	Run cargo test --all-features	2026-09-12T15:12:23.5317953Z test bootstrap_native_controller_rejects_unmanaged_unbounded_and_failed_spawn_before_arm ... ok
test (windows-latest)	Run cargo test --all-features	2026-09-12T15:12:24.8436592Z test authority_hold_rejects_active_work_and_managed_administration ... ok
test (windows-latest)	Run cargo test --all-features	2026-09-12T15:12:25.7621261Z test durable_authority_blocks_release_across_restart_database_reset_and_history_loss ... ok
test (windows-latest)	Run cargo test --all-features	2026-09-12T15:12:25.7622713Z test machine_cross_os_reset_retains_live_linux_executor_and_guest_history ... ignored, requires native system Job and prebuilt protected Linux executor subject
test (windows-latest)	Run cargo test --all-features	2026-09-12T15:12:27.6231436Z test machine_clearance::pending_pairing_can_be_abandoned_without_inventing_cleanup ... ok
test (windows-latest)	Run cargo test --all-features	2026-09-12T15:12:30.6048432Z test machine_manager::durable_manager_outbox_recovers_lost_arm_and_release_without_a_second_start ... ok
test (windows-latest)	Run cargo test --all-features	2026-09-12T15:12:32.3773615Z test machine_manager::durable_manager_recovers_retired_ticket_reply_and_rotated_coordinator_authority ... ok
test (windows-latest)	Run cargo test --all-features	2026-09-12T15:12:37.6506202Z test machine_clearance::owner_retirement_fences_lost_manager_and_recovers_every_durable_boundary ... ok
test (windows-latest)	Run cargo test --all-features	2026-09-12T15:12:37.6507310Z test no_autostart_helper ... ignored, launched as an absent-custom-endpoint client helper
test (windows-latest)	Run cargo test --all-features	2026-09-12T15:12:39.1657394Z test path_condition_freshness_wakes_scheduler_and_rescans_without_manual_signal ... ok
test (windows-latest)	Run cargo test --all-features	2026-09-12T15:12:39.4887133Z test persistent_machine_bridge_correlates_frames_and_disconnect_preserves_authority ... ok
test (windows-latest)	Run cargo test --all-features	2026-09-12T15:12:42.2444451Z 
test (windows-latest)	Run cargo test --all-features	2026-09-12T15:12:42.2445026Z running 1 test
test (windows-latest)	Run cargo test --all-features	2026-09-12T15:12:42.2655797Z test isolated_client_helper ... ok
test (windows-latest)	Run cargo test --all-features	2026-09-12T15:12:42.2656270Z 
test (windows-latest)	Run cargo test --all-features	2026-09-12T15:12:42.2656707Z test result: ok. 1 passed; 0 failed; 0 ignored; 0 measured; 26 filtered out; finished in 0.02s
test (windows-latest)	Run cargo test --all-features	2026-09-12T15:12:42.2657279Z 
test (windows-latest)	Run cargo test --all-features	2026-09-12T15:12:42.3401568Z test pinned_isolated_daemons_coexist_and_own_both_coordinates ... ok
test (windows-latest)	Run cargo test --all-features	2026-09-12T15:12:42.8718667Z test probe_condition_runs_in_its_own_invocation_before_primary_release ... ok
test (windows-latest)	Run cargo test --all-features	2026-09-12T15:12:45.2801170Z test timed_out_probe_is_observable_and_condition_deadline_prevents_primary_release ... ok
test (windows-latest)	Run cargo test --all-features	2026-09-12T15:12:46.3037971Z test typed_wait_and_cli_keep_terminal_root_exit_25_distinct_from_pending ... ok
test (windows-latest)	Run cargo test --all-features	2026-09-12T15:12:46.3039257Z test wsl_bootstrap_installer_refuses_busy_work_and_preserves_queue_and_authority ... ignored, native Windows installer acceptance inside a system Job
test (windows-latest)	Run cargo test --all-features	2026-09-12T15:12:46.3040869Z test wsl_bootstrap_nested_delegation_cannot_escape_the_outer_cleanup ... ignored, requires explicit WSL distribution/user and must be scheduled by the system daemon
test (windows-latest)	Run cargo test --all-features	2026-09-12T15:12:46.3043284Z test wsl_bootstrap_public_path_preserves_outputs_exit_timeout_and_bridge_loss_obligation ... ignored, requires explicit WSL distribution/user and must be scheduled by the system daemon
test (windows-latest)	Run cargo test --all-features	2026-09-12T15:12:47.7465625Z test machine_probe_ticket_cannot_borrow_work_or_postcondition_authority ... ok
test (windows-latest)	Run cargo test --all-features	2026-09-12T15:13:02.0811043Z test machine_pairing_reconnect_fences_challenge_replay_and_store_reset ... ok
test (windows-latest)	Run cargo test --all-features	2026-09-12T15:13:22.0043502Z test machine_arm_release_crash_boundaries_recover_without_freeing_live_rights has been running for over 60 seconds
test (windows-latest)	Run cargo test --all-features	2026-09-12T15:13:24.7906041Z test machine_arm_release_crash_boundaries_recover_without_freeing_live_rights ... ok
test (windows-latest)	Run cargo test --all-features	2026-09-12T15:13:24.7906540Z 
test (windows-latest)	Run cargo test --all-features	2026-09-12T15:13:24.7906670Z failures:
test (windows-latest)	Run cargo test --all-features	2026-09-12T15:13:24.7906957Z 
test (windows-latest)	Run cargo test --all-features	2026-09-12T15:13:24.7907254Z ---- external_nvml_generation_change_never_releases_the_suspended_child stdout ----
test (windows-latest)	Run cargo test --all-features	2026-09-12T15:13:24.7907605Z 
test (windows-latest)	Run cargo test --all-features	2026-09-12T15:13:24.7908066Z thread 'external_nvml_generation_change_never_releases_the_suspended_child' (6088) panicked at tests\isolated_daemon.rs:195:10:
test (windows-latest)	Run cargo test --all-features	2026-09-12T15:13:24.7908902Z called `Result::unwrap()` on an `Err` value: Error { kind: NotFound, message: "program not found" }
test (windows-latest)	Run cargo test --all-features	2026-09-12T15:13:24.7909520Z note: run with `RUST_BACKTRACE=1` environment variable to display a backtrace
test (windows-latest)	Run cargo test --all-features	2026-09-12T15:13:24.7910167Z 
test (windows-latest)	Run cargo test --all-features	2026-09-12T15:13:24.7910171Z 
test (windows-latest)	Run cargo test --all-features	2026-09-12T15:13:24.7910268Z failures:
test (windows-latest)	Run cargo test --all-features	2026-09-12T15:13:24.7910625Z     external_nvml_generation_change_never_releases_the_suspended_child
test (windows-latest)	Run cargo test --all-features	2026-09-12T15:13:24.7910965Z 
test (windows-latest)	Run cargo test --all-features	2026-09-12T15:13:24.7911267Z test result: FAILED. 20 passed; 1 failed; 6 ignored; 0 measured; 0 filtered out; finished in 65.56s
test (windows-latest)	Run cargo test --all-features	2026-09-12T15:13:24.7911624Z 
test (windows-latest)	Run cargo test --all-features	2026-09-12T15:13:24.7951121Z ^[[1m^[[91merror^[[0m: test failed, to rerun pass `--test isolated_daemon`
test (windows-latest)	Run cargo test --all-features	2026-09-12T15:13:24.9114183Z ##[error]Process completed with exit code 1.
