test (windows-latest)	Run cargo test --all-features	﻿2026-09-12T14:50:33.1801034Z ##[group]Run cargo test --all-features
test (windows-latest)	Run cargo test --all-features	2026-09-12T14:50:33.1801446Z ^[[36;1mcargo test --all-features^[[0m
test (windows-latest)	Run cargo test --all-features	2026-09-12T14:50:33.1875220Z shell: C:\Program Files\PowerShell\7\pwsh.EXE -command ". '{0}'"
test (windows-latest)	Run cargo test --all-features	2026-09-12T14:50:33.1875571Z env:
test (windows-latest)	Run cargo test --all-features	2026-09-12T14:50:33.1875761Z   CARGO_HOME: C:\Users\runneradmin\.cargo
test (windows-latest)	Run cargo test --all-features	2026-09-12T14:50:33.1876036Z   CARGO_INCREMENTAL: 0
test (windows-latest)	Run cargo test --all-features	2026-09-12T14:50:33.1876247Z   CARGO_TERM_COLOR: always
test (windows-latest)	Run cargo test --all-features	2026-09-12T14:50:33.1876463Z ##[endgroup]
test (windows-latest)	Run cargo test --all-features	2026-09-12T14:50:33.7290305Z ^[[1m^[[92m   Compiling^[[0m windows-link v0.2.1
test (windows-latest)	Run cargo test --all-features	2026-09-12T14:50:33.7291800Z ^[[1m^[[92m   Compiling^[[0m cfg-if v1.0.4
test (windows-latest)	Run cargo test --all-features	2026-09-12T14:50:33.7299749Z ^[[1m^[[92m   Compiling^[[0m strsim v0.11.1
test (windows-latest)	Run cargo test --all-features	2026-09-12T14:50:33.7305124Z ^[[1m^[[92m   Compiling^[[0m typenum v1.20.1
test (windows-latest)	Run cargo test --all-features	2026-09-12T14:50:33.8277731Z ^[[1m^[[92m   Compiling^[[0m windows-sys v0.61.2
test (windows-latest)	Run cargo test --all-features	2026-09-12T14:50:33.8285214Z ^[[1m^[[92m   Compiling^[[0m smallvec v1.15.2
test (windows-latest)	Run cargo test --all-features	2026-09-12T14:50:34.0968491Z ^[[1m^[[92m   Compiling^[[0m foldhash v0.1.5
test (windows-latest)	Run cargo test --all-features	2026-09-12T14:50:34.3387907Z ^[[1m^[[92m   Compiling^[[0m equivalent v1.0.2
test (windows-latest)	Run cargo test --all-features	2026-09-12T14:50:34.4063258Z ^[[1m^[[92m   Compiling^[[0m allocator-api2 v0.2.21
test (windows-latest)	Run cargo test --all-features	2026-09-12T14:50:34.4912604Z ^[[1m^[[92m   Compiling^[[0m darling_core v0.20.11
test (windows-latest)	Run cargo test --all-features	2026-09-12T14:50:34.8695538Z ^[[1m^[[92m   Compiling^[[0m generic-array v0.14.7
test (windows-latest)	Run cargo test --all-features	2026-09-12T14:50:34.9099137Z ^[[1m^[[92m   Compiling^[[0m hashbrown v0.15.5
test (windows-latest)	Run cargo test --all-features	2026-09-12T14:50:35.7354997Z ^[[1m^[[92m   Compiling^[[0m serde_core v1.0.229
test (windows-latest)	Run cargo test --all-features	2026-09-12T14:50:35.7844851Z ^[[1m^[[92m   Compiling^[[0m winapi v0.3.9
test (windows-latest)	Run cargo test --all-features	2026-09-12T14:50:38.9294238Z ^[[1m^[[92m   Compiling^[[0m anstyle v1.0.14
test (windows-latest)	Run cargo test --all-features	2026-09-12T14:50:38.9991776Z ^[[1m^[[92m   Compiling^[[0m once_cell_polyfill v1.70.2
test (windows-latest)	Run cargo test --all-features	2026-09-12T14:50:39.0975725Z ^[[1m^[[92m   Compiling^[[0m scopeguard v1.2.0
test (windows-latest)	Run cargo test --all-features	2026-09-12T14:50:39.1843008Z ^[[1m^[[92m   Compiling^[[0m utf8parse v0.2.2
test (windows-latest)	Run cargo test --all-features	2026-09-12T14:50:39.2301031Z ^[[1m^[[92m   Compiling^[[0m itoa v1.0.18
test (windows-latest)	Run cargo test --all-features	2026-09-12T14:50:39.2803794Z ^[[1m^[[92m   Compiling^[[0m anstyle-parse v1.0.0
test (windows-latest)	Run cargo test --all-features	2026-09-12T14:50:39.4224587Z ^[[1m^[[92m   Compiling^[[0m lock_api v0.4.14
test (windows-latest)	Run cargo test --all-features	2026-09-12T14:50:39.4821259Z ^[[1m^[[92m   Compiling^[[0m darling_macro v0.20.11
test (windows-latest)	Run cargo test --all-features	2026-09-12T14:50:39.5055951Z ^[[1m^[[92m   Compiling^[[0m block-buffer v0.10.4
test (windows-latest)	Run cargo test --all-features	2026-09-12T14:50:39.6465425Z ^[[1m^[[92m   Compiling^[[0m crypto-common v0.1.7
test (windows-latest)	Run cargo test --all-features	2026-09-12T14:50:39.7589567Z ^[[1m^[[92m   Compiling^[[0m parking_lot_core v0.9.12
test (windows-latest)	Run cargo test --all-features	2026-09-12T14:50:39.7600955Z ^[[1m^[[92m   Compiling^[[0m getrandom v0.4.3
test (windows-latest)	Run cargo test --all-features	2026-09-12T14:50:39.9525273Z ^[[1m^[[92m   Compiling^[[0m is_terminal_polyfill v1.70.2
test (windows-latest)	Run cargo test --all-features	2026-09-12T14:50:39.9843831Z ^[[1m^[[92m   Compiling^[[0m colorchoice v1.0.5
test (windows-latest)	Run cargo test --all-features	2026-09-12T14:50:40.0327929Z ^[[1m^[[92m   Compiling^[[0m bitflags v2.13.1
test (windows-latest)	Run cargo test --all-features	2026-09-12T14:50:40.0904841Z ^[[1m^[[92m   Compiling^[[0m subtle v2.6.1
test (windows-latest)	Run cargo test --all-features	2026-09-12T14:50:40.2692479Z ^[[1m^[[92m   Compiling^[[0m either v1.18.0
test (windows-latest)	Run cargo test --all-features	2026-09-12T14:50:40.2754199Z ^[[1m^[[92m   Compiling^[[0m digest v0.10.7
test (windows-latest)	Run cargo test --all-features	2026-09-12T14:50:40.3641836Z ^[[1m^[[92m   Compiling^[[0m parking_lot v0.12.5
test (windows-latest)	Run cargo test --all-features	2026-09-12T14:50:40.5447602Z ^[[1m^[[92m   Compiling^[[0m itertools v0.13.0
test (windows-latest)	Run cargo test --all-features	2026-09-12T14:50:40.5568270Z ^[[1m^[[92m   Compiling^[[0m darling v0.20.11
test (windows-latest)	Run cargo test --all-features	2026-09-12T14:50:40.6306004Z ^[[1m^[[92m   Compiling^[[0m zmij v1.0.23
test (windows-latest)	Run cargo test --all-features	2026-09-12T14:50:41.1204936Z ^[[1m^[[92m   Compiling^[[0m crossterm_winapi v0.9.1
test (windows-latest)	Run cargo test --all-features	2026-09-12T14:50:41.2517795Z ^[[1m^[[92m   Compiling^[[0m castaway v0.2.4
test (windows-latest)	Run cargo test --all-features	2026-09-12T14:50:41.3834758Z ^[[1m^[[92m   Compiling^[[0m unicode-width v0.1.14
test (windows-latest)	Run cargo test --all-features	2026-09-12T14:50:41.6601994Z ^[[1m^[[92m   Compiling^[[0m unicode-segmentation v1.13.3
test (windows-latest)	Run cargo test --all-features	2026-09-12T14:50:41.6958735Z ^[[1m^[[92m   Compiling^[[0m option-ext v0.2.0
test (windows-latest)	Run cargo test --all-features	2026-09-12T14:50:41.7740838Z ^[[1m^[[92m   Compiling^[[0m static_assertions v1.1.0
test (windows-latest)	Run cargo test --all-features	2026-09-12T14:50:41.8381821Z ^[[1m^[[92m   Compiling^[[0m clap_lex v1.1.0
test (windows-latest)	Run cargo test --all-features	2026-09-12T14:50:42.2192753Z ^[[1m^[[92m   Compiling^[[0m anstyle-query v1.1.5
test (windows-latest)	Run cargo test --all-features	2026-09-12T14:50:42.3577933Z ^[[1m^[[92m   Compiling^[[0m anstyle-wincon v3.0.11
test (windows-latest)	Run cargo test --all-features	2026-09-12T14:50:42.4018178Z ^[[1m^[[92m   Compiling^[[0m memchr v2.8.3
test (windows-latest)	Run cargo test --all-features	2026-09-12T14:50:42.7305292Z ^[[1m^[[92m   Compiling^[[0m anstream v1.0.0
test (windows-latest)	Run cargo test --all-features	2026-09-12T14:50:42.7370717Z ^[[1m^[[92m   Compiling^[[0m ryu v1.0.23
test (windows-latest)	Run cargo test --all-features	2026-09-12T14:50:43.0163448Z ^[[1m^[[92m   Compiling^[[0m compact_str v0.8.2
test (windows-latest)	Run cargo test --all-features	2026-09-12T14:50:43.3188283Z ^[[1m^[[92m   Compiling^[[0m serde_json v1.0.151
test (windows-latest)	Run cargo test --all-features	2026-09-12T14:50:43.6253185Z ^[[1m^[[92m   Compiling^[[0m clap_builder v4.6.6
test (windows-latest)	Run cargo test --all-features	2026-09-12T14:50:43.8351803Z ^[[1m^[[92m   Compiling^[[0m unicode-truncate v1.1.0
test (windows-latest)	Run cargo test --all-features	2026-09-12T14:50:43.9880953Z ^[[1m^[[92m   Compiling^[[0m dirs-sys v0.5.0
test (windows-latest)	Run cargo test --all-features	2026-09-12T14:50:44.1302394Z ^[[1m^[[92m   Compiling^[[0m instability v0.3.10
test (windows-latest)	Run cargo test --all-features	2026-09-12T14:50:44.1585439Z ^[[1m^[[92m   Compiling^[[0m crossterm v0.28.1
test (windows-latest)	Run cargo test --all-features	2026-09-12T14:50:45.0251248Z ^[[1m^[[92m   Compiling^[[0m serde v1.0.229
test (windows-latest)	Run cargo test --all-features	2026-09-12T14:50:45.7615342Z ^[[1m^[[92m   Compiling^[[0m ref-cast v1.0.27
test (windows-latest)	Run cargo test --all-features	2026-09-12T14:50:45.8515992Z ^[[1m^[[92m   Compiling^[[0m strum v0.26.3
test (windows-latest)	Run cargo test --all-features	2026-09-12T14:50:45.9645346Z ^[[1m^[[92m   Compiling^[[0m libsqlite3-sys v0.35.0
test (windows-latest)	Run cargo test --all-features	2026-09-12T14:50:46.0028588Z ^[[1m^[[92m   Compiling^[[0m uuid v1.26.0
test (windows-latest)	Run cargo test --all-features	2026-09-12T14:50:46.2987642Z ^[[1m^[[92m   Compiling^[[0m lru v0.12.5
test (windows-latest)	Run cargo test --all-features	2026-09-12T14:50:46.3101677Z ^[[1m^[[92m   Compiling^[[0m hashlink v0.10.0
test (windows-latest)	Run cargo test --all-features	2026-09-12T14:50:46.4901338Z ^[[1m^[[92m   Compiling^[[0m dyn-clone v1.0.20
test (windows-latest)	Run cargo test --all-features	2026-09-12T14:50:46.6376827Z ^[[1m^[[92m   Compiling^[[0m fallible-streaming-iterator v0.1.9
test (windows-latest)	Run cargo test --all-features	2026-09-12T14:50:46.7252202Z ^[[1m^[[92m   Compiling^[[0m cassowary v0.3.0
test (windows-latest)	Run cargo test --all-features	2026-09-12T14:50:46.7997759Z ^[[1m^[[92m   Compiling^[[0m unicode-width v0.2.0
test (windows-latest)	Run cargo test --all-features	2026-09-12T14:50:46.8850336Z ^[[1m^[[92m   Compiling^[[0m fallible-iterator v0.3.0
test (windows-latest)	Run cargo test --all-features	2026-09-12T14:50:47.1617543Z ^[[1m^[[92m   Compiling^[[0m cpufeatures v0.2.17
test (windows-latest)	Run cargo test --all-features	2026-09-12T14:50:47.2210055Z ^[[1m^[[92m   Compiling^[[0m sha2 v0.10.9
test (windows-latest)	Run cargo test --all-features	2026-09-12T14:50:47.3554651Z ^[[1m^[[92m   Compiling^[[0m rusqlite v0.37.0
test (windows-latest)	Run cargo test --all-features	2026-09-12T14:50:47.8913435Z ^[[1m^[[92m   Compiling^[[0m ratatui v0.29.0
test (windows-latest)	Run cargo test --all-features	2026-09-12T14:50:47.9158815Z ^[[1m^[[92m   Compiling^[[0m schemars v1.2.2
test (windows-latest)	Run cargo test --all-features	2026-09-12T14:50:50.2408974Z ^[[1m^[[92m   Compiling^[[0m clap v4.6.6
test (windows-latest)	Run cargo test --all-features	2026-09-12T14:50:50.3239495Z ^[[1m^[[92m   Compiling^[[0m thiserror v2.0.20
test (windows-latest)	Run cargo test --all-features	2026-09-12T14:50:50.4175596Z ^[[1m^[[92m   Compiling^[[0m directories v6.0.0
test (windows-latest)	Run cargo test --all-features	2026-09-12T14:50:50.6512074Z ^[[1m^[[92m   Compiling^[[0m hmac v0.12.1
test (windows-latest)	Run cargo test --all-features	2026-09-12T14:50:50.8101977Z ^[[1m^[[92m   Compiling^[[0m fs2 v0.4.3
test (windows-latest)	Run cargo test --all-features	2026-09-12T14:50:51.0922237Z ^[[1m^[[92m   Compiling^[[0m libloading v0.8.9
test (windows-latest)	Run cargo test --all-features	2026-09-12T14:50:51.4257786Z ^[[1m^[[92m   Compiling^[[0m fastrand v2.5.0
test (windows-latest)	Run cargo test --all-features	2026-09-12T14:50:51.6561591Z ^[[1m^[[92m   Compiling^[[0m once_cell v1.21.4
test (windows-latest)	Run cargo test --all-features	2026-09-12T14:50:51.7351237Z ^[[1m^[[92m   Compiling^[[0m stillyard v0.1.0-alpha.20 (D:\a\stillyard\stillyard)
test (windows-latest)	Run cargo test --all-features	2026-09-12T14:50:51.9247888Z ^[[1m^[[92m   Compiling^[[0m tempfile v3.27.0
test (windows-latest)	Run cargo test --all-features	2026-09-12T14:51:54.4548108Z ^[[1m^[[92m    Finished^[[0m `test` profile [unoptimized + debuginfo] target(s) in 1m 20s
test (windows-latest)	Run cargo test --all-features	2026-09-12T14:51:54.4649784Z ^[[1m^[[92m     Running^[[0m unittests src\lib.rs (target\debug\deps\stillyard-7ae8bffc447c6658.exe)
test (windows-latest)	Run cargo test --all-features	2026-09-12T14:51:54.4820315Z 
test (windows-latest)	Run cargo test --all-features	2026-09-12T14:51:54.4821386Z running 303 tests
test (windows-latest)	Run cargo test --all-features	2026-09-12T14:51:54.4873060Z test admission::scoped::tests::missing_budget_is_not_zero_and_cycles_never_expand ... ok
test (windows-latest)	Run cargo test --all-features	2026-09-12T14:51:54.4874305Z test admission::scoped::tests::aliases_share_physical_capacity_but_fences_are_domain_local ... ok
test (windows-latest)	Run cargo test --all-features	2026-09-12T14:51:54.4875644Z test admission::scoped::tests::hierarchy_counts_each_constraint_once_and_rejects_full_vector ... ok
test (windows-latest)	Run cargo test --all-features	2026-09-12T14:51:54.4878635Z test admission::scoped::tests::scoped_reservations_convert_whole_vectors_and_accounting_rejects_overflow ... ok
test (windows-latest)	Run cargo test --all-features	2026-09-12T14:51:54.4880926Z test api::tests::cursors_have_stable_cli_round_trips ... ok
test (windows-latest)	Run cargo test --all-features	2026-09-12T14:51:54.4882322Z test api::tests::incident_cursor_is_store_scoped_and_stable ... ok
test (windows-latest)	Run cargo test --all-features	2026-09-12T14:51:54.4885486Z test api::tests::managed_execution_value_constructors_use_safe_defaults ... ok
test (windows-latest)	Run cargo test --all-features	2026-09-12T14:51:54.4888051Z test api::tests::linux_process_identity_is_typed_and_requires_complete_kernel_evidence ... ok
test (windows-latest)	Run cargo test --all-features	2026-09-12T14:51:54.4889257Z test api::tests::scheduler_events_accept_additive_wire_evolution ... ok
test (windows-latest)	Run cargo test --all-features	2026-09-12T14:51:54.4890279Z test api::tests::unknown_safety_values_round_trip_without_authority ... ok
test (windows-latest)	Run cargo test --all-features	2026-09-12T14:51:54.6584022Z test authority::tests::legacy_hold_inventory_reports_missing_cleanup_reservation_before_release ... ok
test (windows-latest)	Run cargo test --all-features	2026-09-12T14:51:54.6883197Z test authority::tests::exact_replay_never_rearms_a_retired_hold_and_conflict_rejects ... ok
test (windows-latest)	Run cargo test --all-features	2026-09-12T14:51:54.7678187Z test authority::tests::missing_and_lost_history_never_implies_free_capacity ... ok
test (windows-latest)	Run cargo test --all-features	2026-09-12T14:51:54.7932074Z test authority::retirement::tests::missing_or_changed_pending_retirement_audit_keeps_authority_closed ... ok
test (windows-latest)	Run cargo test --all-features	2026-09-12T14:51:54.8590669Z test authority::tests::syntactically_valid_corruption_and_failed_publication_close_admission ... ok
test (windows-latest)	Run cargo test --all-features	2026-09-12T14:51:54.9250730Z test authority::topology_tests::continuous_legacy_registry_gets_stable_domains_without_releasing_obligations ... ok
test (windows-latest)	Run cargo test --all-features	2026-09-12T14:51:54.9490268Z test authority::topology_tests::missing_database_uuid_cannot_rebind_continuous_authority_as_empty ... ok
test (windows-latest)	Run cargo test --all-features	2026-09-12T14:51:55.0097717Z test authority::topology_tests::reset_gate_survives_both_crash_sides_and_preserves_predecessor_identity ... ok
test (windows-latest)	Run cargo test --all-features	2026-09-12T14:51:55.0290704Z test client::tests::accepted_batch_refresh_pins_the_complete_member_identity ... ok
test (windows-latest)	Run cargo test --all-features	2026-09-12T14:51:55.0393704Z test client::tests::accepted_refresh_uses_stable_identity_and_keeps_the_durable_receipt ... ok
test (windows-latest)	Run cargo test --all-features	2026-09-12T14:51:55.0396833Z test client::tests::doctor_complete_distinguishes_deadline_and_cancellation_before_connecting ... ok
test (windows-latest)	Run cargo test --all-features	2026-09-12T14:51:55.0780619Z test client::tests::ensure_result_file_claim_is_atomic_and_reports_payload_conflict_without_overwrite ... ok
test (windows-latest)	Run cargo test --all-features	2026-09-12T14:51:55.0924776Z 
test (windows-latest)	Run cargo test --all-features	2026-09-12T14:51:55.0925295Z running 1 test
test (windows-latest)	Run cargo test --all-features	2026-09-12T14:51:55.1296869Z test client::tests::ensure_result_file_lock_obeys_the_client_deadline ... ok
test (windows-latest)	Run cargo test --all-features	2026-09-12T14:51:55.1345831Z test client::tests::ensure_unknown_is_a_typed_fail_closed_outcome_without_transport_replay ... ok
test (windows-latest)	Run cargo test --all-features	2026-09-12T14:51:55.1349036Z test client::tests::every_result_file_identity_discriminant_blocks_replay ... ok
test (windows-latest)	Run cargo test --all-features	2026-09-12T14:51:55.1351496Z test client::tests::explicit_and_inherited_client_endpoints_are_connect_only ... ok
test (windows-latest)	Run cargo test --all-features	2026-09-12T14:51:55.1354996Z test client::tests::explicit_windows_endpoints_are_local_single_component_pipe_names ... ok
test (windows-latest)	Run cargo test --all-features	2026-09-12T14:51:55.1357635Z test client::tests::incomplete_managed_environment_fails_even_for_another_endpoint ... ok
test (windows-latest)	Run cargo test --all-features	2026-09-12T14:51:55.1360657Z test client::tests::interrupted_passthrough_stops_at_a_quiescent_unclaimed_prefix ... ok
test (windows-latest)	Run cargo test --all-features	2026-09-12T14:51:55.1363791Z test client::tests::managed_coordinates_are_scoped_to_the_inherited_endpoint ... ok
test (windows-latest)	Run cargo test --all-features	2026-09-12T14:51:55.4669251Z test client::tests::only_exact_managed_not_received_receipt_authorizes_result_file_reuse ... ok
test (windows-latest)	Run cargo test --all-features	2026-09-12T14:51:55.4679461Z test client::tests::recover_missing_result_file_does_not_create_it ... ok
test (windows-latest)	Run cargo test --all-features	2026-09-12T14:51:55.4852571Z test client::tests::recovery_accepts_a_case_variant_of_the_same_windows_endpoint ... ok
test (windows-latest)	Run cargo test --all-features	2026-09-12T14:51:55.5054806Z test client::tests::recovery_rejects_a_foreign_endpoint_without_touching_the_receipt ... ok
test (windows-latest)	Run cargo test --all-features	2026-09-12T14:51:55.5058335Z test client::tests::response_errors_preserve_known_wire_rejections ... ok
test (windows-latest)	Run cargo test --all-features	2026-09-12T14:51:55.5812242Z test client::tests::result_file_fresh_create_is_atomic_and_never_overwrites ... ok
test (windows-latest)	Run cargo test --all-features	2026-09-12T14:51:55.5813696Z test client::tests::result_file_lock_holder_helper ... ignored, launched as a cross-process result-file lock holder
test (windows-latest)	Run cargo test --all-features	2026-09-12T14:51:55.6559087Z test client::tests::stale_recovery_cannot_overwrite_a_concurrent_accepted_receipt ... ok
test (windows-latest)	Run cargo test --all-features	2026-09-12T14:51:55.6771968Z test client::tests::unknown_recovery_preserves_the_last_durable_receipt ... ok
test (windows-latest)	Run cargo test --all-features	2026-09-12T14:51:55.6806217Z test client::tests::unmanaged_client_selects_the_public_default_endpoint ... ok
test (windows-latest)	Run cargo test --all-features	2026-09-12T14:51:55.6809884Z test client::tests::wait_aggregate_uses_the_worst_terminal_outcome ... ok
test (windows-latest)	Run cargo test --all-features	2026-09-12T14:51:55.6813179Z test daemon::tests::boot_change_is_proof_only_for_a_prior_generation ... ok
test (windows-latest)	Run cargo test --all-features	2026-09-12T14:51:56.2531718Z test daemon::tests::commit_at_wait_boundary_wakes_from_durable_event ... ok
test (windows-latest)	Run cargo test --all-features	2026-09-12T14:51:56.2546383Z test daemon::tests::endpoint_lease_is_exclusive_and_released_with_its_handle ... ok
test (windows-latest)	Run cargo test --all-features	2026-09-12T14:51:56.2549240Z test daemon::tests::explicit_instance_tuple_accepts_only_both_coordinates_or_neither ... ok
test (windows-latest)	Run cargo test --all-features	2026-09-12T14:51:56.2554201Z test daemon::tests::first_pipe_instance_is_exclusive_and_released_with_its_handle ... ok
test (windows-latest)	Run cargo test --all-features	2026-09-12T14:51:56.2558270Z test daemon::tests::force_authorization_fails_closed_for_roots_and_missing_handles ... ok
test (windows-latest)	Run cargo test --all-features	2026-09-12T14:51:56.2560868Z test daemon::tests::missing_handle_never_downgrades_a_possible_managed_peer_to_unmanaged ... ok
test (windows-latest)	Run cargo test --all-features	2026-09-12T14:51:56.2563764Z test daemon::tests::nested_membership_selects_the_unique_immediate_containment ... ok
test (windows-latest)	Run cargo test --all-features	2026-09-12T14:51:56.2566272Z test daemon::tests::peer_inside_disabled_primary_is_authenticated_not_downgraded_to_unmanaged ... ok
test (windows-latest)	Run cargo test --all-features	2026-09-12T14:51:56.2568846Z test daemon::tests::peer_inside_root_exited_or_uncertain_containment_is_rejected ... ok
test (windows-latest)	Run cargo test --all-features	2026-09-12T14:51:56.2571803Z test daemon::tests::peer_membership_derives_one_enabled_parent_and_rejects_ambiguity ... ok
test (windows-latest)	Run cargo test --all-features	2026-09-12T14:51:56.2576049Z test daemon::tests::prior_generation_requires_absent_daemon_and_exact_root_evidence ... ok
test (windows-latest)	Run cargo test --all-features	2026-09-12T14:51:56.2849186Z test client::tests::busy_native_pipe_waits_once_until_deadline_without_polling ... ok
test (windows-latest)	Run cargo test --all-features	2026-09-12T14:51:56.4179000Z test daemon::tests::singleton_lock_is_acquired_before_destructive_store_open ... ok
test (windows-latest)	Run cargo test --all-features	2026-09-12T14:51:56.4182009Z test filesystem::tests::only_fixed_ntfs_is_accepted ... ok
test (windows-latest)	Run cargo test --all-features	2026-09-12T14:51:56.4188012Z test host_observation::policy::tests::debrix_process_patterns_are_case_insensitive_and_wildcard_aware ... ok
test (windows-latest)	Run cargo test --all-features	2026-09-12T14:51:56.4191491Z test host_observation::policy::tests::stale_memory_and_blocked_process_fail_closed ... ok
test (windows-latest)	Run cargo test --all-features	2026-09-12T14:51:56.4195591Z test host_observation::policy::tests::standalone_observed_thresholds_block_without_creating_quiet_policy ... ok
test (windows-latest)	Run cargo test --all-features	2026-09-12T14:51:56.4199386Z test host_observation::policy::tests::strict_admission_uses_commit_vram_margins_and_ignores_shell_processes ... ok
test (windows-latest)	Run cargo test --all-features	2026-09-12T14:51:56.4202999Z test host_observation::policy::tests::unavailable_quiet_detector_is_not_treated_as_a_clean_sample ... ok
test (windows-latest)	Run cargo test --all-features	2026-09-12T14:51:56.4206831Z test host_observation::policy::tests::unresolved_nvml_compute_process_fails_closed_but_shell_processes_do_not ... ok
test (windows-latest)	Run cargo test --all-features	2026-09-12T14:51:56.4209426Z test host_observation::service::tests::cadence_and_suspend_discontinuities_change_generation ... ok
test (windows-latest)	Run cargo test --all-features	2026-09-12T14:51:56.4266922Z test host_observation::service::tests::doctor_coverage_names_every_strict_provider_with_fresh_provenance ... ok
test (windows-latest)	Run cargo test --all-features	2026-09-12T14:51:56.4270022Z test host_observation::service::tests::doctor_fails_closed_only_when_unavailable_coverage_is_required ... ok
test (windows-latest)	Run cargo test --all-features	2026-09-12T14:51:56.4273767Z test host_observation::service::tests::doctor_gpu_coverage_requires_the_exact_configured_device ... ok
test (windows-latest)	Run cargo test --all-features	2026-09-12T14:51:56.4278694Z test host_observation::windows_disk::tests::first_disk_delta_is_warming_up_or_honestly_unavailable ... ok
test (windows-latest)	Run cargo test --all-features	2026-09-12T14:51:56.4280950Z test host_observation::windows_memory::tests::live_windows_memory_contains_physical_and_commit_headroom ... ok
test (windows-latest)	Run cargo test --all-features	2026-09-12T14:51:56.4316370Z test host_observation::windows_process::tests::live_process_inventory_contains_the_test_process ... ok
test (windows-latest)	Run cargo test --all-features	2026-09-12T14:51:56.4319978Z test host_observation::windows_utilization::tests::first_cpu_delta_is_warming_up ... ok
test (windows-latest)	Run cargo test --all-features	2026-09-12T14:51:56.4409765Z test identity::tests::exact_process_probe_distinguishes_match_reuse_and_exit ... ok
test (windows-latest)	Run cargo test --all-features	2026-09-12T14:51:56.4417175Z test machine::bridge::tests::bridge_preserves_multiple_correlations_and_eof_never_calls_cleanup ... ok
test (windows-latest)	Run cargo test --all-features	2026-09-12T14:51:56.4420585Z test machine::bridge::tests::bridge_rejects_versions_truncation_and_oversize_before_dispatch ... ok
test (windows-latest)	Run cargo test --all-features	2026-09-12T14:51:56.4427518Z test machine::manager::release::tests::delay_in_final_local_check_is_rechecked_before_os_release ... ok
test (windows-latest)	Run cargo test --all-features	2026-09-12T14:51:56.4431050Z test machine::manager::release::tests::local_send_age_detects_delay_suspend_and_clock_discontinuity ... ok
test (windows-latest)	Run cargo test --all-features	2026-09-12T14:51:56.4436419Z test machine::manager::release::tests::loss_of_readiness_after_commit_proves_no_release_without_replaying_consumption ... ok
test (windows-latest)	Run cargo test --all-features	2026-09-12T14:51:56.4443850Z test machine::manager::release::tests::retry_cannot_rejuvenate_a_delayed_ticket_and_cancel_fences_release ... ok
test (windows-latest)	Run cargo test --all-features	2026-09-12T14:51:56.4507622Z test machine::manager::release::tests::unused_after_commit_keeps_consumption_and_requires_exact_cleanup_before_sealing ... ok
test (windows-latest)	Run cargo test --all-features	2026-09-12T14:51:57.1615184Z test daemon::tests::wait_snapshot_includes_daemon_reconciliation_evidence ... ok
test (windows-latest)	Run cargo test --all-features	2026-09-12T14:51:57.2946412Z test machine::manager::tests::local_outbox_and_start_intent_survive_commit_gaps_without_relaunch ... ok
test (windows-latest)	Run cargo test --all-features	2026-09-12T14:51:57.7786846Z test machine::manager::tests::lost_ticket_then_coordinator_reset_and_epoch_rotation_recover_without_launch ... ok
test (windows-latest)	Run cargo test --all-features	2026-09-12T14:51:57.8677129Z test machine::tests::framing_rejects_oversize_before_reading_body_and_strictly_decodes ... ok
test (windows-latest)	Run cargo test --all-features	2026-09-12T14:51:57.8694566Z test machine::tests::operation_authentication_binds_session_sequence_identity_and_payload ... ok
test (windows-latest)	Run cargo test --all-features	2026-09-12T14:51:57.8714114Z test machine::tests::pairing_tag_binds_both_nonces_session_role_owner_and_versions ... ok
test (windows-latest)	Run cargo test --all-features	2026-09-12T14:51:57.8718135Z test machine::tests::request_rejects_version_hash_sequence_and_unknown_identity ... ok
test (windows-latest)	Run cargo test --all-features	2026-09-12T14:51:57.8721280Z test model::tests::durable_id_round_trip_carries_store_identity ... ok
test (windows-latest)	Run cargo test --all-features	2026-09-12T14:51:57.8724198Z test model::tests::unscoped_uuid_is_not_a_public_durable_id ... ok
test (windows-latest)	Run cargo test --all-features	2026-09-12T14:51:57.8732315Z test protocol::tests::daemon_resource_accounting_is_additive_with_an_explicit_legacy_absence ... ok
test (windows-latest)	Run cargo test --all-features	2026-09-12T14:51:57.8737490Z test protocol::tests::frame_round_trip ... ok
test (windows-latest)	Run cargo test --all-features	2026-09-12T14:51:57.8742088Z test protocol::tests::responses_are_additive_but_requests_remain_strict ... ok
test (windows-latest)	Run cargo test --all-features	2026-09-12T14:51:57.8746510Z test resources::tests::child_policy_vram_claim_names_are_canonicalized ... ok
test (windows-latest)	Run cargo test --all-features	2026-09-12T14:51:57.8751873Z test resources::tests::complete_scalar_lease_never_partially_fits ... ok
test (windows-latest)	Run cargo test --all-features	2026-09-12T14:51:57.8770440Z test resources::tests::different_missing_children_under_one_ancestor_do_not_alias ... ok
test (windows-latest)	Run cargo test --all-features	2026-09-12T14:51:57.8822195Z test resources::tests::existing_policy_root_replacement_does_not_inherit_object_authority ... ok
test (windows-latest)	Run cargo test --all-features	2026-09-12T14:51:57.8827512Z test resources::tests::granted_debit_overflow_blocks_instead_of_wrapping_capacity ... ok
test (windows-latest)	Run cargo test --all-features	2026-09-12T14:51:57.8833572Z test resources::tests::impact_rules_are_symmetric_self_compatibility_is_explicit_and_ancestors_block ... ok
test (windows-latest)	Run cargo test --all-features	2026-09-12T14:51:57.8839268Z test resources::tests::managed_wait_checks_only_components_retained_by_ancestors ... ok
test (windows-latest)	Run cargo test --all-features	2026-09-12T14:51:57.8876790Z test resources::tests::missing_policy_root_retains_component_authority_after_creation ... ok
test (windows-latest)	Run cargo test --all-features	2026-09-12T14:51:57.8881532Z test resources::tests::observed_headroom_is_checked_and_excludes_only_the_supplied_debit ... ok
test (windows-latest)	Run cargo test --all-features	2026-09-12T14:51:57.8887017Z test resources::tests::shared_fences_overlap_but_exclusive_conflicts ... ok
test (windows-latest)	Run cargo test --all-features	2026-09-12T14:51:59.1725600Z test machine::manager::tests::outbox_counts_utf8_bytes_and_reserves_room_for_acknowledgement ... ok
test (windows-latest)	Run cargo test --all-features	2026-09-12T14:52:00.1472132Z test runner::windows::tests::cancel_before_postcondition_release_never_runs_validator_code ... ok
test (windows-latest)	Run cargo test --all-features	2026-09-12T14:52:01.4337571Z test runner::windows::tests::attempt_timeout_covers_postconditions ... ok
test (windows-latest)	Run cargo test --all-features	2026-09-12T14:52:01.6664143Z stillyard runner for 01a0961a-9c30-7383-a16d-287f37f7cbb6~01a0961a-9ccb-7440-95f7-74409d4d252c failed: The operation completed successfully. (os error 0)
test (windows-latest)	Run cargo test --all-features	2026-09-12T14:52:01.7043601Z test runner::windows::tests::condition_resume_failure_clears_never_started_timestamps ... ok
test (windows-latest)	Run cargo test --all-features	2026-09-12T14:52:01.9748186Z stillyard runner for 01a0961a-9767-71c0-a7fa-a09f81a7f740~01a0961a-998f-7990-ba12-d56d10b5f809 failed: forced pre-start failure
test (windows-latest)	Run cargo test --all-features	2026-09-12T14:52:02.0614024Z test runner::windows::tests::clean_prestart_failure_keeps_condition_deadline_precedence ... ok
test (windows-latest)	Run cargo test --all-features	2026-09-12T14:52:02.0616667Z test runner::windows::tests::containment_registry_is_instance_owned_and_transfer_does_not_leak_ownership ... ok
test (windows-latest)	Run cargo test --all-features	2026-09-12T14:52:02.0618118Z test runner::windows::tests::descendant_sleeper ... ignored, launched only as a descendant containment probe
test (windows-latest)	Run cargo test --all-features	2026-09-12T14:52:02.0622738Z test runner::windows::tests::empty_owned_boundary_is_proven_and_notifies_reconciliation ... ok
test (windows-latest)	Run cargo test --all-features	2026-09-12T14:52:02.3369669Z test runner::windows::tests::contained_process_publishes_output_after_success ... ok
test (windows-latest)	Run cargo test --all-features	2026-09-12T14:52:02.5805773Z test runner::windows::tests::environment_block_has_exact_path_and_no_daemon_ambient_user_environment ... ok
test (windows-latest)	Run cargo test --all-features	2026-09-12T14:52:03.1183404Z stillyard runner for 01a0961a-a0de-7151-9d79-61d6898d9563~01a0961a-a25b-7481-8e56-e3ada8c57cfa failed: created image C:\Windows\System32\cmd.exe differs from requested executable C:\Windows\System32\cmd.exe
test (windows-latest)	Run cargo test --all-features	2026-09-12T14:52:03.1564202Z test runner::windows::tests::image_mismatch_with_unproven_cleanup_transfers_boundary_to_reconciler ... ok
test (windows-latest)	Run cargo test --all-features	2026-09-12T14:52:03.6438692Z test runner::windows::tests::plain_cancel_during_postcondition_remains_canceled ... ok
test (windows-latest)	Run cargo test --all-features	2026-09-12T14:52:03.9996172Z stillyard runner for 01a0961a-9fe8-7c92-89ce-60e71dd440db~01a0961a-a189-7861-b596-514314d0c25f failed: stopped suspended root did not exit within cleanup bound
test (windows-latest)	Run cargo test --all-features	2026-09-12T14:52:04.0827565Z test runner::windows::tests::first_terminal_cleanup_wait_failure_keeps_condition_deadline_outcome ... ok
test (windows-latest)	Run cargo test --all-features	2026-09-12T14:52:04.1203719Z test runner::windows::tests::plain_cancel_terminates_a_running_containment_and_suppresses_retry ... ok
test (windows-latest)	Run cargo test --all-features	2026-09-12T14:52:04.6160041Z stillyard runner for 01a0961a-a698-7c83-8e17-d96b163ceaa0~01a0961a-a82c-78a0-b92c-9cce8d818fdc failed: forced pre-start failure
test (windows-latest)	Run cargo test --all-features	2026-09-12T14:52:04.6979419Z test runner::windows::tests::post_create_pre_resume_failure_proves_empty_and_is_start_failed ... ok
test (windows-latest)	Run cargo test --all-features	2026-09-12T14:52:14.7478088Z test runner::windows::tests::postcondition_retry_runs_a_second_attempt_under_the_same_job ... FAILED
test (windows-latest)	Run cargo test --all-features	2026-09-12T14:52:15.1264502Z test runner::windows::tests::primary_tree_is_empty_before_postcondition_receives_immutable_result ... FAILED
test (windows-latest)	Run cargo test --all-features	2026-09-12T14:52:15.1269101Z test runner::windows::tests::released_user_code_runner_failure_is_interrupted_not_failed ... ok
test (windows-latest)	Run cargo test --all-features	2026-09-12T14:52:15.1273719Z test runner::windows::tests::retired_registration_is_negative_until_durable_state_catches_up ... ok
test (windows-latest)	Run cargo test --all-features	2026-09-12T14:52:15.1275324Z test runner::windows::tests::spawn_descendant_helper ... ignored, launched only as a managed root by timeout_kills_descendant_not_only_root
test (windows-latest)	Run cargo test --all-features	2026-09-12T14:52:16.1716764Z stillyard runner for 01a0961a-d1aa-7310-8039-a98aadb85c7f~01a0961a-d260-7273-a685-767111ded11a failed: staged stdin hash changed before launch
test (windows-latest)	Run cargo test --all-features	2026-09-12T14:52:16.2131835Z test runner::windows::tests::staged_stdin_changed_after_acceptance_fails_before_user_code ... ok
test (windows-latest)	Run cargo test --all-features	2026-09-12T14:52:16.3002350Z stillyard runner for 01a0961a-d02e-75f2-a791-e6b05485f450~01a0961a-d0ba-7021-9899-b62bd0a0b09d failed: The system cannot find the file specified. (os error 2)
test (windows-latest)	Run cargo test --all-features	2026-09-12T14:52:16.3655198Z test runner::windows::tests::quiet_resume_failure_after_durable_authorization_is_start_failed ... ok
test (windows-latest)	Run cargo test --all-features	2026-09-12T14:52:16.3656684Z test runner::windows::tests::stdin_echo_helper ... ignored, launched only as a managed staged-stdin probe
test (windows-latest)	Run cargo test --all-features	2026-09-12T14:52:17.9006173Z test runner::windows::tests::staged_stdin_handle_reaches_the_contained_process ... ok
test (windows-latest)	Run cargo test --all-features	2026-09-12T14:52:19.8086158Z test runner::windows::tests::timeout_kills_containment_and_releases_lease ... ok
test (windows-latest)	Run cargo test --all-features	2026-09-12T14:52:19.8088755Z test runner::windows::tests::windows_quoting_handles_spaces_quotes_and_trailing_slashes ... ok
test (windows-latest)	Run cargo test --all-features	2026-09-12T14:52:19.8490045Z test runtime_metrics::tests::polling_control_is_counted_and_event_notification_is_not_a_timer ... ok
test (windows-latest)	Run cargo test --all-features	2026-09-12T14:52:19.8495381Z test spec::tests::child_policy_unknown_fields_are_rejected_during_decode ... ok
test (windows-latest)	Run cargo test --all-features	2026-09-12T14:52:19.8499970Z test spec::tests::daemon_environment_presets_are_not_accepted ... ok
test (windows-latest)	Run cargo test --all-features	2026-09-12T14:52:19.8505143Z test spec::tests::host_deferral_bound_applies_only_to_jobs_that_request_quiet ... ok
test (windows-latest)	Run cargo test --all-features	2026-09-12T14:52:19.8510160Z test spec::tests::lifecycle_history_has_a_finite_snapshot_bound ... ok
test (windows-latest)	Run cargo test --all-features	2026-09-12T14:52:19.8513863Z test spec::tests::retry_verdicts_must_be_unique ... ok
test (windows-latest)	Run cargo test --all-features	2026-09-12T14:52:19.8768438Z test spec::tests::schema_is_stable_within_one_build ... ok
test (windows-latest)	Run cargo test --all-features	2026-09-12T14:52:19.8771811Z test spec::tests::supported_claim_and_impact_validate ... ok
test (windows-latest)	Run cargo test --all-features	2026-09-12T14:52:19.8776215Z test spec::tests::unknown_job_field_rejects ... ok
test (windows-latest)	Run cargo test --all-features	2026-09-12T14:52:19.8781369Z test spec::tests::version_four_rejects_duplicate_label_keys_and_invalid_policy_shapes ... ok
test (windows-latest)	Run cargo test --all-features	2026-09-12T14:52:19.9637376Z test store::attached::tests::attached_admission_persists_candidates_and_holds_lease_until_release_ack ... ok
test (windows-latest)	Run cargo test --all-features	2026-09-12T14:52:20.0117764Z test store::machine_allocation::inventory_tests::expired_candidate_history_does_not_exhaust_ready_budget_but_armed_still_counts ... ok
test (windows-latest)	Run cargo test --all-features	2026-09-12T14:52:20.6130841Z test store::machine_allocation::inventory_tests::inventory_pages_cover_large_unicode_records_without_exceeding_wire_bytes ... ok
test (windows-latest)	Run cargo test --all-features	2026-09-12T14:52:23.1614109Z test runner::windows::tests::timeout_kills_descendant_not_only_root ... ok
test (windows-latest)	Run cargo test --all-features	2026-09-12T14:52:23.1619318Z test store::observation::command_preview_tests::preview_is_bounded_single_line_and_identifies_the_command ... ok
test (windows-latest)	Run cargo test --all-features	2026-09-12T14:52:23.1632992Z test store::process_records::tests::typed_linux_identity_never_uses_filetime_and_cannot_be_replaced ... ok
test (windows-latest)	Run cargo test --all-features	2026-09-12T14:52:23.3994706Z test store::tests::admission_safety::cancel_that_wins_during_contaminated_cleanup_cannot_replan_or_release_code ... ok
test (windows-latest)	Run cargo test --all-features	2026-09-12T14:52:23.6706470Z test store::tests::admission_safety::clean_deferral_exhaustion_uses_the_job_retry_policy ... ok
test (windows-latest)	Run cargo test --all-features	2026-09-12T14:52:23.8689994Z test store::tests::admission_safety::condition_release_rechecks_observed_evidence_before_resume ... ok
test (windows-latest)	Run cargo test --all-features	2026-09-12T14:52:24.5525387Z test store::tests::admission_safety::condition_scan_time_ages_host_evidence_before_observed_grant ... ok
test (windows-latest)	Run cargo test --all-features	2026-09-12T14:52:25.0637799Z test store::tests::admission_safety::condition_scan_time_ages_host_evidence_before_probe_grant ... ok
test (windows-latest)	Run cargo test --all-features	2026-09-12T14:52:25.3036417Z test store::tests::admission_safety::direct_observed_admission_remains_released_without_a_final_barrier ... ok
test (windows-latest)	Run cargo test --all-features	2026-09-12T14:52:25.5066397Z test store::tests::admission_safety::final_observed_ram_check_excludes_only_its_own_granted_lease ... ok
test (windows-latest)	Run cargo test --all-features	2026-09-12T14:52:25.7381929Z test store::tests::admission_safety::incompatible_impact_consumes_the_admission_wall_clock_and_fails_finitely ... ok
test (windows-latest)	Run cargo test --all-features	2026-09-12T14:52:25.9619156Z test store::tests::admission_safety::missing_observation_pauses_quiet_budget_and_rebuilds_stability ... ok
test (windows-latest)	Run cargo test --all-features	2026-09-12T14:52:27.2232700Z test store::tests::admission_safety::observed_condition_runtime_timeout_starts_at_release ... ok
test (windows-latest)	Run cargo test --all-features	2026-09-12T14:52:27.4439875Z test store::tests::admission_safety::quiet_only_deferral_exhaustion_still_uses_the_job_retry_policy ... ok
test (windows-latest)	Run cargo test --all-features	2026-09-12T14:52:27.7247882Z test store::tests::admission_safety::quiet_stability_resets_on_sample_gap_and_observation_generation_change ... ok
test (windows-latest)	Run cargo test --all-features	2026-09-12T14:52:28.2583703Z test store::tests::admission_safety::quiet_wait_holds_no_lease_and_final_recheck_reuses_the_attempt_without_running_code ... ok
test (windows-latest)	Run cargo test --all-features	2026-09-12T14:52:28.5456967Z test store::tests::admission_safety::restart_preserves_admitting_attempt_budget_resets_stability_and_allows_cancel ... ok
test (windows-latest)	Run cargo test --all-features	2026-09-12T14:52:28.7407795Z test store::tests::admission_safety::restart_refuses_gpu_placement_change_for_a_retained_job ... ok
test (windows-latest)	Run cargo test --all-features	2026-09-12T14:52:28.9430650Z test store::tests::admission_safety::restart_refuses_host_policy_that_invalidates_a_retained_job ... ok
test (windows-latest)	Run cargo test --all-features	2026-09-12T14:52:29.1641494Z test store::tests::admission_safety::sidecar_gpu_and_vram_claims_fail_closed_then_preserve_grant_provenance ... ok
test (windows-latest)	Run cargo test --all-features	2026-09-12T14:52:29.3546378Z test store::tests::admission_safety::stale_memory_and_low_commit_headroom_never_create_a_lease_or_invocation ... ok
test (windows-latest)	Run cargo test --all-features	2026-09-12T14:52:29.6170745Z test store::tests::admission_safety::starting_strict_job_keeps_sampler_demand_until_release ... ok
test (windows-latest)	Run cargo test --all-features	2026-09-12T14:52:29.8981913Z test store::tests::admission_safety::static_contention_pauses_quiet_budget_and_rebuilds_stability ... ok
test (windows-latest)	Run cargo test --all-features	2026-09-12T14:52:30.1184647Z test store::tests::admission_safety::uncertain_pre_release_cleanup_is_final_and_retains_the_lease ... ok
test (windows-latest)	Run cargo test --all-features	2026-09-12T14:52:30.6097435Z test store::tests::admission_safety::uncertain_pre_release_cleanup_preserves_condition_deadline_outcome ... ok
test (windows-latest)	Run cargo test --all-features	2026-09-12T14:52:30.8277515Z test store::tests::admission_safety::uncertain_pre_release_cleanup_preserves_explicit_cancellation ... ok
test (windows-latest)	Run cargo test --all-features	2026-09-12T14:52:31.1324781Z test store::tests::attempt_lifecycle::expired_blocked_retry_does_not_spin_and_backoff_cancel_is_terminal ... ok
test (windows-latest)	Run cargo test --all-features	2026-09-12T14:52:31.3510473Z test store::tests::attempt_lifecycle::impact_rules_block_admission_and_ancestor_waits_symmetrically ... ok
test (windows-latest)	Run cargo test --all-features	2026-09-12T14:52:31.5786873Z test store::tests::attempt_lifecycle::plain_cancel_covers_queued_active_and_backoff_without_successors ... ok
test (windows-latest)	Run cargo test --all-features	2026-09-12T14:52:31.8633449Z test store::tests::attempt_lifecycle::postcondition_release_requires_immutable_empty_primary_result_and_granted_lease ... ok
test (windows-latest)	Run cargo test --all-features	2026-09-12T14:52:32.1141662Z test store::tests::attempt_lifecycle::postcondition_retry_keeps_one_job_and_exposes_ordered_attempts ... ok
test (windows-latest)	Run cargo test --all-features	2026-09-12T14:52:32.3648809Z test store::tests::attempt_lifecycle::receipt_preserves_accepting_generation_across_daemon_restart ... ok
test (windows-latest)	Run cargo test --all-features	2026-09-12T14:52:32.5476217Z test store::tests::attempt_lifecycle::root_exit_is_visible_before_containment_resolution ... ok
test (windows-latest)	Run cargo test --all-features	2026-09-12T14:52:32.5755023Z test store::tests::attempt_lifecycle::snapshot_diagnostic_budget_keeps_newest_utf8_suffixes ... ok
test (windows-latest)	Run cargo test --all-features	2026-09-12T14:52:32.7361936Z test store::tests::attempt_lifecycle::worker_start_failure_preserves_an_active_cancel_and_suppresses_retry ... ok
test (windows-latest)	Run cargo test --all-features	2026-09-12T14:52:33.2465010Z test store::tests::conditions::already_stale_refresh_blocks_once_then_yields_instead_of_replanning ... ok
test (windows-latest)	Run cargo test --all-features	2026-09-12T14:52:33.4927033Z test store::tests::conditions::cancel_waits_for_live_probe_boundary_before_publishing_final ... ok
test (windows-latest)	Run cargo test --all-features	2026-09-12T14:52:34.8129428Z test store::tests::conditions::condition_release_is_publicly_released_while_running_and_after_success ... ok
test (windows-latest)	Run cargo test --all-features	2026-09-12T14:52:37.5448962Z test store::tests::conditions::deadline_crossing_during_scan_wins_over_impossible_dependency ... ok
test (windows-latest)	Run cargo test --all-features	2026-09-12T14:52:38.0845192Z test store::tests::conditions::deadline_is_enforced_before_retry_backoff_and_dependency_filters ... ok
test (windows-latest)	Run cargo test --all-features	2026-09-12T14:52:38.7321711Z test store::tests::conditions::deadline_that_wins_during_a_probe_remains_terminal_after_probe_cleanup ... ok
test (windows-latest)	Run cargo test --all-features	2026-09-12T14:52:38.8342371Z test store::machine_events::tests::event_retention_bounds_rows_and_bytes_without_touching_grant_history ... ok
test (windows-latest)	Run cargo test --all-features	2026-09-12T14:52:39.3645777Z test store::tests::conditions::eta_is_unknown_for_external_predicates_and_lower_bound_for_not_before ... ok
test (windows-latest)	Run cargo test --all-features	2026-09-12T14:52:39.9299717Z test store::tests::conditions::due_deadline_wins_over_cancel_before_and_during_probe_cleanup ... ok
test (windows-latest)	Run cargo test --all-features	2026-09-12T14:52:39.9884001Z test store::tests::conditions::expired_monotonic_evidence_does_not_create_a_zero_delay_retry_spin ... ok
test (windows-latest)	Run cargo test --all-features	2026-09-12T14:52:40.6389355Z test store::tests::conditions::failed_deadline_latch_survives_refresh_until_probe_cleanup ... ok
test (windows-latest)	Run cargo test --all-features	2026-09-12T14:52:40.7403099Z test store::tests::conditions::first_pre_release_deferral_replans_the_same_attempt_and_preserves_budget ... ok
test (windows-latest)	Run cargo test --all-features	2026-09-12T14:52:41.2916521Z test store::tests::conditions::freshness_that_expires_during_a_long_pass_yields_before_rescan ... ok
test (windows-latest)	Run cargo test --all-features	2026-09-12T14:52:41.8138821Z test store::tests::conditions::monotonic_expiry_forces_rescan_despite_a_future_wall_freshness_and_history_is_bounded ... ok
test (windows-latest)	Run cargo test --all-features	2026-09-12T14:52:41.8359801Z test store::tests::conditions::monotonic_expiry_yields_despite_a_future_wall_deadline ... ok
test (windows-latest)	Run cargo test --all-features	2026-09-12T14:52:42.4603294Z test store::tests::conditions::path_absent_waits_for_authoritative_absence ... ok
test (windows-latest)	Run cargo test --all-features	2026-09-12T14:52:42.4605702Z test store::tests::conditions::path_transition_is_anchored_at_acceptance_and_rescanned_before_lease ... ok
test (windows-latest)	Run cargo test --all-features	2026-09-12T14:52:43.1145092Z test store::tests::conditions::post_commit_freshness_expiry_replans_the_never_resumed_attempt ... ok
test (windows-latest)	Run cargo test --all-features	2026-09-12T14:52:43.7663467Z test store::tests::conditions::postcondition_does_not_inherit_primary_conditions_after_release ... ok
test (windows-latest)	Run cargo test --all-features	2026-09-12T14:52:44.2965461Z test store::tests::conditions::post_commit_cancel_and_deadline_are_ordered_before_primary_resume ... ok
test (windows-latest)	Run cargo test --all-features	2026-09-12T14:52:44.4611025Z test store::tests::conditions::postcondition_start_failure_preserves_primary_start_and_ignores_condition_deadline ... ok
test (windows-latest)	Run cargo test --all-features	2026-09-12T14:52:45.2641219Z test store::tests::conditions::pre_release_path_change_replans_same_attempt_then_exhausts_as_readiness_unstable ... ok
test (windows-latest)	Run cargo test --all-features	2026-09-12T14:52:45.7209788Z test store::tests::conditions::pre_release_cancellation_is_never_projected_as_released ... ok
test (windows-latest)	Run cargo test --all-features	2026-09-12T14:52:45.8225144Z test store::tests::conditions::prepared_probe_start_failure_atomically_releases_its_lease_and_requeues ... ok
test (windows-latest)	Run cargo test --all-features	2026-09-12T14:52:46.4031124Z test store::tests::conditions::probe_uses_its_own_lease_and_releases_it_before_primary_work ... ok
test (windows-latest)	Run cargo test --all-features	2026-09-12T14:52:47.2216657Z test store::tests::conditions::relative_deadline_is_durable_and_does_not_create_an_attempt ... ok
test (windows-latest)	Run cargo test --all-features	2026-09-12T14:52:48.5937421Z test authority::retirement::tests::pairing_budget_reserves_every_admitted_retirement_after_hold_and_session_growth ... ok
test (windows-latest)	Run cargo test --all-features	2026-09-12T14:52:49.5643520Z test store::tests::conditions::restart_invalidates_generation_local_path_evidence_and_rescans ... ok
test (windows-latest)	Run cargo test --all-features	2026-09-12T14:52:50.0884253Z test store::tests::conditions::restart_finalizes_cancel_and_deadline_after_probe_becomes_uncertain ... ok
test (windows-latest)	Run cargo test --all-features	2026-09-12T14:52:51.1852564Z test store::tests::conditions::restart_repairs_the_legacy_split_probe_settlement_window ... ok
test (windows-latest)	Run cargo test --all-features	2026-09-12T14:52:51.9892322Z test store::tests::conditions::restart_retains_only_the_unresolved_probe_claims_and_blocks_reprobe_until_clearance ... ok
test (windows-latest)	Run cargo test --all-features	2026-09-12T14:52:52.8480158Z test store::tests::conditions::terminal_intent_waits_for_every_live_probe_and_cancel_never_starts_another ... ok
test (windows-latest)	Run cargo test --all-features	2026-09-12T14:52:53.6216794Z test store::tests::conditions::worker_start_failure_keeps_condition_deadline_precedence ... ok
test (windows-latest)	Run cargo test --all-features	2026-09-12T14:52:54.4863311Z test store::tests::containment_safety::attempt_wide_predicate_waits_for_every_containment ... ok
test (windows-latest)	Run cargo test --all-features	2026-09-12T14:52:54.6914716Z test authority::tests::saturated_registry_still_journals_large_release_and_detects_missing_blob has been running for over 60 seconds
test (windows-latest)	Run cargo test --all-features	2026-09-12T14:52:55.2636818Z test store::tests::containment_safety::clearance_is_idempotent_and_audited_through_status ... ok
test (windows-latest)	Run cargo test --all-features	2026-09-12T14:52:55.2715370Z test store::tests::conditions::probe_history_is_pruned_after_its_pinning_events_leave_the_ring ... ok
test (windows-latest)	Run cargo test --all-features	2026-09-12T14:52:55.5763594Z test store::tests::conditions::restart_preserves_the_durable_pre_resume_terminal_latch ... ok
test (windows-latest)	Run cargo test --all-features	2026-09-12T14:52:55.9571953Z test store::tests::containment_safety::creating_and_started_records_capture_exact_identity ... ok
test (windows-latest)	Run cargo test --all-features	2026-09-12T14:52:56.2896888Z test store::tests::containment_safety::doctor_default_page_is_bounded_below_protocol_limit ... ok
test (windows-latest)	Run cargo test --all-features	2026-09-12T14:52:56.6376574Z test store::tests::containment_safety::doctor_incidents_are_frozen_across_pages ... ok
test (windows-latest)	Run cargo test --all-features	2026-09-12T14:52:56.8650534Z test store::tests::containment_safety::doctor_rejects_cursor_from_previous_daemon_generation ... ok
test (windows-latest)	Run cargo test --all-features	2026-09-12T14:52:56.9763256Z test store::tests::containment_safety::doctor_rejects_foreign_unknown_tampered_and_expired_cursors ... ok
test (windows-latest)	Run cargo test --all-features	2026-09-12T14:52:57.2367681Z test store::tests::containment_safety::doctor_reports_loaded_config_evidence ... ok
test (windows-latest)	Run cargo test --all-features	2026-09-12T14:52:57.7532144Z test store::tests::containment_safety::force_commit_rejects_a_changed_authorization_set ... ok
test (windows-latest)	Run cargo test --all-features	2026-09-12T14:52:58.3550185Z test store::tests::containment_safety::missing_host_capability_blocks_before_lease_grant ... ok
test (windows-latest)	Run cargo test --all-features	2026-09-12T14:52:58.3618973Z test store::tests::containment_safety::foreign_host_binding_resets_the_whole_store ... ok
test (windows-latest)	Run cargo test --all-features	2026-09-12T14:52:58.4010426Z test store::tests::containment_safety::typed_linux_root_roundtrips_all_containment_views_without_filetime_aliasing ... ok
test (windows-latest)	Run cargo test --all-features	2026-09-12T14:52:59.1554709Z test store::tests::containment_safety::unbound_pending_store_binds_without_reset ... ok
test (windows-latest)	Run cargo test --all-features	2026-09-12T14:52:59.6696191Z test store::tests::containment_safety::unbound_store_with_containment_is_replaced ... ok
test (windows-latest)	Run cargo test --all-features	2026-09-12T14:52:59.8879742Z test store::tests::input_submission::batch_is_atomic_and_dependencies_use_final_outcomes ... ok
test (windows-latest)	Run cargo test --all-features	2026-09-12T14:53:00.3146392Z test store::tests::input_submission::child_policy_resolution_failure_is_a_durable_typed_rejection ... ok
test (windows-latest)	Run cargo test --all-features	2026-09-12T14:53:00.6879592Z test store::tests::input_submission::complete_leases_serialize_conflicts_but_allow_orthogonal_work ... ok
test (windows-latest)	Run cargo test --all-features	2026-09-12T14:53:00.9987929Z test store::tests::input_submission::corrupt_staged_input_rejects_before_received ... ok
test (windows-latest)	Run cargo test --all-features	2026-09-12T14:53:01.4102448Z test store::tests::input_submission::daemon_status_reports_exact_durable_reservations ... ok
test (windows-latest)	Run cargo test --all-features	2026-09-12T14:53:01.6402449Z test store::tests::input_submission::dependency_outside_fifo_prefix_is_unknown ... ok
test (windows-latest)	Run cargo test --all-features	2026-09-12T14:53:02.0460102Z test store::tests::input_submission::explicit_environment_is_preserved_at_acceptance ... ok
test (windows-latest)	Run cargo test --all-features	2026-09-12T14:53:02.3801430Z test store::tests::input_submission::missing_path_fence_identity_survives_later_creation ... ok
test (windows-latest)	Run cargo test --all-features	2026-09-12T14:53:02.6722152Z test store::tests::input_submission::partial_batch_input_map_is_atomic ... ok
test (windows-latest)	Run cargo test --all-features	2026-09-12T14:53:03.0548870Z test store::tests::input_submission::receipt_reports_rank_blocker_and_honest_estimate ... ok
test (windows-latest)	Run cargo test --all-features	2026-09-12T14:53:03.3945961Z test store::tests::input_submission::received_batch_revalidates_staged_inputs_before_acceptance ... ok
test (windows-latest)	Run cargo test --all-features	2026-09-12T14:53:03.8202899Z test store::tests::input_submission::restart_collects_partial_upload_without_submission ... ok
test (windows-latest)	Run cargo test --all-features	2026-09-12T14:53:04.3039445Z test store::tests::input_submission::reverse_order_skip_closure_reaches_terminal_state ... ok
test (windows-latest)	Run cargo test --all-features	2026-09-12T14:53:04.3923275Z test store::tests::containment_safety::doctor_snapshot_stress_resists_parallel_incident_turnover ... ok
test (windows-latest)	Run cargo test --all-features	2026-09-12T14:53:04.6593990Z test store::tests::input_submission::sqlite_failure_rolls_back_every_batch_member ... ok
test (windows-latest)	Run cargo test --all-features	2026-09-12T14:53:05.1355007Z test store::tests::input_submission::staged_stdin_is_pre_received_immutable_and_idempotent ... ok
test (windows-latest)	Run cargo test --all-features	2026-09-12T14:53:05.4512524Z test store::tests::managed_submission::delegated_policy_is_intersected_across_the_full_ancestor_chain ... ok
test (windows-latest)	Run cargo test --all-features	2026-09-12T14:53:05.4681177Z test store::tests::managed_submission::child_policy_negative_axes_are_durable_contextual_and_create_no_work ... ok
test (windows-latest)	Run cargo test --all-features	2026-09-12T14:53:05.9796007Z test store::tests::managed_submission::managed_acceptance_rechecks_parent_and_disabled_primary_proves_only_absence ... ok
test (windows-latest)	Run cargo test --all-features	2026-09-12T14:53:06.2940524Z test store::tests::managed_submission::managed_batch_wait_rejects_atomically_when_one_member_conflicts ... ok
test (windows-latest)	Run cargo test --all-features	2026-09-12T14:53:06.3080027Z test store::tests::managed_submission::managed_batch_with_one_forbidden_priority_is_atomically_rejected ... ok
test (windows-latest)	Run cargo test --all-features	2026-09-12T14:53:06.7537219Z test store::tests::managed_submission::managed_combined_wait_rejects_ancestor_scalar_but_detached_submit_survives ... ok
test (windows-latest)	Run cargo test --all-features	2026-09-12T14:53:06.9741690Z test store::tests::managed_submission::managed_not_received_is_provable_only_for_the_live_current_parent ... ok
test (windows-latest)	Run cargo test --all-features	2026-09-12T14:53:07.0351942Z test store::tests::managed_submission::managed_exact_replay_is_idempotent_and_commits_parentage ... ok
test (windows-latest)	Run cargo test --all-features	2026-09-12T14:53:07.5955191Z test store::tests::managed_submission::managed_policy_applies_claim_impact_and_fence_limits_to_probes ... ok
test (windows-latest)	Run cargo test --all-features	2026-09-12T14:53:07.9069137Z test store::tests::managed_submission::managed_wait_rejects_a_claim_that_exceeds_host_capacity ... ok
test (windows-latest)	Run cargo test --all-features	2026-09-12T14:53:07.9150185Z test store::tests::managed_submission::managed_wait_allows_orthogonal_child_and_checks_the_full_ancestor_chain ... ok
test (windows-latest)	Run cargo test --all-features	2026-09-12T14:53:09.2041158Z test store::tests::managed_submission::managed_wait_walks_unfinished_predecessors_and_rejects_self_or_foreign_targets ... ok
test (windows-latest)	Run cargo test --all-features	2026-09-12T14:53:09.6285069Z test store::tests::managed_submission::neutral_only_parent_does_not_inherit_priority_and_rejects_escalation_durably ... ok
test (windows-latest)	Run cargo test --all-features	2026-09-12T14:53:09.7385585Z test store::tests::managed_submission::non_primary_transport_identity_does_not_confer_child_authority ... ok
test (windows-latest)	Run cargo test --all-features	2026-09-12T14:53:10.2643502Z test store::tests::managed_submission::policy_invalid_batch_names_the_member_and_is_atomic ... ok
test (windows-latest)	Run cargo test --all-features	2026-09-12T14:53:10.6726380Z test store::tests::managed_submission::received_wait_intent_survives_resume_and_cannot_accept_an_unsafe_child ... ok
test (windows-latest)	Run cargo test --all-features	2026-09-12T14:53:11.0821657Z test store::tests::managed_submission::restart_rejects_managed_received_work_from_the_previous_daemon_generation ... ok
test (windows-latest)	Run cargo test --all-features	2026-09-12T14:53:11.1617560Z test store::tests::managed_submission::vram_policy_claims_compare_and_persist_in_canonical_form ... ok
test (windows-latest)	Run cargo test --all-features	2026-09-12T14:53:11.8170797Z test store::tests::observation::invocation_event_identity_is_atomic_and_required ... ok
test (windows-latest)	Run cargo test --all-features	2026-09-12T14:53:11.8834505Z test store::tests::observation::lifecycle_and_cancellation_transitions_emit_named_events ... ok
test (windows-latest)	Run cargo test --all-features	2026-09-12T14:53:12.3635374Z test store::tests::observation::list_cursor_is_stable_and_store_scoped ... ok
test (windows-latest)	Run cargo test --all-features	2026-09-12T14:53:12.3716787Z test store::tests::observation::list_events_and_cursor_are_one_public_observation_path ... ok
test (windows-latest)	Run cargo test --all-features	2026-09-12T14:53:13.6047240Z test store::tests::priority_reservations::blocked_and_impossible_high_priority_jobs_do_not_head_of_line_block ... ok
test (windows-latest)	Run cargo test --all-features	2026-09-12T14:53:13.7496395Z test store::tests::observation::event_ring_reports_gap_and_resynchronizes ... ok
test (windows-latest)	Run cargo test --all-features	2026-09-12T14:53:14.2776934Z test store::tests::priority_reservations::priority_is_bounded_neutral_immutable_and_hashed_per_batch_member ... ok
test (windows-latest)	Run cargo test --all-features	2026-09-12T14:53:14.5570631Z test store::tests::priority_reservations::effective_priority_ages_monotonically_and_orders_by_original_acceptance ... ok
test (windows-latest)	Run cargo test --all-features	2026-09-12T14:53:14.9699758Z test store::tests::priority_reservations::reservation_deadline_survives_restart_expiry_yields_and_cancellation_cleans_up ... ok
test (windows-latest)	Run cargo test --all-features	2026-09-12T14:53:15.1468827Z test store::tests::priority_reservations::reservations_are_full_vector_bounded_observable_and_protect_only_claimed_scalars ... ok
test (windows-latest)	Run cargo test --all-features	2026-09-12T14:53:16.0664892Z test store::tests::priority_reservations::retry_and_restart_preserve_acceptance_and_aging_history ... ok
test (windows-latest)	Run cargo test --all-features	2026-09-12T14:53:17.0674704Z test store::tests::priority_reservations::restart_capacity_shrink_keeps_only_the_scheduler_ordered_reservation_prefix ... ok
test (windows-latest)	Run cargo test --all-features	2026-09-12T14:53:17.2388459Z test store::tests::priority_reservations::reservations_sum_to_capacity_and_non_scalar_changes_release_them ... ok
test (windows-latest)	Run cargo test --all-features	2026-09-12T14:53:17.3220718Z test store::tests::store_recovery::corrupt_or_empty_database_is_replaced_with_current_schema ... ok
test (windows-latest)	Run cargo test --all-features	2026-09-12T14:53:17.9181791Z test store::tests::store_recovery::current_schema_reopens_without_changing_store_identity ... ok
test (windows-latest)	Run cargo test --all-features	2026-09-12T14:53:18.3117673Z test store::tests::store_recovery::corruption_discovered_during_recovery_resets_once ... ok
test (windows-latest)	Run cargo test --all-features	2026-09-12T14:53:18.6901396Z test store::tests::store_recovery::diagnostic_tail_io_failure_cannot_block_invocation_resolution ... ok
test (windows-latest)	Run cargo test --all-features	2026-09-12T14:53:18.9822709Z test store::tests::store_recovery::duplicate_key_returns_one_job ... ok
test (windows-latest)	Run cargo test --all-features	2026-09-12T14:53:19.1618892Z test store::tests::store_recovery::damaged_schema_and_identity_each_reset_the_whole_database ... ok
test (windows-latest)	Run cargo test --all-features	2026-09-12T14:53:19.1621731Z test store::tests::store_recovery::only_corruption_errors_authorize_destructive_reset ... ok
test (windows-latest)	Run cargo test --all-features	2026-09-12T14:53:19.6802833Z test store::tests::store_recovery::logs_publish_only_flushed_committed_prefix ... ok
test (windows-latest)	Run cargo test --all-features	2026-09-12T14:53:19.8028823Z test store::tests::store_recovery::recovery_never_creates_work_and_distinguishes_conflict ... ok
test (windows-latest)	Run cargo test --all-features	2026-09-12T14:53:19.9839552Z test store::tests::store_recovery::foreign_store_id_rejects_even_if_entity_uuid_collides ... ok
test (windows-latest)	Run cargo test --all-features	2026-09-12T14:53:20.3474580Z test store::tests::store_recovery::rejected_idempotency_decision_replays_as_rejected ... ok
test (windows-latest)	Run cargo test --all-features	2026-09-12T14:53:21.8616931Z test store::tests::store_recovery::restart_after_empty_proof_before_primary_result_is_fail_closed ... ok
test (windows-latest)	Run cargo test --all-features	2026-09-12T14:53:22.1625767Z test store::tests::store_recovery::restart_after_resolved_postcondition_releases_empty_attempt_lease ... ok
test (windows-latest)	Run cargo test --all-features	2026-09-12T14:53:22.3040484Z test store::tests::store_recovery::restart_before_root_retains_boundary_until_reconciled ... ok
test (windows-latest)	Run cargo test --all-features	2026-09-12T14:53:22.8970783Z test store::tests::store_recovery::restart_during_prepared_postcondition_retains_attempt_lease ... ok
test (windows-latest)	Run cargo test --all-features	2026-09-12T14:53:23.0401967Z test store::tests::store_recovery::restart_interrupts_active_job_without_requeueing_it ... ok
test (windows-latest)	Run cargo test --all-features	2026-09-12T14:53:23.1928425Z test store::tests::store_recovery::restart_never_uses_pid_only_root_disappearance_as_proof ... ok
test (windows-latest)	Run cargo test --all-features	2026-09-12T14:53:23.4972953Z test store::tests::store_recovery::same_key_different_payload_conflicts ... ok
test (windows-latest)	Run cargo test --all-features	2026-09-12T14:53:24.0219750Z test store::tests::store_recovery::startup_resumes_durable_received_submission ... ok
test (windows-latest)	Run cargo test --all-features	2026-09-12T14:53:24.2572067Z test store::tests::store_recovery::uncertain_settlement_retains_lease_and_is_terminal ... ok
test (windows-latest)	Run cargo test --all-features	2026-09-12T14:53:24.2769736Z test store::tests::store_recovery::schema_epoch_mismatch_resets_database_and_preserves_other_files ... ok
test (windows-latest)	Run cargo test --all-features	2026-09-12T14:53:25.0480552Z test store::tests::tree::depth_cut_before_a_connector_keeps_an_inclusive_child_continuation ... ok
test (windows-latest)	Run cargo test --all-features	2026-09-12T14:53:25.2665637Z test store::tests::tree::filtered_tree_retains_only_connecting_ancestors_and_selector_bound_expansion ... ok
test (windows-latest)	Run cargo test --all-features	2026-09-12T14:53:26.7155881Z test store::tests::tree::orphan_is_explicit_and_a_parent_cycle_fails_closed ... ok
test (windows-latest)	Run cargo test --all-features	2026-09-12T14:53:27.2400454Z test store::tests::tree::root_cursor_survives_logs_but_fails_closed_when_attention_order_changes ... ok
test (windows-latest)	Run cargo test --all-features	2026-09-12T14:53:27.3519858Z test store::tests::tree::encoded_budget_truncates_with_a_root_continuation_and_makes_progress ... ok
test (windows-latest)	Run cargo test --all-features	2026-09-12T14:53:28.0321395Z test store::tests::tree::schema_rejects_a_noncanonical_tree_order_trigger ... ok
test (windows-latest)	Run cargo test --all-features	2026-09-12T14:53:29.6824430Z test store::tests::tree::schema_requires_tree_query_indexes ... ok
test (windows-latest)	Run cargo test --all-features	2026-09-12T14:53:30.2309500Z test store::tests::tree::row_sixteen_thousand_three_hundred_eighty_five_fails_before_classification ... ok
test (windows-latest)	Run cargo test --all-features	2026-09-12T14:53:30.6768994Z test store::tests::tree::tree_depth_cursor_and_for_job_preserve_the_complete_ancestor_path ... ok
test (windows-latest)	Run cargo test --all-features	2026-09-12T14:53:30.9675377Z test store::tests::tree::tree_observation_includes_future_descendants_and_wrong_store_gap_snapshot ... ok
test (windows-latest)	Run cargo test --all-features	2026-09-12T14:53:31.8182186Z test store::tests::tree::managed_ancestry_accepts_sixty_four_jobs_and_rejects_the_sixty_fifth ... ok
test (windows-latest)	Run cargo test --all-features	2026-09-12T14:53:38.1804994Z test authority::tests::saturated_registry_still_journals_large_release_and_detects_missing_blob ... ok
test (windows-latest)	Run cargo test --all-features	2026-09-12T14:53:38.1805870Z 
test (windows-latest)	Run cargo test --all-features	2026-09-12T14:53:38.1806191Z failures:
test (windows-latest)	Run cargo test --all-features	2026-09-12T14:53:38.1806613Z 
test (windows-latest)	Run cargo test --all-features	2026-09-12T14:53:38.1807381Z ---- runner::windows::tests::postcondition_retry_runs_a_second_attempt_under_the_same_job stdout ----
test (windows-latest)	Run cargo test --all-features	2026-09-12T14:53:38.1808431Z 
test (windows-latest)	Run cargo test --all-features	2026-09-12T14:53:38.1809345Z thread 'runner::windows::tests::postcondition_retry_runs_a_second_attempt_under_the_same_job' (2272) panicked at src\runner\windows.rs:1489:13:
test (windows-latest)	Run cargo test --all-features	2026-09-12T14:53:38.1810853Z assertion `left == right` failed
test (windows-latest)	Run cargo test --all-features	2026-09-12T14:53:38.1811653Z   left: Final
test (windows-latest)	Run cargo test --all-features	2026-09-12T14:53:38.1811974Z  right: Pending
test (windows-latest)	Run cargo test --all-features	2026-09-12T14:53:38.1812618Z note: run with `RUST_BACKTRACE=1` environment variable to display a backtrace
test (windows-latest)	Run cargo test --all-features	2026-09-12T14:53:38.1813162Z 
test (windows-latest)	Run cargo test --all-features	2026-09-12T14:53:38.1813692Z ---- runner::windows::tests::primary_tree_is_empty_before_postcondition_receives_immutable_result stdout ----
test (windows-latest)	Run cargo test --all-features	2026-09-12T14:53:38.1814407Z 
test (windows-latest)	Run cargo test --all-features	2026-09-12T14:53:38.1815199Z thread 'runner::windows::tests::primary_tree_is_empty_before_postcondition_receives_immutable_result' (4608) panicked at src\runner\windows.rs:1681:71:
test (windows-latest)	Run cargo test --all-features	2026-09-12T14:53:38.1816766Z called `Result::unwrap()` on an `Err` value: Os { code: 2, kind: NotFound, message: "The system cannot find the file specified." }
test (windows-latest)	Run cargo test --all-features	2026-09-12T14:53:38.1817481Z 
test (windows-latest)	Run cargo test --all-features	2026-09-12T14:53:38.1817489Z 
test (windows-latest)	Run cargo test --all-features	2026-09-12T14:53:38.1817577Z failures:
test (windows-latest)	Run cargo test --all-features	2026-09-12T14:53:38.1817975Z     runner::windows::tests::postcondition_retry_runs_a_second_attempt_under_the_same_job
test (windows-latest)	Run cargo test --all-features	2026-09-12T14:53:38.1818695Z     runner::windows::tests::primary_tree_is_empty_before_postcondition_receives_immutable_result
test (windows-latest)	Run cargo test --all-features	2026-09-12T14:53:38.1819144Z 
test (windows-latest)	Run cargo test --all-features	2026-09-12T14:53:38.1819463Z test result: FAILED. 297 passed; 2 failed; 4 ignored; 0 measured; 0 filtered out; finished in 103.70s
test (windows-latest)	Run cargo test --all-features	2026-09-12T14:53:38.1819906Z 
test (windows-latest)	Run cargo test --all-features	2026-09-12T14:53:38.1880556Z ^[[1m^[[91merror^[[0m: test failed, to rerun pass `--lib`
test (windows-latest)	Run cargo test --all-features	2026-09-12T14:53:38.3009119Z ##[error]Process completed with exit code 1.
