{
  "outcome": {
    "outcome": "final",
    "value": {
      "receipt": {
        "submission_id": "01a05f1f-858c-7880-8c15-d55875da9e6b~01a09609-aa81-7942-b13e-209498ad0797",
        "job_id": "01a05f1f-858c-7880-8c15-d55875da9e6b~01a09609-aa84-74c3-a982-9c8ed06a3682",
        "submission_state": "accepted",
        "job_state": "pending",
        "reason_code": null,
        "accepted_unix_millis": 1789223611012,
        "priority": 0,
        "effective_priority": 0,
        "blockers": [],
        "queue_rank": 1,
        "reservation": null,
        "conditions": [],
        "estimate": {
          "confidence": "estimated",
          "start_in_millis": 0,
          "assumptions": [
            "currently admissible"
          ]
        },
        "parent": null,
        "managed_policy_admission": null,
        "gpu_provenance": null,
        "admission": null,
        "daemon_generation": "01a08b65-9a4c-7111-ad59-a0825b917b7b"
      },
      "snapshot": {
        "job_id": "01a05f1f-858c-7880-8c15-d55875da9e6b~01a09609-aa84-74c3-a982-9c8ed06a3682",
        "submission_id": "01a05f1f-858c-7880-8c15-d55875da9e6b~01a09609-aa81-7942-b13e-209498ad0797",
        "batch_id": null,
        "batch_member": null,
        "state": "final",
        "outcome": "succeeded",
        "reason_code": null,
        "attempt_id": "01a05f1f-858c-7880-8c15-d55875da9e6b~01a09609-aa92-7d10-8850-c997831cdf55",
        "invocation_id": "01a05f1f-858c-7880-8c15-d55875da9e6b~01a09609-aa92-7d10-8850-c9abf132ef43",
        "containment_id": "01a05f1f-858c-7880-8c15-d55875da9e6b~01a09609-aa92-7d10-8850-c9b11c18774c",
        "root_exit_code": 0,
        "cancel_requested": false,
        "accepted_unix_millis": 1789223611012,
        "priority": 0,
        "effective_priority": null,
        "queue_rank": null,
        "reservation": null,
        "conditions": [],
        "started_unix_millis": 1789223611090,
        "finished_unix_millis": 1789223611216,
        "spec": {
          "spec_version": 4,
          "priority": 0,
          "executable": "C:\\Users\\User\\AppData\\Local\\Programs\\Python\\Python313\\python.exe",
          "args": [
            "-c",
            "import os,json;print(json.dumps({'job':os.environ['STILLYARD_JOB_ID'],'invocation':os.environ['STILLYARD_INVOCATION_ID'],'platform':os.name,'message':'Windows installed scheduler handoff'}))"
          ],
          "working_directory": "C:\\Development\\stillyard-handoff-20260912",
          "stdin": {
            "kind": "eof"
          },
          "environment": {
            "set": {
              "PATH": "C:\\Windows\\System32;C:\\Windows",
              "SystemRoot": "C:\\Windows",
              "USERPROFILE": "C:\\Users\\User"
            },
            "unset": []
          },
          "resources": {
            "cpu_units": null,
            "ram_mb": null,
            "cargo_slots": 1,
            "gpu_slots": null,
            "custom": {},
            "shared_fences": [],
            "exclusive_fences": [],
            "impacts": []
          },
          "observed": null,
          "conditions": [],
          "retry": {
            "max_attempts": 1,
            "backoff_seconds": 0,
            "retryable": []
          },
          "postconditions": [],
          "labels": [
            {
              "key": "project",
              "value": "stillyard"
            },
            {
              "key": "gate",
              "value": "mr3-handoff-native-smoke"
            }
          ],
          "expected_duration_seconds": null,
          "timeout_seconds": 30,
          "quiet": null,
          "artifacts": [],
          "child_submission_policy": null
        },
        "parent": null,
        "managed_policy_admission": null,
        "blockers": [],
        "attempts": [
          {
            "attempt_id": "01a05f1f-858c-7880-8c15-d55875da9e6b~01a09609-aa92-7d10-8850-c997831cdf55",
            "attempt_index": 1,
            "verdict": "succeeded",
            "reason_code": null,
            "created_unix_millis": 1789223611025,
            "started_unix_millis": 1789223611025,
            "deadline_unix_millis": 1789223641025,
            "finished_unix_millis": 1789223611216,
            "primary_result": {
              "schema_version": 1,
              "job_id": "01a05f1f-858c-7880-8c15-d55875da9e6b~01a09609-aa84-74c3-a982-9c8ed06a3682",
              "attempt_id": "01a05f1f-858c-7880-8c15-d55875da9e6b~01a09609-aa92-7d10-8850-c997831cdf55",
              "invocation_id": "01a05f1f-858c-7880-8c15-d55875da9e6b~01a09609-aa92-7d10-8850-c9abf132ef43",
              "verdict": "succeeded",
              "root_exit_code": 0,
              "termination": "exited",
              "containment": "empty",
              "started_unix_millis": 1789223611090,
              "exited_unix_millis": 1789223611204,
              "resolved_unix_millis": 1789223611208
            },
            "admission": null,
            "invocations": [
              {
                "invocation_id": "01a05f1f-858c-7880-8c15-d55875da9e6b~01a09609-aa92-7d10-8850-c9abf132ef43",
                "role": "primary",
                "role_index": 0,
                "state": "resolved",
                "root_pid": 61776,
                "root_identity": {
                  "platform": "windows",
                  "host_id": "sha256:c5771be90fd3fa7878770beb5691d14fd45d077de00c34493f5e8e22e04535a4",
                  "boot_id": "3472a414-3353-11f1-8eac-b29d069fdb29",
                  "pid": 61776,
                  "creation_filetime_100ns": 134336972110793040
                },
                "root_exit_code": 0,
                "exit_classification": null,
                "executable_hash": "85b71d8c6ec1905935f74be0c9869aae198d00e98f39df699ec66f9c5a84cecd",
                "daemon_generation": "01a08b65-9a4c-7111-ad59-a0825b917b7b",
                "started_unix_millis": 1789223611090,
                "finished_unix_millis": 1789223611208,
                "containment": {
                  "containment_id": "01a05f1f-858c-7880-8c15-d55875da9e6b~01a09609-aa92-7d10-8850-c9b11c18774c",
                  "state": "empty",
                  "strength": "windows_job_object",
                  "incident_id": null,
                  "incident": null,
                  "resolution": null,
                  "resolution_audit": null
                },
                "stdout_tail": "{\"job\": \"01a05f1f-858c-7880-8c15-d55875da9e6b~01a09609-aa84-74c3-a982-9c8ed06a3682\", \"invocation\": \"01a05f1f-858c-7880-8c15-d55875da9e6b~01a09609-aa92-7d10-8850-c9abf132ef43\", \"platform\": \"nt\", \"message\": \"Windows installed scheduler handoff\"}\r\n",
                "stderr_tail": ""
              }
            ]
          }
        ],
        "allocations": [
          {
            "grant_id": "01a05f1f-858c-7880-8c15-d55875da9e6b~01a09609-aa92-7d10-8850-c9c3ca09f35f",
            "lease_id": "01a09609-aa92-7d10-8850-c9c3ca09f35f",
            "key": {
              "machine_id": "01a08727-697d-7002-b4e5-c9ac495818f3",
              "authority_epoch": "01a086e8-b5b2-7eb2-9cbc-5c3aebad7b04",
              "domain_id": "01a08727-697d-7002-b4e5-c9c5feed5486",
              "manager_store_uuid": "01a05f1f-858c-7880-8c15-d55875da9e6b",
              "lease_id": "01a09609-aa92-7d10-8850-c9c3ca09f35f"
            },
            "owner": {
              "kind": "work",
              "job_id": "01a05f1f-858c-7880-8c15-d55875da9e6b~01a09609-aa84-74c3-a982-9c8ed06a3682",
              "attempt_id": "01a05f1f-858c-7880-8c15-d55875da9e6b~01a09609-aa92-7d10-8850-c997831cdf55"
            },
            "state": "released",
            "claims": {
              "scalars": {
                "cargo_slots": 1,
                "cpu_units": 0,
                "gpu_slots": 0,
                "ram_mb": 0
              },
              "shared_fences": [],
              "exclusive_fences": [],
              "impacts": []
            }
          }
        ],
        "gpu_provenance": null,
        "admission": null,
        "daemon_generation": "01a08b65-9a4c-7111-ad59-a0825b917b7b"
      }
    }
  },
  "exit_source": "scheduler",
  "exit_code": 0
}
