{
  "outcome": {
    "outcome": "accepted",
    "value": {
      "receipt": {
        "submission_id": "01a09695-f984-7190-b8c3-e8beeebf48a1~01a09696-47af-7470-9ef4-d9efe503f919",
        "job_id": "01a09695-f984-7190-b8c3-e8beeebf48a1~01a09696-47b0-7812-88f6-29713f9c45a0",
        "submission_state": "accepted",
        "job_state": "pending",
        "reason_code": null,
        "accepted_unix_millis": 1789232826288,
        "priority": 0,
        "effective_priority": 0,
        "blockers": [
          {
            "code": "condition_waiting",
            "detail": "{\"predicate\":{\"kind\":\"probe\",\"probe\":{\"executable\":\"/usr/bin/python3\",\"args\":[\"-c\",\"print('probe',flush=True)\"],\"working_directory\":\"/home/runner/work/stillyard/stillyard/native-evidence/native-processes-e381ab13ba634355850f915eac13c42b\",\"environment\":{\"set\":{},\"unset\":[]},\"resources\":{\"cpu_units\":null,\"ram_mb\":null,\"cargo_slots\":1,\"gpu_slots\":null,\"custom\":{},\"shared_fences\":[],\"exclusive_fences\":[],\"impacts\":[]},\"timeout_seconds\":5,\"interval_seconds\":1,\"accepted_exit_codes\":[0]}},\"deadline\":{\"kind\":\"relative\",\"seconds\":20},\"on_deadline\":\"failed\"}"
          }
        ],
        "queue_rank": 1,
        "reservation": null,
        "conditions": [
          {
            "condition_id": "01a09695-f984-7190-b8c3-e8beeebf48a1~01a09696-47b0-7812-88f6-298b1adca904",
            "condition_index": 0,
            "state": "waiting",
            "spec": {
              "predicate": {
                "kind": "probe",
                "probe": {
                  "executable": "/usr/bin/python3",
                  "args": [
                    "-c",
                    "print('probe',flush=True)"
                  ],
                  "working_directory": "/home/runner/work/stillyard/stillyard/native-evidence/native-processes-e381ab13ba634355850f915eac13c42b",
                  "environment": {
                    "set": {},
                    "unset": []
                  },
                  "resources": {
                    "cpu_units": null,
                    "ram_mb": null,
                    "cargo_slots": 1,
                    "gpu_slots": null,
                    "custom": {},
                    "shared_fences": [],
                    "exclusive_fences": [],
                    "impacts": []
                  },
                  "timeout_seconds": 5,
                  "interval_seconds": 1,
                  "accepted_exit_codes": [
                    0
                  ]
                }
              },
              "deadline": {
                "kind": "relative",
                "seconds": 20
              },
              "on_deadline": "failed"
            },
            "deadline_unix_millis": 1789232846288,
            "last_observation": null,
            "probe_invocation_id": null
          }
        ],
        "estimate": {
          "confidence": "unknown",
          "start_in_millis": null,
          "assumptions": [
            "filesystem transitions and executable probes have no honest completion ETA"
          ]
        },
        "parent": null,
        "managed_policy_admission": null,
        "gpu_provenance": null,
        "admission": null,
        "daemon_generation": "01a09695-f9be-7432-bf3f-725fe93b76db"
      },
      "snapshot": null
    }
  },
  "exit_source": "scheduler",
  "exit_code": 0
}
