{
  "submission_id": "01a05f1f-858c-7880-8c15-d55875da9e6b~01a086e9-45e2-76a3-b351-25f9f7323e21",
  "job_id": "01a05f1f-858c-7880-8c15-d55875da9e6b~01a086e9-45e4-7150-9396-beb9bf24cc89",
  "submission_state": "accepted",
  "job_state": "pending",
  "reason_code": null,
  "accepted_unix_millis": 1788969829860,
  "priority": 0,
  "effective_priority": 0,
  "blockers": [],
  "queue_rank": 1,
  "reservation": null,
  "conditions": [],
  "estimate": {
    "confidence": "estimated",
    "start_in_millis": 0,
    "assumptions": [
      "currently admissible"
    ]
  },
  "parent": null,
  "managed_policy_admission": null,
  "gpu_provenance": null,
  "admission": null,
  "daemon_generation": "01a086e8-b524-70b1-b563-4b2eb76ce274"
}
   Compiling proc-macro2 v1.0.107
   Compiling unicode-ident v1.0.24
   Compiling quote v1.0.47
   Compiling libc v0.2.189
    Checking cfg-if v1.0.4
   Compiling rustversion v1.0.23
   Compiling version_check v0.9.5
   Compiling serde_core v1.0.229
    Checking bitflags v2.13.1
   Compiling generic-array v0.14.7
    Checking smallvec v1.15.2
    Checking typenum v1.20.1
   Compiling parking_lot_core v0.9.12
    Checking allocator-api2 v0.2.21
   Compiling syn v3.0.4
   Compiling syn v2.0.119
    Checking errno v0.3.14
   Compiling heck v0.5.0
    Checking foldhash v0.1.5
   Compiling ident_case v1.0.1
   Compiling strsim v0.11.1
   Compiling shlex v2.0.1
   Compiling fnv v1.0.7
   Compiling getrandom v0.4.3
   Compiling find-msvc-tools v0.1.11
    Checking equivalent v1.0.2
   Compiling signal-hook v0.3.18
   Compiling cc v1.4.4
    Checking hashbrown v0.15.5
    Checking signal-hook-registry v1.4.8
   Compiling pkg-config v0.3.34
    Checking scopeguard v1.2.0
    Checking log v0.4.34
   Compiling zmij v1.0.23
   Compiling darling_core v0.20.11
    Checking itoa v1.0.18
   Compiling rustix v0.38.44
   Compiling vcpkg v0.2.15
    Checking utf8parse v0.2.2
    Checking anstyle-parse v1.0.0
    Checking mio v1.2.2
    Checking lock_api v0.4.14
   Compiling libsqlite3-sys v0.35.0
   Compiling paste v1.0.15
   Compiling serde v1.0.229
    Checking colorchoice v1.0.5
   Compiling instability v0.3.10
    Checking anstyle-query v1.1.5
    Checking anstyle v1.0.14
   Compiling ref-cast v1.0.27
   Compiling serde_json v1.0.151
    Checking either v1.18.0
    Checking linux-raw-sys v0.4.15
    Checking is_terminal_polyfill v1.70.2
    Checking anstream v1.0.0
    Checking itertools v0.13.0
    Checking signal-hook-mio v0.2.5
   Compiling darling_macro v0.20.11
   Compiling darling v0.20.11
    Checking parking_lot v0.12.5
   Compiling strum_macros v0.26.4
   Compiling ref-cast-impl v1.0.27
   Compiling serde_derive v1.0.229
   Compiling serde_derive_internals v0.30.0
    Checking block-buffer v0.10.4
    Checking crypto-common v0.1.7
    Checking castaway v0.2.4
    Checking unicode-width v0.1.14
    Checking clap_lex v1.1.0
    Checking ryu v1.0.23
   Compiling thiserror v2.0.20
    Checking memchr v2.8.3
   Compiling indoc v2.0.7
    Checking static_assertions v1.1.0
    Checking unicode-segmentation v1.13.3
    Checking option-ext v0.2.0
    Checking dirs-sys v0.5.0
    Checking unicode-truncate v1.1.0
    Checking compact_str v0.8.2
    Checking clap_builder v4.6.6
    Checking strum v0.26.3
    Checking digest v0.10.7
   Compiling schemars_derive v1.2.2
    Checking crossterm v0.28.1
    Checking uuid v1.26.0
   Compiling clap_derive v4.6.4
   Compiling thiserror-impl v2.0.20
    Checking hashlink v0.10.0
    Checking lru v0.12.5
   Compiling rustix v1.1.4
    Checking cpufeatures v0.2.17
    Checking cassowary v0.3.0
    Checking fallible-streaming-iterator v0.1.9
    Checking unicode-width v0.2.0
    Checking fallible-iterator v0.3.0
    Checking dyn-clone v1.0.20
    Checking schemars v1.2.2
    Checking ratatui v0.29.0
    Checking clap v4.6.6
    Checking sha2 v0.10.9
    Checking directories v6.0.0
    Checking fs2 v0.4.3
    Checking linux-raw-sys v0.12.1
    Checking once_cell v1.21.4
    Checking fastrand v2.5.0
    Checking rusqlite v0.37.0
    Checking stillyard v0.1.0-alpha.15 (/home/pythonic/Development/stillyard-mr0-baseline-alpha15-20260909)
    Checking tempfile v3.27.0
error[E0432]: unresolved imports `super::CpuUtilizationSampler`, `super::DiskUtilizationSampler`, `super::NvmlProvider`, `super::observation_clock`, `super::probe_memory`, `super::probe_processes`
  --> src/host_observation/service.rs:7:40
   |
 7 |     ComponentEvidence, ComponentValue, CpuUtilizationSampler, DiskUtilizationSampler, GpuEvidence,
   |                                        ^^^^^^^^^^^^^^^^^^^^^  ^^^^^^^^^^^^^^^^^^^^^^ no `DiskUtilizationSampler` in `host_observation`
   |                                        |
   |                                        no `CpuUtilizationSampler` in `host_observation`
 8 |     HostSample, NvmlProvider, ProcessEvidence, observation_clock, probe_memory, probe_processes,
   |                 ^^^^^^^^^^^^                   ^^^^^^^^^^^^^^^^^  ^^^^^^^^^^^^  ^^^^^^^^^^^^^^^ no `probe_processes` in `host_observation`
   |                 |                              |                  |
   |                 |                              |                  no `probe_memory` in `host_observation`
   |                 |                              no `observation_clock` in `host_observation`
   |                 no `NvmlProvider` in `host_observation`
   |
note: found an item that was configured out
  --> src/host_observation/mod.rs:29:38
   |
28 | #[cfg(windows)]
   |       ------- the item is gated here
29 | pub(crate) use windows_utilization::{CpuUtilizationSampler, observation_clock};
   |                                      ^^^^^^^^^^^^^^^^^^^^^
note: found an item that was configured out
  --> src/host_observation/mod.rs:21:30
   |
20 | #[cfg(windows)]
   |       ------- the item is gated here
21 | pub(crate) use windows_disk::DiskUtilizationSampler;
   |                              ^^^^^^^^^^^^^^^^^^^^^^
note: found an item that was configured out
  --> src/host_observation/mod.rs:25:30
   |
24 | #[cfg(windows)]
   |       ------- the item is gated here
25 | pub(crate) use windows_nvml::NvmlProvider;
   |                              ^^^^^^^^^^^^
note: found an item that was configured out
  --> src/host_observation/mod.rs:29:61
   |
28 | #[cfg(windows)]
   |       ------- the item is gated here
29 | pub(crate) use windows_utilization::{CpuUtilizationSampler, observation_clock};
   |                                                             ^^^^^^^^^^^^^^^^^
note: found an item that was configured out
  --> src/host_observation/mod.rs:23:32
   |
22 | #[cfg(windows)]
   |       ------- the item is gated here
23 | pub(crate) use windows_memory::probe_memory;
   |                                ^^^^^^^^^^^^
note: found an item that was configured out
  --> src/host_observation/mod.rs:27:33
   |
26 | #[cfg(windows)]
   |       ------- the item is gated here
27 | pub(crate) use windows_process::probe_processes;
   |                                 ^^^^^^^^^^^^^^^

error[E0425]: cannot find function `observation_clock` in module `crate::host_observation`
  --> src/store/condition.rs:26:38
   |
26 |             crate::host_observation::observation_clock().unwrap_or_else(|_| (now_millis(), 0));
   |                                      ^^^^^^^^^^^^^^^^^ not found in `crate::host_observation`
   |
note: found an item that was configured out
  --> src/host_observation/mod.rs:29:61
   |
28 | #[cfg(windows)]
   |       ------- the item is gated here
29 | pub(crate) use windows_utilization::{CpuUtilizationSampler, observation_clock};
   |                                                             ^^^^^^^^^^^^^^^^^

error[E0425]: cannot find function `observation_clock` in module `crate::host_observation`
   --> src/store/condition.rs:636:30
    |
636 |     crate::host_observation::observation_clock()
    |                              ^^^^^^^^^^^^^^^^^ not found in `crate::host_observation`
    |
note: found an item that was configured out
   --> src/host_observation/mod.rs:29:61
    |
 28 | #[cfg(windows)]
    |       ------- the item is gated here
 29 | pub(crate) use windows_utilization::{CpuUtilizationSampler, observation_clock};
    |                                                             ^^^^^^^^^^^^^^^^^

error[E0425]: cannot find function `observation_clock` in module `crate::host_observation`
    --> src/store/condition.rs:1364:55
     |
1364 |         let (_, monotonic) = crate::host_observation::observation_clock().unwrap_or((now, 0));
     |                                                       ^^^^^^^^^^^^^^^^^ not found in `crate::host_observation`
     |
note: found an item that was configured out
    --> src/host_observation/mod.rs:29:61
     |
  28 | #[cfg(windows)]
     |       ------- the item is gated here
  29 | pub(crate) use windows_utilization::{CpuUtilizationSampler, observation_clock};
     |                                                             ^^^^^^^^^^^^^^^^^

error[E0425]: cannot find function `observation_clock` in module `crate::host_observation`
   --> src/store/release.rs:187:66
    |
187 |             let release_monotonic_now = crate::host_observation::observation_clock()
    |                                                                  ^^^^^^^^^^^^^^^^^ not found in `crate::host_observation`
    |
note: found an item that was configured out
   --> src/host_observation/mod.rs:29:61
    |
 28 | #[cfg(windows)]
    |       ------- the item is gated here
 29 | pub(crate) use windows_utilization::{CpuUtilizationSampler, observation_clock};
    |                                                             ^^^^^^^^^^^^^^^^^

error[E0425]: cannot find function `observation_clock` in module `crate::host_observation`
   --> src/store/release.rs:397:54
    |
397 |         let monotonic_now = crate::host_observation::observation_clock()
    |                                                      ^^^^^^^^^^^^^^^^^ not found in `crate::host_observation`
    |
note: found an item that was configured out
   --> src/host_observation/mod.rs:29:61
    |
 28 | #[cfg(windows)]
    |       ------- the item is gated here
 29 | pub(crate) use windows_utilization::{CpuUtilizationSampler, observation_clock};
    |                                                             ^^^^^^^^^^^^^^^^^

error[E0425]: cannot find function `observation_clock` in module `crate::host_observation`
   --> src/store/schedule.rs:527:42
    |
527 |                 crate::host_observation::observation_clock()?;
    |                                          ^^^^^^^^^^^^^^^^^ not found in `crate::host_observation`
    |
note: found an item that was configured out
   --> src/host_observation/mod.rs:29:61
    |
 28 | #[cfg(windows)]
    |       ------- the item is gated here
 29 | pub(crate) use windows_utilization::{CpuUtilizationSampler, observation_clock};
    |                                                             ^^^^^^^^^^^^^^^^^

error[E0425]: cannot find function `observation_clock` in module `crate::host_observation`
    --> src/store/schedule.rs:1232:54
     |
1232 |         let monotonic_now = crate::host_observation::observation_clock()
     |                                                      ^^^^^^^^^^^^^^^^^ not found in `crate::host_observation`
     |
note: found an item that was configured out
    --> src/host_observation/mod.rs:29:61
     |
  28 | #[cfg(windows)]
     |       ------- the item is gated here
  29 | pub(crate) use windows_utilization::{CpuUtilizationSampler, observation_clock};
     |                                                             ^^^^^^^^^^^^^^^^^

warning: unused import: `MemoryEvidence`
  --> src/host_observation/mod.rs:16:65
   |
16 |     ComponentEvidence, ComponentValue, GpuEvidence, HostSample, MemoryEvidence, ProcessEvidence,
   |                                                                 ^^^^^^^^^^^^^^
   |
   = note: `#[warn(unused_imports)]` (part of `#[warn(unused)]`) on by default

error[E0425]: cannot find function `observation_clock` in module `crate::host_observation`
   --> src/store/tests/admission_safety.rs:399:34
    |
399 |         crate::host_observation::observation_clock().unwrap();
    |                                  ^^^^^^^^^^^^^^^^^ not found in `crate::host_observation`
    |
note: found an item that was configured out
   --> src/host_observation/mod.rs:29:61
    |
 28 | #[cfg(windows)]
    |       ------- the item is gated here
 29 | pub(crate) use windows_utilization::{CpuUtilizationSampler, observation_clock};
    |                                                             ^^^^^^^^^^^^^^^^^

error[E0425]: cannot find function `observation_clock` in this scope
  --> src/host_observation/mod.rs:42:59
   |
42 |             let (now_unix_millis, now_monotonic_millis) = observation_clock()?;
   |                                                           ^^^^^^^^^^^^^^^^^ not found in this scope

Some errors have detailed explanations: E0425, E0432.
For more information about an error, try `rustc --explain E0425`.
warning: `stillyard` (lib) generated 1 warning
error: could not compile `stillyard` (lib) due to 9 previous errors; 1 warning emitted
warning: build failed, waiting for other jobs to finish...
error: could not compile `stillyard` (lib test) due to 10 previous errors
{
  "job_id": "01a05f1f-858c-7880-8c15-d55875da9e6b~01a086e9-45e4-7150-9396-beb9bf24cc89",
  "submission_id": "01a05f1f-858c-7880-8c15-d55875da9e6b~01a086e9-45e2-76a3-b351-25f9f7323e21",
  "batch_id": null,
  "batch_member": null,
  "state": "final",
  "outcome": "failed",
  "reason_code": null,
  "attempt_id": "01a05f1f-858c-7880-8c15-d55875da9e6b~01a086e9-45e8-7f41-ad0b-1ff3672077bf",
  "invocation_id": "01a05f1f-858c-7880-8c15-d55875da9e6b~01a086e9-45e7-7bd2-bb30-8674d7343609",
  "containment_id": "01a05f1f-858c-7880-8c15-d55875da9e6b~01a086e9-45e7-7bd2-bb30-86853ecfa65a",
  "root_exit_code": 101,
  "cancel_requested": false,
  "accepted_unix_millis": 1788969829860,
  "priority": 0,
  "effective_priority": null,
  "queue_rank": null,
  "reservation": null,
  "conditions": [],
  "started_unix_millis": 1788969829877,
  "finished_unix_millis": 1788969846818,
  "spec": {
    "spec_version": 4,
    "priority": 0,
    "executable": "C:\\Users\\User\\AppData\\Local\\stillyard\\Stillyard\\bin\\stillyard.exe",
    "args": [
      "bootstrap",
      "run",
      "--spec",
      "C:\\Development\\stillyard-mr0-wsl-baseline-evidence-20260909\\wsl-check-701ea93a81f7493099dbcf4950fca865\\work.json"
    ],
    "working_directory": "C:\\Development\\stillyard-mr0-wsl-baseline-evidence-20260909\\wsl-check-701ea93a81f7493099dbcf4950fca865",
    "stdin": {
      "kind": "eof"
    },
    "environment": {
      "set": {},
      "unset": []
    },
    "resources": {
      "cpu_units": null,
      "ram_mb": null,
      "cargo_slots": 1,
      "gpu_slots": null,
      "custom": {},
      "shared_fences": [],
      "exclusive_fences": [],
      "impacts": [
        "cpu_heavy"
      ]
    },
    "observed": null,
    "conditions": [],
    "retry": {
      "max_attempts": 1,
      "backoff_seconds": 0,
      "retryable": []
    },
    "postconditions": [],
    "labels": [
      {
        "key": "project",
        "value": "stillyard"
      },
      {
        "key": "gate",
        "value": "wsl-bootstrap-check"
      },
      {
        "key": "source",
        "value": "657c21539fcabdb43285a6729a3357e3c4e916da04ac607fed9491fd187c8861"
      }
    ],
    "expected_duration_seconds": 180,
    "timeout_seconds": 1830,
    "quiet": null,
    "artifacts": [],
    "child_submission_policy": null
  },
  "parent": null,
  "managed_policy_admission": null,
  "blockers": [],
  "attempts": [
    {
      "attempt_id": "01a05f1f-858c-7880-8c15-d55875da9e6b~01a086e9-45e8-7f41-ad0b-1ff3672077bf",
      "attempt_index": 1,
      "verdict": "process_failed",
      "reason_code": null,
      "created_unix_millis": 1788969829863,
      "started_unix_millis": 1788969829863,
      "deadline_unix_millis": 1788971659863,
      "finished_unix_millis": 1788969846818,
      "primary_result": {
        "schema_version": 1,
        "job_id": "01a05f1f-858c-7880-8c15-d55875da9e6b~01a086e9-45e4-7150-9396-beb9bf24cc89",
        "attempt_id": "01a05f1f-858c-7880-8c15-d55875da9e6b~01a086e9-45e8-7f41-ad0b-1ff3672077bf",
        "invocation_id": "01a05f1f-858c-7880-8c15-d55875da9e6b~01a086e9-45e7-7bd2-bb30-8674d7343609",
        "verdict": "process_failed",
        "root_exit_code": 101,
        "termination": "exited",
        "containment": "empty",
        "started_unix_millis": 1788969829877,
        "exited_unix_millis": 1788969846808,
        "resolved_unix_millis": 1788969846815
      },
      "admission": null,
      "invocations": [
        {
          "invocation_id": "01a05f1f-858c-7880-8c15-d55875da9e6b~01a086e9-45e7-7bd2-bb30-8674d7343609",
          "role": "primary",
          "role_index": 0,
          "state": "resolved",
          "root_pid": 50364,
          "root_identity": {
            "platform": "windows",
            "host_id": "sha256:c5771be90fd3fa7878770beb5691d14fd45d077de00c34493f5e8e22e04535a4",
            "boot_id": "3472a414-3353-11f1-8eac-b29d069fdb29",
            "pid": 50364,
            "creation_filetime_100ns": 134334434298739949
          },
          "root_exit_code": 101,
          "exit_classification": null,
          "executable_hash": "868d089a7ae94445457b32b43e91a5d3c54e845535ec639fc9a8e4065c89c8e4",
          "daemon_generation": "01a086e8-b524-70b1-b563-4b2eb76ce274",
          "started_unix_millis": 1788969829877,
          "finished_unix_millis": 1788969846815,
          "containment": {
            "containment_id": "01a05f1f-858c-7880-8c15-d55875da9e6b~01a086e9-45e7-7bd2-bb30-86853ecfa65a",
            "state": "empty",
            "strength": "windows_job_object",
            "incident_id": null,
            "incident": null,
            "resolution": null,
            "resolution_audit": null
          },
          "stdout_tail": "",
          "stderr_tail": "   Compiling proc-macro2 v1.0.107\n   Compiling unicode-ident v1.0.24\n   Compiling quote v1.0.47\n   Compiling libc v0.2.189\n    Checking cfg-if v1.0.4\n   Compiling rustversion v1.0.23\n   Compiling version_check v0.9.5\n   Compiling serde_core v1.0.229\n    Checking bitflags v2.13.1\n   Compiling generic-array v0.14.7\n    Checking smallvec v1.15.2\n    Checking typenum v1.20.1\n   Compiling parking_lot_core v0.9.12\n    Checking allocator-api2 v0.2.21\n   Compiling syn v3.0.4\n   Compiling syn v2.0.119\n    Checking errno v0.3.14\n   Compiling heck v0.5.0\n    Checking foldhash v0.1.5\n   Compiling ident_case v1.0.1\n   Compiling strsim v0.11.1\n   Compiling shlex v2.0.1\n   Compiling fnv v1.0.7\n   Compiling getrandom v0.4.3\n   Compiling find-msvc-tools v0.1.11\n    Checking equivalent v1.0.2\n   Compiling signal-hook v0.3.18\n   Compiling cc v1.4.4\n    Checking hashbrown v0.15.5\n    Checking signal-hook-registry v1.4.8\n   Compiling pkg-config v0.3.34\n    Checking scopeguard v1.2.0\n    Checking log v0.4.34\n   Compiling zmij v1.0.23\n   Compiling darling_core v0.20.11\n    Checking itoa v1.0.18\n   Compiling rustix v0.38.44\n   Compiling vcpkg v0.2.15\n    Checking utf8parse v0.2.2\n    Checking anstyle-parse v1.0.0\n    Checking mio v1.2.2\n    Checking lock_api v0.4.14\n   Compiling libsqlite3-sys v0.35.0\n   Compiling paste v1.0.15\n   Compiling serde v1.0.229\n    Checking colorchoice v1.0.5\n   Compiling instability v0.3.10\n    Checking anstyle-query v1.1.5\n    Checking anstyle v1.0.14\n   Compiling ref-cast v1.0.27\n   Compiling serde_json v1.0.151\n    Checking either v1.18.0\n    Checking linux-raw-sys v0.4.15\n    Checking is_terminal_polyfill v1.70.2\n    Checking anstream v1.0.0\n    Checking itertools v0.13.0\n    Checking signal-hook-mio v0.2.5\n   Compiling darling_macro v0.20.11\n   Compiling darling v0.20.11\n    Checking parking_lot v0.12.5\n   Compiling strum_macros v0.26.4\n   Compiling ref-cast-impl v1.0.27\n   Compiling serde_derive v1.0.229\n   Compiling serde_derive_internals v0.30.0\n    Checking block-buffer v0.10.4\n    Checking crypto-common v0.1.7\n    Checking castaway v0.2.4\n    Checking unicode-width v0.1.14\n    Checking clap_lex v1.1.0\n    Checking ryu v1.0.23\n   Compiling thiserror v2.0.20\n    Checking memchr v2.8.3\n   Compiling indoc v2.0.7\n    Checking static_assertions v1.1.0\n    Checking unicode-segmentation v1.13.3\n    Checking option-ext v0.2.0\n    Checking dirs-sys v0.5.0\n    Checking unicode-truncate v1.1.0\n    Checking compact_str v0.8.2\n    Checking clap_builder v4.6.6\n    Checking strum v0.26.3\n    Checking digest v0.10.7\n   Compiling schemars_derive v1.2.2\n    Checking crossterm v0.28.1\n    Checking uuid v1.26.0\n   Compiling clap_derive v4.6.4\n   Compiling thiserror-impl v2.0.20\n    Checking hashlink v0.10.0\n    Checking lru v0.12.5\n   Compiling rustix v1.1.4\n    Checking cpufeatures v0.2.17\n    Checking cassowary v0.3.0\n    Checking fallible-streaming-iterator v0.1.9\n    Checking unicode-width v0.2.0\n    Checking fallible-iterator v0.3.0\n    Checking dyn-clone v1.0.20\n    Checking schemars v1.2.2\n    Checking ratatui v0.29.0\n    Checking clap v4.6.6\n    Checking sha2 v0.10.9\n    Checking directories v6.0.0\n    Checking fs2 v0.4.3\n    Checking linux-raw-sys v0.12.1\n    Checking once_cell v1.21.4\n    Checking fastrand v2.5.0\n    Checking rusqlite v0.37.0\n    Checking stillyard v0.1.0-alpha.15 (/home/pythonic/Development/stillyard-mr0-baseline-alpha15-20260909)\n    Checking tempfile v3.27.0\nerror[E0432]: unresolved imports `super::CpuUtilizationSampler`, `super::DiskUtilizationSampler`, `super::NvmlProvider`, `super::observation_clock`, `super::probe_memory`, `super::probe_processes`\n  --> src/host_observation/service.rs:7:40\n   |\n 7 |     ComponentEvidence, ComponentValue, CpuUtilizationSampler, DiskUtilizationSampler, GpuEvidence,\n   |                                        ^^^^^^^^^^^^^^^^^^^^^  ^^^^^^^^^^^^^^^^^^^^^^ no `DiskUtilizationSampler` in `host_observation`\n   |                                        |\n   |                                        no `CpuUtilizationSampler` in `host_observation`\n 8 |     HostSample, NvmlProvider, ProcessEvidence, observation_clock, probe_memory, probe_processes,\n   |                 ^^^^^^^^^^^^                   ^^^^^^^^^^^^^^^^^  ^^^^^^^^^^^^  ^^^^^^^^^^^^^^^ no `probe_processes` in `host_observation`\n   |                 |                              |                  |\n   |                 |                              |                  no `probe_memory` in `host_observation`\n   |                 |                              no `observation_clock` in `host_observation`\n   |                 no `NvmlProvider` in `host_observation`\n   |\nnote: found an item that was configured out\n  --> src/host_observation/mod.rs:29:38\n   |\n28 | #[cfg(windows)]\n   |       ------- the item is gated here\n29 | pub(crate) use windows_utilization::{CpuUtilizationSampler, observation_clock};\n   |                                      ^^^^^^^^^^^^^^^^^^^^^\nnote: found an item that was configured out\n  --> src/host_observation/mod.rs:21:30\n   |\n20 | #[cfg(windows)]\n   |       ------- the item is gated here\n21 | pub(crate) use windows_disk::DiskUtilizationSampler;\n   |                              ^^^^^^^^^^^^^^^^^^^^^^\nnote: found an item that was configured out\n  --> src/host_observation/mod.rs:25:30\n   |\n24 | #[cfg(windows)]\n   |       ------- the item is gated here\n25 | pub(crate) use windows_nvml::NvmlProvider;\n   |                              ^^^^^^^^^^^^\nnote: found an item that was configured out\n  --> src/host_observation/mod.rs:29:61\n   |\n28 | #[cfg(windows)]\n   |       ------- the item is gated here\n29 | pub(crate) use windows_utilization::{CpuUtilizationSampler, observation_clock};\n   |                                                             ^^^^^^^^^^^^^^^^^\nnote: found an item that was configured out\n  --> src/host_observation/mod.rs:23:32\n   |\n22 | #[cfg(windows)]\n   |       ------- the item is gated here\n23 | pub(crate) use windows_memory::probe_memory;\n   |                                ^^^^^^^^^^^^\nnote: found an item that was configured out\n  --> src/host_observation/mod.rs:27:33\n   |\n26 | #[cfg(windows)]\n   |       ------- the item is gated here\n27 | pub(crate) use windows_process::probe_processes;\n   |                                 ^^^^^^^^^^^^^^^\n\nerror[E0425]: cannot find function `observation_clock` in module `crate::host_observation`\n  --> src/store/condition.rs:26:38\n   |\n26 |             crate::host_observation::observation_clock().unwrap_or_else(|_| (now_millis(), 0));\n   |                                      ^^^^^^^^^^^^^^^^^ not found in `crate::host_observation`\n   |\nnote: found an item that was configured out\n  --> src/host_observation/mod.rs:29:61\n   |\n28 | #[cfg(windows)]\n   |       ------- the item is gated here\n29 | pub(crate) use windows_utilization::{CpuUtilizationSampler, observation_clock};\n   |                                                             ^^^^^^^^^^^^^^^^^\n\nerror[E0425]: cannot find function `observation_clock` in module `crate::host_observation`\n   --> src/store/condition.rs:636:30\n    |\n636 |     crate::host_observation::observation_clock()\n    |                              ^^^^^^^^^^^^^^^^^ not found in `crate::host_observation`\n    |\nnote: found an item that was configured out\n   --> src/host_observation/mod.rs:29:61\n    |\n 28 | #[cfg(windows)]\n    |       ------- the item is gated here\n 29 | pub(crate) use windows_utilization::{CpuUtilizationSampler, observation_clock};\n    |                                                             ^^^^^^^^^^^^^^^^^\n\nerror[E0425]: cannot find function `observation_clock` in module `crate::host_observation`\n    --> src/store/condition.rs:1364:55\n     |\n1364 |         let (_, monotonic) = crate::host_observation::observation_clock().unwrap_or((now, 0));\n     |                                                       ^^^^^^^^^^^^^^^^^ not found in `crate::host_observation`\n     |\nnote: found an item that was configured out\n    --> src/host_observation/mod.rs:29:61\n     |\n  28 | #[cfg(windows)]\n     |       ------- the item is gated here\n  29 | pub(crate) use windows_utilization::{CpuUtilizationSampler, observation_clock};\n     |                                                             ^^^^^^^^^^^^^^^^^\n\nerror[E0425]: cannot find function `observation_clock` in module `crate::host_observation`\n   --> src/store/release.rs:187:66\n    |\n187 |             let release_monotonic_now = crate::host_observation::observation_clock()\n    |                                                                  ^^^^^^^^^^^^^^^^^ not found in `crate::host_observation`\n    |\nnote: found an item that was configured out\n   --> src/host_observation/mod.rs:29:61\n    |\n 28 | #[cfg(windows)]\n    |       ------- the item is gated here\n 29 | pub(crate) use windows_utilization::{CpuUtilizationSampler, observation_clock};\n    |                                                             ^^^^^^^^^^^^^^^^^\n\nerror[E0425]: cannot find function `observation_clock` in module `crate::host_observation`\n   --> src/store/release.rs:397:54\n    |\n397 |         let monotonic_now = crate::host_observation::observation_clock()\n    |                                                      ^^^^^^^^^^^^^^^^^ not found in `crate::host_observation`\n    |\nnote: found an item that was configured out\n   --> src/host_observation/mod.rs:29:61\n    |\n 28 | #[cfg(windows)]\n    |       ------- the item is gated here\n 29 | pub(crate) use windows_utilization::{CpuUtilizationSampler, observation_clock};\n    |                                                             ^^^^^^^^^^^^^^^^^\n\nerror[E0425]: cannot find function `observation_clock` in module `crate::host_observation`\n   --> src/store/schedule.rs:527:42\n    |\n527 |                 crate::host_observation::observation_clock()?;\n    |                                          ^^^^^^^^^^^^^^^^^ not found in `crate::host_observation`\n    |\nnote: found an item that was configured out\n   --> src/host_observation/mod.rs:29:61\n    |\n 28 | #[cfg(windows)]\n    |       ------- the item is gated here\n 29 | pub(crate) use windows_utilization::{CpuUtilizationSampler, observation_clock};\n    |                                                             ^^^^^^^^^^^^^^^^^\n\nerror[E0425]: cannot find function `observation_clock` in module `crate::host_observation`\n    --> src/store/schedule.rs:1232:54\n     |\n1232 |         let monotonic_now = crate::host_observation::observation_clock()\n     |                                                      ^^^^^^^^^^^^^^^^^ not found in `crate::host_observation`\n     |\nnote: found an item that was configured out\n    --> src/host_observation/mod.rs:29:61\n     |\n  28 | #[cfg(windows)]\n     |       ------- the item is gated here\n  29 | pub(crate) use windows_utilization::{CpuUtilizationSampler, observation_clock};\n     |                                                             ^^^^^^^^^^^^^^^^^\n\nwarning: unused import: `MemoryEvidence`\n  --> src/host_observation/mod.rs:16:65\n   |\n16 |     ComponentEvidence, ComponentValue, GpuEvidence, HostSample, MemoryEvidence, ProcessEvidence,\n   |                                                                 ^^^^^^^^^^^^^^\n   |\n   = note: `#[warn(unused_imports)]` (part of `#[warn(unused)]`) on by default\n\nerror[E0425]: cannot find function `observation_clock` in module `crate::host_observation`\n   --> src/store/tests/admission_safety.rs:399:34\n    |\n399 |         crate::host_observation::observation_clock().unwrap();\n    |                                  ^^^^^^^^^^^^^^^^^ not found in `crate::host_observation`\n    |\nnote: found an item that was configured out\n   --> src/host_observation/mod.rs:29:61\n    |\n 28 | #[cfg(windows)]\n    |       ------- the item is gated here\n 29 | pub(crate) use windows_utilization::{CpuUtilizationSampler, observation_clock};\n    |                                                             ^^^^^^^^^^^^^^^^^\n\nerror[E0425]: cannot find function `observation_clock` in this scope\n  --> src/host_observation/mod.rs:42:59\n   |\n42 |             let (now_unix_millis, now_monotonic_millis) = observation_clock()?;\n   |                                                           ^^^^^^^^^^^^^^^^^ not found in this scope\n\nSome errors have detailed explanations: E0425, E0432.\nFor more information about an error, try `rustc --explain E0425`.\nwarning: `stillyard` (lib) generated 1 warning\nerror: could not compile `stillyard` (lib) due to 9 previous errors; 1 warning emitted\nwarning: build failed, waiting for other jobs to finish...\nerror: could not compile `stillyard` (lib test) due to 10 previous errors\n"
        }
      ]
    }
  ],
  "gpu_provenance": null,
  "admission": null,
  "daemon_generation": "01a086e8-b524-70b1-b563-4b2eb76ce274"
}
